customer-ready-release-gate revision=8383672d10b465e7adafb4c45939bc1b630f4aa3
startedAt=2026-09-09T08:31:21.613Z

[schema-setup] command=git clone --depth 1 --branch v1.62.47 https://github.com/Skatteetaten/skattemeldingen.git
Cloning into '/var/folders/xh/8bj3tmcx7gs4j0qxzkcf9rw00000gn/T/talli-customer-ready-gate-61QKpG/skattemeldingen'...
warning: refs/tags/v1.62.47 980e1eab4d0de1e6582adc4fde9be029d55c4694 is not a commit!
Note: switching to '7ac8c6a32238dd0d53e7ac01a6949bb3376f2bba'.

You are in 'detached HEAD' state. You can look around, make experimental
changes and commit them, and you can discard any commits you make in this
state without impacting any branches by switching back to a branch.

If you want to create a new branch to retain commits you create, you may
do so (now or later) by using -c with the switch command. Example:

  git switch -c <new-branch-name>

Or undo this operation with:

  git switch -

Turn off this advice by setting config variable advice.detachedHead to false
[schema-setup] exit=0
[schema-setup] durationMs=20124

[credential-scan] command=npm run test:credential-scan

> talli-repository@0.1.0 test:credential-scan
> node --test tests/committed_credentials.test.mjs && node scripts/check-committed-credentials.mjs

✔ the credential scanner scans its own clean repository without matching itself (360.206459ms)
✔ the credential scanner rejects a tracked source credential (265.198041ms)
ℹ tests 2
ℹ suites 0
ℹ pass 2
ℹ fail 0
ℹ cancelled 0
ℹ skipped 0
ℹ todo 0
ℹ duration_ms 726.441375
[credential-scan] exit=0
[credential-scan] durationMs=1318

[typecheck] command=npm run typecheck

> talli-repository@0.1.0 typecheck
> npm --prefix apps/web run typecheck


> talli-web@0.1.0 typecheck
> tsc --noEmit
[typecheck] exit=0
[typecheck] durationMs=4203

[architecture] command=npm run check:architecture

> talli-repository@0.1.0 check:architecture
> node scripts/check-architecture.mjs --write-evidence && git diff --exit-code -- architecture/dependency-evidence.json
architecture: compat-audit-persistence: future frozen scope resource table:audit_events is not owned by active or exited capability
architecture: compat-annual-compliance-persistence: future frozen scope resource table:filing_readiness_snapshots is not owned by active or exited capability
architecture: compat-audit-persistence: future frozen scope resource table:audit_events is not owned by active or exited capability
architecture: compat-audit-persistence: future frozen scope resource table:audit_events is not owned by active or exited capability
[architecture] exit=1
[architecture] durationMs=14848
