{
  "edges": [
    {
      "from": "backend-system:accounting-document-lifecycle",
      "imports": [
        "talli_backend.modules.documents.public"
      ],
      "kind": "workflow",
      "to": "backend:documents"
    },
    {
      "from": "backend-system:annual-accounts-filing-preparation",
      "imports": [
        "talli_backend.modules.annual_accounts_filing.public"
      ],
      "kind": "workflow",
      "to": "backend:annual_accounts_filing"
    },
    {
      "from": "backend-system:annual-accounts-filing-reads",
      "imports": [
        "talli_backend.modules.annual_accounts_filing.public"
      ],
      "kind": "workflow",
      "to": "backend:annual_accounts_filing"
    },
    {
      "from": "backend-system:annual-accounts-readiness-preview",
      "imports": [
        "talli_backend.modules.annual_accounts_filing.public"
      ],
      "kind": "workflow",
      "to": "backend:annual_accounts_filing"
    },
    {
      "from": "backend-system:annual-accounts-tt02-evidence-import",
      "imports": [
        "talli_backend.modules.annual_accounts_filing.public"
      ],
      "kind": "workflow",
      "to": "backend:annual_accounts_filing"
    },
    {
      "from": "backend-system:annual-agreement-cleanup",
      "imports": [
        "talli_backend.modules.billing.public"
      ],
      "kind": "workflow",
      "to": "backend:billing"
    },
    {
      "from": "backend-system:annual-billing-reads-and-cancellation",
      "imports": [
        "talli_backend.modules.billing.public"
      ],
      "kind": "workflow",
      "to": "backend:billing"
    },
    {
      "from": "backend-system:annual-billing-support",
      "imports": [
        "talli_backend.modules.billing.public"
      ],
      "kind": "workflow",
      "to": "backend:billing"
    },
    {
      "from": "backend-system:annual-provider-notification-intake",
      "imports": [
        "talli_backend.modules.billing.public"
      ],
      "kind": "workflow",
      "to": "backend:billing"
    },
    {
      "from": "backend-system:annual-refund-recovery",
      "imports": [
        "talli_backend.modules.billing.public"
      ],
      "kind": "workflow",
      "to": "backend:billing"
    },
    {
      "from": "backend-system:annual-support-agreement-cleanup-recovery",
      "imports": [
        "talli_backend.modules.billing.public"
      ],
      "kind": "workflow",
      "to": "backend:billing"
    },
    {
      "from": "backend-system:annual-support-refund-recovery",
      "imports": [
        "talli_backend.modules.billing.public"
      ],
      "kind": "workflow",
      "to": "backend:billing"
    },
    {
      "from": "backend-system:authority-connections-owner-lifecycle",
      "imports": [
        "talli_backend.modules.authority_connections.public"
      ],
      "kind": "workflow",
      "to": "backend:authority_connections"
    },
    {
      "from": "backend-system:authority-connections-owner-lifecycle",
      "imports": [
        "talli_backend.modules.company_access.public"
      ],
      "kind": "workflow",
      "to": "backend:company_access"
    },
    {
      "from": "backend-system:authority-connections-state",
      "imports": [
        "talli_backend.modules.authority_connections.public"
      ],
      "kind": "workflow",
      "to": "backend:authority_connections"
    },
    {
      "from": "backend-system:authority-connections-state",
      "imports": [
        "talli_backend.modules.billing.public"
      ],
      "kind": "workflow",
      "to": "backend:billing"
    },
    {
      "from": "backend-system:authority-operations",
      "imports": [
        "talli_backend.modules.authority_connections.public"
      ],
      "kind": "workflow",
      "to": "backend:authority_connections"
    },
    {
      "from": "backend-system:banking-reconciliation",
      "imports": [
        "talli_backend.modules.banking.public"
      ],
      "kind": "workflow",
      "to": "backend:banking"
    },
    {
      "from": "backend-system:billing-and-filing-entitlement",
      "imports": [
        "talli_backend.modules.billing.public"
      ],
      "kind": "workflow",
      "to": "backend:billing"
    },
    {
      "from": "backend-system:company-access-administration",
      "imports": [
        "talli_backend.modules.company_access.public"
      ],
      "kind": "workflow",
      "to": "backend:company_access"
    },
    {
      "from": "backend-system:company-access-context",
      "imports": [
        "talli_backend.modules.company_access.public"
      ],
      "kind": "workflow",
      "to": "backend:company_access"
    },
    {
      "from": "backend-system:company-access-onboarding-and-support",
      "imports": [
        "talli_backend.modules.company_access.public"
      ],
      "kind": "workflow",
      "to": "backend:company_access"
    },
    {
      "from": "backend-system:company-tax-assessment-previews",
      "imports": [
        "talli_backend.modules.company_tax_filing.public"
      ],
      "kind": "workflow",
      "to": "backend:company_tax_filing"
    },
    {
      "from": "backend-system:company-tax-filing-preparation",
      "imports": [
        "talli_backend.modules.company_tax_filing.public"
      ],
      "kind": "workflow",
      "to": "backend:company_tax_filing"
    },
    {
      "from": "backend-system:company-tax-filing-reads",
      "imports": [
        "talli_backend.modules.company_tax_filing.public"
      ],
      "kind": "workflow",
      "to": "backend:company_tax_filing"
    },
    {
      "from": "backend-system:company-tax-settlement",
      "imports": [
        "talli_backend.modules.banking.public"
      ],
      "kind": "workflow",
      "to": "backend:banking"
    },
    {
      "from": "backend-system:company-tax-settlement",
      "imports": [
        "talli_backend.modules.company_tax_filing.public"
      ],
      "kind": "workflow",
      "to": "backend:company_tax_filing"
    },
    {
      "from": "backend-system:company-tax-settlement",
      "imports": [
        "talli_backend.modules.documents.public"
      ],
      "kind": "workflow",
      "to": "backend:documents"
    },
    {
      "from": "backend-system:company-tax-settlement",
      "imports": [
        "talli_backend.modules.ledger.public"
      ],
      "kind": "workflow",
      "to": "backend:ledger"
    },
    {
      "from": "backend-system:company-tax-source-facts",
      "imports": [
        "talli_backend.modules.company_tax_filing.public"
      ],
      "kind": "workflow",
      "to": "backend:company_tax_filing"
    },
    {
      "from": "backend-system:company-tax-tt02-evidence-import",
      "imports": [
        "talli_backend.modules.audit.public"
      ],
      "kind": "workflow",
      "to": "backend:audit"
    },
    {
      "from": "backend-system:company-tax-tt02-evidence-import",
      "imports": [
        "talli_backend.modules.company_tax_filing.public"
      ],
      "kind": "workflow",
      "to": "backend:company_tax_filing"
    },
    {
      "from": "backend-system:company-year-eligibility-and-admission",
      "imports": [
        "talli_backend.modules.company_access.public"
      ],
      "kind": "workflow",
      "to": "backend:company_access"
    },
    {
      "from": "backend-system:corporate-governance",
      "imports": [
        "talli_backend.modules.banking.public"
      ],
      "kind": "workflow",
      "to": "backend:banking"
    },
    {
      "from": "backend-system:corporate-governance",
      "imports": [
        "talli_backend.modules.company_access.public"
      ],
      "kind": "workflow",
      "to": "backend:company_access"
    },
    {
      "from": "backend-system:corporate-governance",
      "imports": [
        "talli_backend.modules.corporate_governance.public"
      ],
      "kind": "workflow",
      "to": "backend:corporate_governance"
    },
    {
      "from": "backend-system:corporate-governance",
      "imports": [
        "talli_backend.modules.documents.public"
      ],
      "kind": "workflow",
      "to": "backend:documents"
    },
    {
      "from": "backend-system:corporate-governance",
      "imports": [
        "talli_backend.modules.ledger.public"
      ],
      "kind": "workflow",
      "to": "backend:ledger"
    },
    {
      "from": "backend-system:investment-activity",
      "imports": [
        "talli_backend.modules.banking.public"
      ],
      "kind": "workflow",
      "to": "backend:banking"
    },
    {
      "from": "backend-system:investment-activity",
      "imports": [
        "talli_backend.modules.investments.public"
      ],
      "kind": "workflow",
      "to": "backend:investments"
    },
    {
      "from": "backend-system:investment-activity",
      "imports": [
        "talli_backend.modules.ledger.public"
      ],
      "kind": "workflow",
      "to": "backend:ledger"
    },
    {
      "from": "backend-system:launch-signoff-records",
      "imports": [
        "talli_backend.modules.company_access.public"
      ],
      "kind": "workflow",
      "to": "backend:company_access"
    },
    {
      "from": "backend-system:ledger-posting-and-period-control",
      "imports": [
        "talli_backend.modules.ledger.public"
      ],
      "kind": "workflow",
      "to": "backend:ledger"
    },
    {
      "from": "backend-system:marketing-funnel-measurement",
      "imports": [
        "talli_backend.modules.marketing_measurement.public"
      ],
      "kind": "workflow",
      "to": "backend-system:marketing_measurement"
    },
    {
      "from": "backend-system:new-year-start",
      "imports": [
        "talli_backend.modules.ledger.public"
      ],
      "kind": "workflow",
      "to": "backend:ledger"
    },
    {
      "from": "backend-system:new-year-start",
      "imports": [
        "talli_backend.modules.shareholder_register_filing.public"
      ],
      "kind": "workflow",
      "to": "backend:shareholder_register_filing"
    },
    {
      "from": "backend-system:passive-validation-observation",
      "imports": [
        "talli_backend.modules.validation_observation.public"
      ],
      "kind": "workflow",
      "to": "backend-system:validation_observation"
    },
    {
      "from": "backend-system:shareholder-register-filing",
      "imports": [
        "talli_backend.modules.billing.public"
      ],
      "kind": "workflow",
      "to": "backend:billing"
    },
    {
      "from": "backend-system:shareholder-register-filing",
      "imports": [
        "talli_backend.modules.company_access.public"
      ],
      "kind": "workflow",
      "to": "backend:company_access"
    },
    {
      "from": "backend-system:shareholder-register-filing",
      "imports": [
        "talli_backend.modules.documents.public"
      ],
      "kind": "workflow",
      "to": "backend:documents"
    },
    {
      "from": "backend-system:shareholder-register-filing",
      "imports": [
        "talli_backend.modules.shareholder_register_filing.public"
      ],
      "kind": "workflow",
      "to": "backend:shareholder_register_filing"
    },
    {
      "from": "backend-system:system-boundary-tracer",
      "imports": [
        "talli_backend.modules.system_boundary.public"
      ],
      "kind": "workflow",
      "to": "backend-system:system_boundary"
    }
  ],
  "generatedBy": "scripts/check-architecture.mjs",
  "modules": [
    "backend-system:marketing_measurement",
    "backend-system:system_boundary",
    "backend-system:validation_observation",
    "backend:annual_accounts_filing",
    "backend:audit",
    "backend:authority_connections",
    "backend:banking",
    "backend:billing",
    "backend:company_access",
    "backend:company_tax_filing",
    "backend:corporate_governance",
    "backend:documents",
    "backend:investments",
    "backend:ledger",
    "backend:shareholder_register_filing",
    "web:authority-connections",
    "web:banking",
    "web:billing",
    "web:company-access",
    "web:company-tax-filing",
    "web:corporate-governance",
    "web:documents",
    "web:investments",
    "web:ledger",
    "web:operator-controls",
    "web:public-acquisition",
    "web:shareholder-register-filing",
    "web:system-boundary"
  ],
  "schemaVersion": "1.0",
  "technicalOwnership": [
    {
      "owner": "backend-system",
      "table": "annual_notification_inbox.receipts"
    },
    {
      "owner": "backend-system",
      "table": "backend_system.annual_accounts_migration_inventory"
    },
    {
      "owner": "backend-system",
      "table": "backend_system.annual_accounts_migration_state"
    },
    {
      "owner": "backend-system",
      "table": "backend_system.annual_accounts_quarantine"
    },
    {
      "owner": "backend-system",
      "table": "backend_system.annual_accounts_reconciliations"
    },
    {
      "owner": "backend-system",
      "table": "backend_system.annual_accounts_source_rows"
    },
    {
      "owner": "backend-system",
      "table": "backend_system.annual_checkout_observation_work"
    },
    {
      "owner": "backend-system",
      "table": "backend_system.authority_connections_overlap_grants"
    },
    {
      "owner": "backend-system",
      "table": "backend_system.banking_command_receipts"
    },
    {
      "owner": "backend-system",
      "table": "backend_system.banking_migration_reconciliations"
    },
    {
      "owner": "backend-system",
      "table": "backend_system.banking_migration_runs"
    },
    {
      "owner": "backend-system",
      "table": "backend_system.banking_migration_source_rows"
    },
    {
      "owner": "backend-system",
      "table": "backend_system.company_tax_return_migration_inventory"
    },
    {
      "owner": "backend-system",
      "table": "backend_system.company_tax_return_migration_state"
    },
    {
      "owner": "backend-system",
      "table": "backend_system.company_tax_return_quarantine"
    },
    {
      "owner": "backend-system",
      "table": "backend_system.company_tax_return_reconciliations"
    },
    {
      "owner": "backend-system",
      "table": "backend_system.company_tax_return_source_rows"
    },
    {
      "owner": "backend-system",
      "table": "backend_system.ledger_command_receipts"
    },
    {
      "owner": "backend-system",
      "table": "backend_system.ledger_cursor_signing_keys"
    },
    {
      "owner": "backend-system",
      "table": "backend_system.ledger_migration_quarantine"
    },
    {
      "owner": "backend-system",
      "table": "backend_system.ledger_migration_reconciliations"
    },
    {
      "owner": "backend-system",
      "table": "backend_system.ledger_migration_runs"
    },
    {
      "owner": "backend-system",
      "table": "backend_system.ledger_migration_source_rows"
    },
    {
      "owner": "backend-system",
      "table": "backend_system.ledger_workflow_receipts"
    },
    {
      "owner": "backend-system",
      "table": "backend_system.marketing_consent_actions"
    },
    {
      "owner": "backend-system",
      "table": "backend_system.marketing_funnel_events"
    },
    {
      "owner": "backend-system",
      "table": "backend_system.marketing_funnel_withdrawals"
    },
    {
      "owner": "backend-system",
      "table": "backend_system.marketing_measurement_releases"
    },
    {
      "owner": "backend-system",
      "table": "backend_system.tax_settlement_migration_inventory"
    },
    {
      "owner": "backend-system",
      "table": "backend_system.tax_settlement_migration_state"
    },
    {
      "owner": "backend-system",
      "table": "backend_system.tax_settlement_quarantine"
    },
    {
      "owner": "backend-system",
      "table": "backend_system.tax_settlement_reconciliations"
    },
    {
      "owner": "backend-system",
      "table": "backend_system.tax_settlement_source_rows"
    },
    {
      "owner": "backend-system",
      "table": "backend_system.validation_observation_control"
    },
    {
      "owner": "backend-system",
      "table": "backend_system.validation_observations"
    },
    {
      "owner": "backend-system",
      "table": "backend_system.validation_pilot_entitlements"
    },
    {
      "owner": "backend-system",
      "table": "backend_system.validation_reviewers"
    },
    {
      "owner": "backend-system",
      "table": "backend_system.validation_runs"
    },
    {
      "owner": "backend-system",
      "table": "billing.billing_command_receipts"
    },
    {
      "owner": "backend-system",
      "table": "public.company_access_command_receipts"
    },
    {
      "owner": "backend-system",
      "table": "public.launch_signoffs"
    },
    {
      "owner": "backend-system",
      "table": "public.notification_outbox"
    },
    {
      "owner": "backend-system",
      "table": "shareholder_register_filing.migration_inventory"
    },
    {
      "owner": "backend-system",
      "table": "shareholder_register_filing.migration_quarantine"
    },
    {
      "owner": "backend-system",
      "table": "shareholder_register_filing.migration_state"
    }
  ]
}
