........................................................................ [  2%]
........................................................................ [  4%]
........................................................................ [  6%]
........................................................................ [  8%]
........................................................................ [ 10%]
........................................................................ [ 12%]
........................................................................ [ 14%]
........................................................................ [ 16%]
........................................................................ [ 18%]
........................................................................ [ 21%]
........................................................................ [ 23%]
........................................................................ [ 25%]
........................................................................ [ 27%]
........................................................................ [ 29%]
........................................................................ [ 31%]
........................................................................ [ 33%]
........................................................................ [ 35%]
........................................................................ [ 37%]
........................................................................ [ 39%]
........................................................................ [ 42%]
........................................................................ [ 44%]
........................................................................ [ 46%]
........................................................................ [ 48%]
........................................................................ [ 50%]
........................................................................ [ 52%]
........................................................................ [ 54%]
........................................................................ [ 56%]
........................................................................ [ 58%]
........................................................................ [ 60%]
........................................................................ [ 63%]
........................................................................ [ 65%]
........................................................................ [ 67%]
........................................................................ [ 69%]
........................................................................ [ 71%]
........................................................................ [ 73%]
........................................................................ [ 75%]
........................................................................ [ 77%]
........................................................................ [ 79%]
........................................................................ [ 81%]
........................................................................ [ 84%]
........................................................................ [ 86%]
........................................................................ [ 88%]
........................................................................ [ 90%]
........................................................................ [ 92%]
........................................................................ [ 94%]
..........................ss............................................ [ 96%]
........................................................................ [ 98%]
............................................                             [100%]
3426 passed, 2 skipped, 861 deselected in 151.25s (0:02:31)
