
> talli-repository@0.1.0 test:boundary-web
> node --experimental-strip-types --test apps/web/tests/system-boundary-presentation.test.mjs apps/web/tests/banking-presentation.test.mjs apps/web/tests/banking-connection-presentation.test.mjs apps/web/tests/company-access-presentation.test.mjs apps/web/tests/company-access-administration.test.mjs apps/web/tests/company-access-cancellation.test.mjs apps/web/tests/company-access-onboarding.test.mjs apps/web/tests/company-access-stage-exit.test.mjs apps/web/tests/company-access-action-recovery.test.mjs apps/web/tests/company-eligibility.test.mjs apps/web/tests/company-year-eligibility-gate.test.mjs apps/web/tests/corporate-governance-draft-lifecycle.test.mjs apps/web/tests/corporate-governance-presentation.test.mjs apps/web/tests/corporate-governance-transport.test.mjs apps/web/tests/documents-presentation.test.mjs apps/web/tests/investments-presentation.test.mjs apps/web/tests/invitation-side-effects.test.mjs apps/web/tests/internal-redirect.test.mjs apps/web/tests/ledger-audit-side-effects.test.mjs apps/web/tests/ledger-presentation.test.mjs apps/web/tests/company-tax-transport.test.mjs apps/web/tests/ledger-writer-transport.test.mjs apps/web/tests/marketing-measurement.test.mjs apps/web/tests/owner-mfa-transition.test.mjs apps/web/tests/reauthentication.test.mjs apps/web/tests/public-acquisition.test.mjs tests/customer_agreement_actions.test.mjs tests/customer_agreement_reacceptance_ui.test.mjs apps/web/tests/operator-read-recovery.test.mjs apps/web/tests/authority-connections-transport.test.mjs tests/authority_connections_retirement.test.mjs apps/web/tests/shareholder-register-filing-transport.test.mjs && node --test tests/rf1086_workspace_fixture_safety.test.mjs tests/shareholder_register_browser_fixture_safety.test.mjs tests/rf1086_mixed_actions.test.mjs tests/rf1086_workspace_composition.test.mjs tests/company_tax_workspace_composition.test.mjs

✔ company connection reads batch more than 100 memberships without dropping or trusting unrelated records (87.145792ms)
✔ authorityConnectionsStartSystemUserRequest carries only intent identity through authenticated no-store generated transport (0.554125ms)
✔ authorityConnectionsRetrySystemUserRequest carries only intent identity through authenticated no-store generated transport (0.315542ms)
✔ authorityConnectionsReconcileSystemUserRequest carries only intent identity through authenticated no-store generated transport (0.232333ms)
✔ callback generated transport forwards proof separately from its sole request identity (0.266334ms)
✔ generated authority result rejects unknown statuses and malformed response contracts (0.6715ms)
✔ generated operator mutation preserves exact audit identity and redacted response (1.486959ms)
✔ technical signoff command has no recording actor or trusted timestamp (1.879917ms)
✔ connection presentation exposes only masked account, coverage and freshness (0.637125ms)
✔ recovery states give one calm next action and make missing coverage visible (0.121959ms)
✔ banking transport follows opaque pages through the generated client (37.308792ms)
✔ bank file transport persists a backend preview before explicit acceptance (17.882625ms)
✔ banking presentation preserves the frozen consumer shape without recreating policy (0.625917ms)
✔ banking error presentation preserves retry identity only for unknown outcomes (0.145209ms)
✔ create_invitation:outbox remains reachable and recovery finishes without another command (1.180333ms)
✔ create_invitation:audit remains reachable and recovery finishes without another command (0.18325ms)
✔ accept_invitation:audit remains reachable and recovery finishes without another command (0.148542ms)
✔ revoke_invitation:audit remains reachable and recovery finishes without another command (0.160125ms)
✔ resend_invitation:outbox remains reachable and recovery finishes without another command (0.16525ms)
✔ resend_invitation:audit remains reachable and recovery finishes without another command (13.600584ms)
✔ recovery actor comes from the server context and cannot claim another actor's continuation (0.259291ms)
✔ delivery persistence is owned by atomic completion, never by a browser outbox insert (0.162583ms)
✔ company-access administration transport uses only generated client operations (36.1155ms)
✔ generated decoders fail closed on every unknown or token-shaped invitation field (3.907958ms)
✔ cancellation lifecycle transport uses generated operations with bearer and deadline (50.691083ms)
✔ generated cancellation decoders reject malformed optional fields, UUIDs, and timestamps (5.307375ms)
✔ generated review decoder enforces evidence-reference length bounds (1.66775ms)
✔ truncated successful command JSON becomes a typed 502 and preserves the operation (0.330583ms)
✔ every concurrent archive source failure trips the completion barrier (0.21375ms)
✔ actions preserve exact cancellation inputs for network and decoder failures (0.071625ms)
✔ web cancellation lifecycle has no direct Supabase persistence or caller-owned proof (3.333458ms)
✔ an unknown organization keeps the specific Enhetsregisteret guidance (1.369916ms)
✔ agreement reacceptance uses an authenticated generated-client request (122.806458ms)
✔ actions and agreement gates have no direct business-persistence facade (24.984375ms)
✔ company-access and system-boundary transports share typed fail-closed backend configuration (3.075375ms)
✔ both transports reject remote HTTP in every Node environment (0.369666ms)
✔ company-access and system-boundary accept the same HTTPS and loopback origins (23.167458ms)
✔ company-access transport sends the established session only through the generated client (0.670583ms)
✔ the company-access app boundary owns its presentation model instead of a Supabase row DTO (5.018833ms)
✔ owner context preserves the admitted company-year and current safety gate (0.613041ms)
✔ company record presentation maps the generated camel-case contract to existing web registry facts (0.099958ms)
✔ company-access transport fails closed on a partial context response (0.297083ms)
✔ generated company-context decoder rejects lower assurance, lower scope, and non-owner roles (0.418333ms)
✔ company records and case-bound operator access use authenticated generated-client operations (5.285417ms)
✔ a verified user without an owner company reaches onboarding but other context failures stay closed (0.338333ms)
✔ system-user callback delegates relationship authorization to the verified backend boundary (1.213042ms)
✔ every Stage 1 web consumer authorizes through company-access contracts (155.351292ms)
✔ stale admission evidence gets a truthful restart route (0.658833ms)
✔ precheck and definitive eligibility use public generated-client calls (52.161042ms)
✔ company-year admission is authenticated and carries the exact immutable boundary (0.560292ms)
✔ company-year recheck is authenticated, trigger-bound, and fail-closed decoded (0.486584ms)
✔ the functional public journey owns no policy, direct fetch, or business persistence (39.651041ms)
✔ preview sends original facts and returns authoritative normalized payload and account lines (47.731042ms)
✔ capture keeps released path and stable identity without retrying an ambiguous outcome (0.984709ms)
✔ generated preview guard rejects malformed backend output (0.500208ms)
✔ generated preview guard rejects malformed backend output (0.356875ms)
✔ generated preview guard rejects malformed backend output (0.386459ms)
✔ Archive read preserves all source fields and conceals malformed or foreign output as a failed source (1.533667ms)
✔ submission preserves the original coded validation redirect: bad-date-shape (0.096458ms)
✔ submission preserves the original coded validation redirect: zero (0.039292ms)
✔ submission preserves the original coded validation redirect: negative (0.039209ms)
✔ submission preserves the original coded validation redirect: unknown-kind (0.067458ms)
✔ submission preserves the original coded validation redirect: unknown-document-status (0.036ms)
✔ submission preserves the original coded validation redirect: payable-with-bank (0.0345ms)
✔ submission preserves the original coded validation redirect: validation-order (0.029125ms)
✔ unparseable amount text retains backend-owned validation: abc (0.511083ms)
✔ unparseable amount text retains backend-owned validation: Infinity (10.107125ms)
✔ unparseable amount text retains backend-owned validation: 1,5 (0.357ms)
✔ filing workspace keeps a failed source unavailable and checks returned scope (1.36075ms)
✔ TT02 import preserves evidence bytes, IDs, replay and MFA presentation (14.15525ms)
✔ TT02 presenter distinguishes projection validation from persistence rejection (0.084917ms)
✔ Tax preparation sends generated commands and rejects foreign scope (0.635625ms)
✔ Tax lookup and acknowledgement only return absence for an explicit owned not-found (0.726791ms)
✔ TT02 import retains the missing-company message (0.065791ms)
✔ Tax assessment previews send ordered source facts unchanged through generated endpoints (0.414291ms)
✔ readiness transport rejects wrong scope or corrupt policy output (0.193167ms)
✔ readiness transport rejects wrong scope or corrupt policy output (0.140583ms)
✔ readiness transport rejects wrong scope or corrupt policy output (0.150959ms)
✔ readiness transport rejects wrong scope or corrupt policy output (0.124916ms)
✔ the recheck helper carries future serialized triggers through the API (0.941334ms)
✔ a blocked recheck stops the consequential operation and preserves its next step (0.290458ms)
✔ missing admission and provider failure both fail closed (0.162ms)
✔ registration failure removes every newly persisted governance document (1.101084ms)
✔ registration failure preserves cleanup failures for reconciliation (0.175291ms)
✔ governance errors expose stable Norwegian owner guidance (6.590333ms)
✔ shareholder-loan form presentation explains treatment without exposing posting policy (0.549667ms)
✔ shareholder-loan errors never fall through to dividend guidance (0.117209ms)
✔ only transport and server failures preserve an unknown-outcome retry (0.085ms)
✔ decision-facts transport sends only identity and accepts the generated response (21.86175ms)
✔ owner-dividend lifecycle transport preserves path and idempotency evidence (0.550542ms)
✔ owner-dividend transport rejects malformed lifecycle responses (0.561041ms)
✔ shareholder-loan transport preserves identity and rejects malformed responses (0.377709ms)
✔ document presentation is a transport-only shape conversion (0.855208ms)
✔ signed upload uses exactly the backend-issued object and finalizes once (32.935875ms)
✔ an ambiguous signed-transfer error is not blindly finalized (0.609333ms)
✔ invitation login continuation accepts only same-origin absolute paths (0.523291ms)
✔ investments transport uses generated routes, auth, idempotency, and opaque paging (24.148917ms)
✔ investment unit reads reject lossy wire values (1.088792ms)
✔ investment position reads preserve contract-declared lifecycle movement facts (0.279084ms)
✔ investment unit presentation stays decimal-string exact (0.176375ms)
✔ investments presentation maps canonical wire facts without owning policy (7.1865ms)
✔ investments errors preserve retry identity only for unknown outcomes (0.168333ms)
✔ investment actions require explicit owner and dividend attestations (1.72325ms)
✔ investment wizard controls can shrink inside the mobile grid (0.855084ms)
✔ side-effect identity is deterministic, actor-scoped, and purpose-scoped (0.881417ms)
✔ two actors can reuse one operation id without losing audit evidence (0.70775ms)
✔ same-actor retry reconciles exact rows and recovers an audit failure (0.387666ms)
✔ foreign rows are not an oracle because actor-derived ids never trigger their lookup (0.125292ms)
✔ ledger audit identity is deterministic and actor scoped (0.826917ms)
✔ ledger audit replay reconciles the exact immutable row (0.173916ms)
✔ ledger audit failure cannot be reported as success (0.284542ms)
✔ an in-progress idempotent command preserves its operation id for retry (0.777625ms)
✔ ledger errors keep the frozen plain-Norwegian guidance (0.173333ms)
✔ year-scoped opening transport sends one exact company/year read and preserves zero or one row (26.921166ms)
✔ year-scoped opening transport rejects another year without a broader or repeated read (0.587583ms)
✔ year-scoped opening transport rejects another company without a broader or repeated read (1.4905ms)
✔ year-scoped opening transport rejects multiple snapshots without a broader or repeated read (0.341959ms)
✔ year-scoped opening transport rejects a continuation page without a broader or repeated read (0.273958ms)
✔ year-scoped opening transport rejects a hidden continuation cursor without a broader or repeated read (0.250459ms)
✔ year-scoped opening transport rejects an incomplete page without a broader or repeated read (0.24375ms)
✔ year-scoped opening transport rejects inconsistent share capital without a broader or repeated read (0.339792ms)
✔ year-scoped opening transport rejects a holder bound to another setup without a broader or repeated read (0.318958ms)
✔ year-scoped opening transport rejects inconsistent shareholder totals without a broader or repeated read (0.252417ms)
✔ opening-snapshot transport chunks companies and follows opaque pages (1.156917ms)
✔ opening-snapshot compatibility projection preserves the frozen shape (0.151458ms)
✔ opening-snapshot decoders reject malformed collections and invariants (0.72775ms)
✔ ledger query transport follows opaque pages through the generated client (0.556083ms)
✔ reconstruction readiness comes from the generated backend contract (0.453541ms)
✔ current company-year close comes from the generated read-only backend contract (0.344792ms)
✔ company-year close presentation distinguishes stale and blocked assessments (0.09475ms)
✔ generated reconstruction decoder rejects unknown gap codes (0.166542ms)
✔ generated reconstruction decoder preserves historical null and rejects partial bindings (0.355458ms)
✔ generated company-year close decoder rejects unknown gap codes (0.162666ms)
✔ generated ledger query rejects a partial expanded source pair (0.262625ms)
✔ source-aware ledger query fails closed against a source-unaware backend (0.227875ms)
✔ source-aware ledger queries opt into the expanded response (0.170667ms)
✔ ledger mutation transport injects decimal money and idempotency headers (0.314417ms)
✔ administrative-cost transport requires exact purpose-bound success evidence (0.489ms)
✔ new-year start uses the generated atomic workflow without exposing ledger lines (0.211583ms)
✔ new-year start rejects malformed or non-opening success evidence (0.22675ms)
✔ opening setup action has no direct business persistence or duplicate posting policy (0.728375ms)
✔ manual journals and period locks reconcile their frozen audit continuation (0.51175ms)
✔ ledger presentation maps generated facts without recreating posting policy (0.307209ms)
✔ opening entries recover their setup identity from canonical ledger source facts (0.229625ms)
✔ archive presentation preserves the complete frozen ledger row projection (0.103792ms)
✔ ledger period-lock transport returns an empty result without a backend call (0.056667ms)
✔ every approved ledger-coordinator form submits one operation ID (1.004792ms)
✔ client action wizards keep one stable operation ID for their mounted form (0.083959ms)
✔ ledger retry IDs are plumbed only to the matching page form (0.308292ms)
✔ all relocated transactional writers use the stable operation ID at the generated boundary (1.233333ms)
✔ share purchases and sales use the investments generated interface (3.081625ms)
✔ share-sale wizard submits intent without duplicating authoritative FIFO policy (0.134584ms)
✔ committed retries reach the coordinator before mutable legacy state can reject them (0.378542ms)
✔ unknown coordinator outcomes preserve only the scoped retry operation (0.582083ms)
✔ apps/web/tests/ledger-writer-transport.test.mjs (196.291958ms)
✔ consented anonymous funnel events accept only the bounded public vocabulary (1.367125ms)
✔ the first-party endpoint records one consented event without caching it (17.150917ms)
✔ the generated backend client receives only an irreversible session hash (0.995708ms)
✔ consent withdrawal deletes the bounded anonymous session through the same origin (0.500458ms)
✔ the beacon-compatible POST endpoint accepts only the bounded withdrawal command (0.381542ms)
✔ the first-party endpoint rejects an oversized chunked body while streaming (0.65575ms)
✔ the browser creates no optional storage before explicit consent and expires it after thirty minutes (0.214458ms)
✔ funnel producers emit only a bounded event from an active consent session (0.135625ms)
✔ the operator view consumes aggregate report fields without exposing raw identifiers (5.064125ms)
✔ consent presentation uses accurate session wording and equal choices (2.998792ms)
✔ support entry authorizes before protected reads and preserves its recovery destination (82.870917ms)
✔ marketing entry authorizes before protected reads and preserves its recovery destination (22.155416ms)
✔ failed case or annual read suppresses ancillary reads, mutation controls and protected evidence (51.631458ms)
✔ malformed or duplicate case/cursor selection never triggers protected page loaders (49.172417ms)
✔ authorized support-role entry retains ordinary support and marketing behavior (16.600666ms)
✔ presentation shell leaves scoped auth recovery to each page without mutating the session (3.303791ms)
✔ page access preserves missing/rejected sessions, provider errors and both authorized operator roles (10.455209ms)
✔ complete operator selection survives login and MFA without losing either cursor (20.707167ms)
✔ malformed, duplicate and orphan operator selection cannot invoke protected loaders (144.932375ms)
✔ late selected-target failure keeps full recovery destination and suppresses ancillary controls (40.668875ms)
✔ owner AAL2 is distinguished from other context failures without weakening the gate (0.991916ms)
✔ owner MFA inspection chooses enrollment, challenge, or verified state and fails closed (0.224458ms)
✔ enrollment and verification expose no provider errors and only resume after confirmed AAL2 (0.322291ms)
✔ explicit fresh MFA intent challenges an existing AAL2 session without a browser age decision (0.151ms)
✔ owner transition is reachable after company-year admission and exposes an accessible, Norwegian MFA gate (4.769583ms)
✔ the public offer stays in free recruitment mode with one eligibility action (1.037542ms)
✔ the three-step eligibility explanation keeps its visual order for assistive technology (0.092583ms)
✔ the static homepage renders every required offer field in the approved order (0.215791ms)
✔ the recruitment homepage presents the approved annual offer exactly (0.084708ms)
✔ the public offer carries the approved proof links, minimum FAQ, and final eligibility invitation (1.824167ms)
✔ the complete public company-year promise is pinned to the canonical manifest (0.147917ms)
✔ live claims and checkout deny by default and every ad stop rule is binding (0.270125ms)
✔ the indexable public route set carries canonical metadata and no live overclaim (1.827833ms)
✔ explicit reauthentication displays the login form despite a backend-rejected but valid Supabase session (22.644209ms)
✔ ordinary signed-in login and signup redirects and unconfirmed-user gate remain intact (83.063292ms)
✔ signIn preserves explicit reauthentication and next through failures (19.604583ms)
✔ signInWithGoogle preserves explicit reauthentication and next through failures (7.873ms)
✔ successful password login consumes recovery intent; ordinary unconfirmed credentials keep verification recovery (3.641667ms)
✔ Google startup carries recovery through its callback URL (1.718833ms)
✔ the Google form carries the same explicit recovery intent as password sign-in (3.258167ms)
✔ denied, missing, failed and unavailable OAuth callbacks return to an actionable recovery login (44.292625ms)
✔ successful callback returns to the scoped page while ordinary email confirmation failure is unchanged (5.574375ms)
✔ retained history reads keep every requested company and all years with authenticated no-store transport (18.931375ms)
✔ archive source requests exactly one company/year and retains company-wide review facts (1.12675ms)
✔ archive source rejects company without silently broadening or dropping evidence (0.652875ms)
✔ archive source rejects year without silently broadening or dropping evidence (0.389083ms)
✔ archive source rejects preview-company without silently broadening or dropping evidence (0.416458ms)
✔ archive source rejects preview-year without silently broadening or dropping evidence (0.361625ms)
✔ archive source rejects duplicate-preview without silently broadening or dropping evidence (0.341958ms)
✔ archive source rejects comment-company without silently broadening or dropping evidence (0.321875ms)
✔ archive source rejects duplicate-comment without silently broadening or dropping evidence (0.361708ms)
✔ archive source rejects nested-issue without silently broadening or dropping evidence (0.332916ms)
✔ archive source rejects extra-workspace-field without silently broadening or dropping evidence (5.948417ms)
✔ year-bound archive decoding does not relax the unchanged all-history workspace decoder (0.638ms)
✔ workspace rejects company instead of presenting a successful partial history (0.247166ms)
✔ workspace rejects child-company instead of presenting a successful partial history (0.175625ms)
✔ workspace rejects duplicate instead of presenting a successful partial history (0.201167ms)
✔ workspace rejects year instead of presenting a successful partial history (0.204292ms)
✔ workspace rejects invalid-status instead of presenting a successful partial history (0.1315ms)
✔ preview generation sends only original input identities and rejects a misbound audit scope (0.287375ms)
✔ a preview read cannot substitute another aggregate (0.18275ms)
✔ shipped Send and recovery generated contracts keep exact paths and nullable recovery result (0.308834ms)
✔ presentation preserves nested original payload/manifest bytes and field names (0.178166ms)
✔ canonical invalid approval input and stale MFA retain existing owner guidance codes (0.083583ms)
✔ canonical ownership fallback requires exact not-found (404/SHAREHOLDER_REGISTER_FILING_NOT_FOUND) (0.405083ms)
✔ canonical ownership fallback requires exact not-found (404/OTHER_NOT_FOUND) (0.22025ms)
✔ canonical ownership fallback requires exact not-found (403/SHAREHOLDER_REGISTER_FILING_FORBIDDEN) (0.211375ms)
✔ canonical ownership fallback requires exact not-found (503/SHAREHOLDER_REGISTER_FILING_UNAVAILABLE) (0.206916ms)
✔ presents the generated tracer response as a safe Norwegian success (0.817166ms)
✔ presents transport failures without leaking exception details (0.095709ms)
✔ generated client accepts the declared success shape (13.735292ms)
✔ generated client maps the typed correlation option to the declared header (0.600667ms)
✔ generated client fails closed on an undeclared success shape (0.421625ms)
✔ generated client rejects an availability value outside the closed contract (0.259375ms)
✔ missing backend configuration fails closed with a typed error (0.157959ms)
✔ web liveness stays process-only while readiness fails invalid configuration (0.355ms)
✔ web readiness validates local configuration without depending on backend reachability (0.2535ms)
✔ Authority Connections retirement leaves no web authority signing, token or credential transport (45.129166ms)
✔ the four standalone authority commands execute backend modules and retain their public command names (5.531958ms)
✔ authority, RF and Tax facades are retired while Annual Accounts retains its frozen records (2.162ms)
✔ company-year admission validates explicit authority and every immutable document before the generated command (5.295292ms)
✔ the customer sees and explicitly accepts the complete pinned promise (1.770208ms)
✔ legacy AS-only creation controls are absent (3.976708ms)
✔ owner layout replaces children with an accessible reacceptance gate (0.895ms)
✔ Server Action reaccepts through the authenticated generated-client boundary (0.4135ms)
ℹ tests 240
ℹ suites 0
ℹ pass 240
ℹ fail 0
ℹ cancelled 0
ℹ skipped 0
ℹ todo 0
ℹ duration_ms 1475.522334
✔ owner actions compile as a Next server-action module (97.795ms)
✔ stored Tax receipt remains byte-equivalent after wire presentation: synthetic-completed-pending-feedback (1.04175ms)
✔ stored Tax receipt remains byte-equivalent after wire presentation: synthetic-blank-url (0.164709ms)
✔ stored Tax receipt remains byte-equivalent after wire presentation: synthetic-second-owner (0.129708ms)
✔ stored Tax receipt remains byte-equivalent after wire presentation: synthetic-explicit-recorded-time (0.130625ms)
✔ nested receipt, call, feedback and payload-reference extension fields survive presentation (0.289583ms)
✔ one query per company supplies the complete source and keeps omitted year unscoped (8.819209ms)
✔ one unavailable company discards partial results and retains an explicit error (3.820541ms)
✔ incomplete receipt type fails the whole source visibly (5.151333ms)
✔ incomplete receipt hash fails the whole source visibly (3.457709ms)
✔ incomplete feedback classification fails the whole source visibly (3.242042ms)
✔ incomplete payload reference fails the whole source visibly (3.3405ms)
✔ incomplete call chronology fails the whole source visibly (3.086041ms)
✔ incomplete unsupported raw payload fails the whole source visibly (3.195584ms)
✔ Archive includes Tax-only submissions and only their linked evidence for the requested year (26.211875ms)
✔ Archive source failure returns unavailable before building an archive or recording a receipt (9.151042ms)
✔ readiness refresh uses every owned Tax readiness family (35.058708ms)
✔ readiness refresh stops without snapshot or Audit writes on Tax failure (23.547625ms)
✔ missing session token cannot turn an authorized company scope into complete empty Tax data (2.258084ms)
✔ readiness preview failure stops the real refresh before any snapshot or Audit write (18.453542ms)
✔ workspace assessment preserves portfolio estimate ordering and primary-company readiness scope (2.916375ms)
✔ missing Tax assessment dependencies never yield zero or clear previews (1.858042ms)
✔ missing Tax assessment dependencies never yield zero or clear previews (1.612542ms)
✔ one failed assessment query discards partial success and preserves an explicit source error (1.767ms)
✔ addFilingOverride uses canonical ownership even when a public RF mirror exists (40.4695ms)
✔ addFilingOverride fails closed before any legacy effect when canonical ownership is unavailable (6.017208ms)
✔ addFilingReviewComment uses canonical ownership even when a public RF mirror exists (3.424333ms)
✔ addFilingReviewComment fails closed before any legacy effect when canonical ownership is unavailable (2.951833ms)
✔ acknowledgeFilingReviewComment uses canonical ownership even when a public RF mirror exists (3.274167ms)
✔ acknowledgeFilingReviewComment fails closed before any legacy effect when canonical ownership is unavailable (2.500209ms)
✔ addFilingOverride preserves the sibling validator, writer and subsequent audit (3.023125ms)
✔ addFilingReviewComment preserves the sibling validator, writer and subsequent audit (2.460542ms)
✔ acknowledgeFilingReviewComment preserves the sibling validator, writer and subsequent audit (6.144791ms)
✔ RF simulation delegates all five retired persistence effects before its unchanged audit (1.783042ms)
✔ confirmAuthorityPermission preserves step-up and audit for RF (2.00475ms)
✔ confirmAuthorityPermission preserves step-up and audit for sibling (1.694875ms)
✔ recordAuthorityTestEvidence preserves step-up and audit for RF (2.352708ms)
✔ recordAuthorityTestEvidence preserves step-up and audit for sibling (2.451417ms)
✔ addFilingOverride uses owned Tax before exactly one existing Audit continuation (2.525875ms)
✔ addFilingOverride stops on unavailable Tax without a sibling write or Audit continuation (2.399833ms)
✔ addFilingReviewComment uses owned Tax before exactly one existing Audit continuation (1.82575ms)
✔ addFilingReviewComment stops on unavailable Tax without a sibling write or Audit continuation (1.740375ms)
✔ acknowledgeFilingReviewComment uses owned Tax before exactly one existing Audit continuation (1.636917ms)
✔ acknowledgeFilingReviewComment stops on unavailable Tax without a sibling write or Audit continuation (1.513708ms)
✔ confirmAuthorityPermission uses owned Tax before exactly one existing Audit continuation (1.5305ms)
✔ confirmAuthorityPermission stops on unavailable Tax without a sibling write or Audit continuation (1.448291ms)
✔ recordAuthorityTestEvidence uses owned Tax before exactly one existing Audit continuation (1.651792ms)
✔ recordAuthorityTestEvidence stops on unavailable Tax without a sibling write or Audit continuation (8.334708ms)
✔ TT02 import sends original file bytes to owned API and has no web persistence continuation (2.650125ms)
✔ failed RF source preserves explicit unavailable state and never returns successful partial facts (40.302667ms)
✔ composition replaces overlap mirrors by identity and preserves sibling records and ordering (14.342917ms)
✔ one scoped source read supplies every family without substituting a current year (5.616708ms)
✔ workspace RF backend refuses hosted database before opening a listener (140.79625ms)
✔ workspace RF backend refuses hosted Supabase before opening a listener (115.297708ms)
✔ workspace RF backend refuses global RF activation before opening a listener (99.309417ms)
✔ workspace RF backend refuses global operator activation before opening a listener (94.127125ms)
✔ workspace RF backend refuses ambient credential before opening a listener (91.721ms)
✔ workspace API requests use the actual current Supabase session and exact denial statuses (5.623333ms)
✔ feedback fixture refuses hosted databases and undeclared operations before actor or SQL effects (1.473584ms)
✔ feedback fixture verifies the token owner before reading membership or connecting an actor database session (0.398875ms)
✔ workspace RF assertions use canonical commands and preserve sibling tax and audit rehearsals (1.400792ms)
✔ fixture access refuses external databases and undeclared relations before SQL (0.430708ms)
✔ fixture restores exact USER trigger modes on success without disabling foreign keys (0.597959ms)
✔ fixture restores exact USER trigger modes on rollback without disabling foreign keys (0.183708ms)
✔ fresh RF fixture permits only its five exact method templates and loopback egress (216.348875ms)
✔ fresh local RF mock preserves request identity and emits relationship-bound feedback (53.204792ms)
✔ fresh browser starts without a preview or approval and verifies the complete durable result (5.537875ms)
✔ ambiguous fresh mock response records the original mutation before disconnecting (6.29425ms)
✔ fresh RF browser uses finite fixture authority while preserving foreign keys and signoff storage (0.518833ms)
✔ fresh RF basis binds every opening row to its existing owner without seeding filing success (1.014708ms)
✔ fresh RF cleanup removes scoped public mirrors before openings (success) (1.093709ms)
✔ fresh RF cleanup removes scoped public mirrors before openings (failure preserved) (1.043209ms)
✔ fresh signoff fixture restores exact prior rows and USER triggers (success) (9.643333ms)
✔ fresh signoff fixture restores exact prior rows and USER triggers (seed) (0.867292ms)
✔ fresh signoff fixture restores exact prior rows and USER triggers (restore) (0.879375ms)
ℹ tests 75
ℹ suites 0
ℹ pass 75
ℹ fail 0
ℹ cancelled 0
ℹ skipped 0
ℹ todo 0
ℹ duration_ms 702.954458
