F                                                                        [100%]
=================================== FAILURES ===================================
___________ test_filing_migration_lifecycle[no-direct-archive-grant] ___________

scenario = 'no-direct-archive-grant'

    @pytest.mark.parametrize('scenario', ['normal','set-only','no-direct-archive-grant','changed-rpc','changed-trigger','missing-trigger','quarantine'])
    def test_filing_migration_lifecycle(scenario):
        url = os.environ.get('DATABASE_URL')
        assert url, 'DATABASE_URL must identify the owned disposable database'
        assert conninfo_to_dict(url).get('host') in ('localhost','127.0.0.1','::1')
        checks = []
        def check(label, value):
            assert value, label
            checks.append(label)
        with psycopg.connect(url,autocommit=True) as db:
            db.execute('begin')
            try:
                assert db.execute("select to_regclass('backend_system.company_tax_return_migration_state') is null").fetchone()[0], 'Run before the explicitly ordered filing expansion'
                db.execute('insert into auth.users(id) values(%s)',(owner,))
                db.execute("insert into public.companies(id,org_number,name,entity_type,created_by) values(%s,%s,'Synthetic Tax152 expansion','AS',%s)",(company,case['input']['expectedCompanyOrgNumber'],owner))
                db.execute("insert into public.company_memberships(company_id,user_id,role,accepted_at) values(%s,%s,'owner',now())",(company,owner))
                db.execute("select set_config('request.jwt.claims',%s,true)",(json.dumps({'sub':owner,'role':'authenticated','aal':'aal2'}),))
                db.execute('set local role authenticated')
                db.execute('select public.import_company_tax_tt02_evidence(%s)',(Jsonb(payload),))
                for index,(label,obligation) in enumerate((('skattemelding for AS','skattemelding'),('årsregnskap','aarsregnskap'))):
                 preview=f'00000000-0000-0000-0001-{index:012d}'
                 db.execute("insert into public.filing_previews(id,company_id,income_year,filing,status,preview,created_by) values(%s,%s,2025,%s,'ready','Synthetic preview',%s)",(preview,company,label,owner))
                 db.execute("insert into public.filing_overrides(preview_id,company_id,income_year,filing,field_target,old_value,new_value,reason,risk_level,owner_confirmed_by,owner_confirmed_at,created_by) values(%s,%s,2025,%s,'synthetic','old','new','Synthetic reason','advisory',%s,now(),%s)",(preview,company,label,owner,owner))
                 db.execute("insert into public.filing_review_comments(preview_id,company_id,target,severity,body,created_by) values(%s,%s,'rf1086_preview','advisory','Synthetic comment',%s)",(preview,company,owner))
                 db.execute("insert into public.authority_permissions(company_id,obligation,submitter_user_id,confirmed_by) values(%s,%s,%s,%s)",(company,obligation,owner,owner))
                 if index==1:
                  db.execute("insert into public.authority_test_runs(company_id,obligation,environment,status,test_reference,recorded_by) values(%s,%s,'manual_evidence','pending','synthetic-accounts',%s)",(company,obligation,owner))
                  db.execute("insert into public.filing_submissions(preview_id,company_id,income_year,filing,status,created_by) values(%s,%s,2025,%s,'ready',%s)",(preview,company,label,owner))
                db.execute('reset role')
                before=snapshot(db);environment=environment_snapshot(db)
                for name in ('20260914200000_company_tax_return_expand','20260914201000_company_tax_return_read_contracts','20260914202000_company_tax_return_import_contract','20260914203000_company_tax_return_preparation_contracts'):
                 db.execute((ROOT/f'supabase/contract-migrations/{name}.sql').read_text().removesuffix('commit;\n').replace('begin;\n','',1))
                # Exercise a legacy write after expansion; cutover must capture its latest value.
                db.execute("update public.filing_previews set preview='Latest synthetic Tax preview' where filing='skattemelding for AS' and company_id=%s",(company,))
                before=snapshot(db);environment=environment_snapshot(db)
                cutover=ROOT/'supabase/contract-migrations/20260914012503_company_tax_return_cutover.sql'
                if scenario == 'set-only':
                 db.execute('grant company_tax_filing_store_owner to postgres with inherit false,set true')
                 environment=environment_snapshot(db)
                if scenario == 'no-direct-archive-grant':
                 db.execute('grant company_archive_projection_executor to postgres with inherit false,set true')
                 db.execute('set local role company_archive_projection_executor')
                 db.execute('revoke execute on function public.company_archive_track_source_write_v1() from postgres')
                 db.execute('reset role')
                 db.execute('revoke company_archive_projection_executor from postgres')
                 environment=environment_snapshot(db)
                if scenario == 'changed-rpc':
                 db.execute("create or replace function public.import_company_tax_tt02_evidence(p_payload jsonb) returns jsonb language plpgsql security definer set search_path='' as $$ begin raise exception 'changed writer'; end; $$")
                if scenario == 'changed-trigger':
                 db.execute('alter table public.filing_previews disable trigger company_archive_track_filing_previews')
                if scenario == 'missing-trigger':
                 db.execute('drop trigger company_archive_track_filing_previews on public.filing_previews')
                if scenario == 'quarantine':
                 db.execute("insert into public.filing_previews(company_id,income_year,filing,status,preview,created_by) values(%s,2025,'unknown obligation','ready','Ambiguous source',%s)",(company,owner))
                errors = {'changed-rpc':'company_tax_return_legacy_writer_changed',
                 'changed-trigger':'company_tax_return_source_trigger_changed',
                 'missing-trigger':'company_tax_return_source_trigger_changed',
                 'quarantine':'company_tax_return_cutover_quarantine'}
                if scenario in errors:
                 source_before=snapshot(db)
                 with pytest.raises(psycopg.Error) as caught:
                  with db.transaction():
                   db.execute(cutover.read_text().removesuffix('commit;\n').replace('begin;\n','',1))
                 assert caught.value.diag.message_primary==errors[scenario]
                 assert snapshot(db)==source_before
                 assert db.execute('select phase from backend_system.company_tax_return_migration_state').fetchone()[0]=='expanded'
                 return
                db.execute(cutover.read_text().removesuffix('commit;\n').replace('begin;\n','',1))
                check('cutover activated',db.execute('select phase from backend_system.company_tax_return_migration_state').fetchone()[0]=='cutover')
                for f in families:
                 tax=[r for r in before[f] if r.get('filing')=='skattemelding for AS' or r.get('obligation')=='skattemelding' or (f=='filing_review_comments' and r['preview_id']=='00000000-0000-0000-0001-000000000000')]
                 actual=db.execute(f"select coalesce(jsonb_agg(to_jsonb(t) order by id),'[]'::jsonb) from company_tax_filing.{f} t").fetchone()[0]
                 check(f+' exact Tax transfer including latest legacy write',actual==tax and len(tax)==1)
                 check(f+' exact Accounts preservation',snapshot(db)[f]==[r for r in before[f] if r not in tax])
                after=environment_snapshot(db)
                for key in ('memberships','schemas','openingAcl','archiveGenerations','audit','archiveTriggerAcl'):
>                check(key+' unchanged',after[key]==environment[key])

apps/backend/tests/test_company_tax_return_lifecycle.py:110: 
_ _ _ _ _ _ _ _ _ _ _ _ _ _ _ _ _ _ _ _ _ _ _ _ _ _ _ _ _ _ _ _ _ _ _ _ _ _ _ _ 

label = 'archiveTriggerAcl unchanged', value = False

    def check(label, value):
>       assert value, label
E       AssertionError: archiveTriggerAcl unchanged
E       assert False

apps/backend/tests/test_company_tax_return_lifecycle.py:41: AssertionError
=========================== short test summary info ============================
FAILED apps/backend/tests/test_company_tax_return_lifecycle.py::test_filing_migration_lifecycle[no-direct-archive-grant]
1 failed, 6 deselected in 0.44s
Expected predecessor ACL regression reproduced
