✔ archive preserves frozen mixed chains except the exact owned RF and Tax read retirements (18.887709ms)
✔ archive preserves original selected opening and shareholder fields through the joined owner projection (55.991375ms)
✔ a failing 2024 opening does not prevent a valid 2025 archive but still blocks the 2024 export (29.490833ms)
✔ RF-only archive preserves original nested payload identities, requested year and company-wide history (11.955208ms)
✔ actual generated RF archive transport isolates a malformed 2024 preview from the valid 2025 download (24.331ms)
✔ RF authority evidence is limited to retained submission references without adding a generic persistence call (9.078125ms)
✔ mixed sibling chains retain their conditional authority read and overlap never duplicates RF rows (9.326375ms)
✔ unavailable rf source cannot complete the authoritative export (11.217625ms)
✔ unavailable opening source cannot complete the authoritative export (8.098416ms)
✔ unavailable tax source cannot complete the authoritative export (7.847958ms)
✔ unavailable taxFiling source cannot complete the authoritative export (8.396458ms)
✔ unavailable filing_previews source cannot complete the authoritative export (9.371583ms)
✔ unavailable authority_permissions source cannot complete the authoritative export (6.948916ms)
✔ unavailable filing_review_comments source cannot complete the authoritative export (6.2025ms)
✔ unavailable audit_events source cannot complete the authoritative export (10.45375ms)
✔ original submission and authority errors retain priority and effect order (13.067666ms)
✔ authentication and step-up precede every source and export effect {"user":false} (6.723ms)
✔ authentication and step-up precede every source and export effect {"token":false} (6.221833ms)
✔ authentication and step-up precede every source and export effect {"mfa":false} (6.880916ms)
✔ empty retained history still rejects export and failed receipt never yields a downloadable archive (14.442333ms)
✔ owned Tax source preserves all thirteen original fields beside unchanged RF history (11.507042ms)
✔ owned Tax filing preserves nested payload and only linked evidence inside the Archive generation boundary (7.092917ms)
✔ expand migration adds append-only revision-bound deletion reviews (2.852041ms)
✔ request derives archive and source completeness inside one atomic RPC (1.117166ms)
✔ archive route and generation triggers share one complete source inventory (4.37025ms)
✔ expand deterministically supersedes and conceals legacy duplicates (0.577834ms)
✔ review is admin+AAL2 only, append-only, and cannot be self-approved by an owner (0.551208ms)
✔ finalize re-derives prerequisites and requires exact approved review (0.417458ms)
✔ legacy export-required cancellations resume through a receipt-bound RPC (0.347792ms)
✔ archive receipt completion is server-only, one-time, expiring, and generation-bound (0.705833ms)
✔ direct lifecycle RPCs mirror strict request validation before receipts (0.5315ms)
✔ archive and reconciliation reject null income years explicitly (0.261375ms)
✔ review JSON is projected to the strict public response shape (0.18925ms)
✔ lifecycle commands use durable receipts and least-privilege RLS (0.923166ms)
✔ lifecycle mutations share operation-company-cancellation lock order (0.24025ms)
✔ unknown command outcomes reconcile behind the exact operation lock (0.336167ms)
✔ contract migration removes direct cancellation access only after generated-client cutover (0.423917ms)
✔ the release Supabase suite includes cancellation schema coverage (0.593459ms)
✔ deployed schema contract covers every post-baseline product capability (0.75925ms)
✔ reports only missing OpenAPI paths in stable order (0.115958ms)
✔ reports compatibility paths that survived a completed stage exit (0.086083ms)
✔ fails closed when the response is not a PostgREST OpenAPI document (1.394625ms)
✔ contracted Tax schema needs no retired import RPC and rejects its restoration (0.186166ms)
ℹ tests 43
ℹ suites 0
ℹ pass 43
ℹ fail 0
ℹ cancelled 0
ℹ skipped 0
ℹ todo 0
ℹ duration_ms 565.986375
