........F............................                                    [100%]
=================================== FAILURES ===================================
_ test_expansion_assertion_rejects_extra_creator_grants[admin true,inherit false,set false] _

unexpanded_database = <psycopg.Connection [INERROR] (host=127.0.0.1 port=52966 user=postgres database=accounts153_setup_fix_d060) at 0x106d35490>
monkeypatch = <_pytest.monkeypatch.MonkeyPatch object at 0x106d35ac0>
options = 'admin true,inherit false,set false'

    @pytest.mark.parametrize('options', ['set true', 'inherit true', 'admin true,inherit false,set false'])
    def test_expansion_assertion_rejects_extra_creator_grants(unexpanded_database, monkeypatch, options):
        db = unexpanded_database
        hide_existing_accounts_roles(db)
        original_read = Path.read_text
        extra = "do $probe$ begin execute pg_catalog.format('grant annual_accounts_filing_store_owner to %I with " + options + " granted by %I',current_user,current_user); end; $probe$;\n"
        def mutated_read(path, *args, **kwargs):
            text = original_read(path, *args, **kwargs)
            if path.name == EXPANSION[0]: return text.removesuffix('commit;\n') + extra + 'commit;\n'
            return text
        monkeypatch.setattr(Path, 'read_text', mutated_read)
        with pytest.raises(AssertionError):
>           apply(db, EXPANSION[0])

apps/backend/tests/test_annual_accounts_filing_lifecycle.py:144: 
_ _ _ _ _ _ _ _ _ _ _ _ _ _ _ _ _ _ _ _ _ _ _ _ _ _ _ _ _ _ _ _ _ _ _ _ _ _ _ _ 
apps/backend/tests/test_annual_accounts_filing_lifecycle.py:58: in apply
    db.execute(raw.replace('begin;\n', '', 1).removesuffix('commit;\n'), prepare=False)
_ _ _ _ _ _ _ _ _ _ _ _ _ _ _ _ _ _ _ _ _ _ _ _ _ _ _ _ _ _ _ _ _ _ _ _ _ _ _ _ 

self = <psycopg.Connection [INERROR] (host=127.0.0.1 port=52966 user=postgres database=accounts153_setup_fix_d060) at 0x106d35490>
query = "-- #153 EXPAND ONLY. Legacy generic Accounts rows remain the sole active writer.\n-- No API permission or business wr...g_store_owner to %I with admin true,inherit false,set false granted by %I',current_user,current_user); end; $probe$;\n"
params = None

    def execute(
        self,
        query: Query,
        params: Params | None = None,
        *,
        prepare: bool | None = None,
        binary: bool = False,
    ) -> Cursor[Row]:
        """Execute a query and return a cursor to read its results."""
        try:
            cur = self.cursor()
            if binary:
                cur.format = BINARY
    
            return cur.execute(query, params, prepare=prepare)
        except e._NO_TRACEBACK as ex:
>           raise ex.with_traceback(None)
E           psycopg.errors.InvalidGrantOperation: ADMIN option cannot be granted back to your own grantor
E           CONTEXT:  SQL statement "grant annual_accounts_filing_store_owner to postgres with admin true,inherit false,set false granted by postgres"
E           PL/pgSQL function inline_code_block line 1 at EXECUTE

apps/backend/.venv/lib/python3.12/site-packages/psycopg/connection.py:257: InvalidGrantOperation
=========================== short test summary info ============================
FAILED apps/backend/tests/test_annual_accounts_filing_lifecycle.py::test_expansion_assertion_rejects_extra_creator_grants[admin true,inherit false,set false]
1 failed, 36 passed in 13.52s
