✔ Supabase browser fixtures only accept loopback URLs (0.680458ms)
✔ browser database fixtures only accept loopback PostgreSQL URLs (0.128542ms)
✔ owner browser harness stops before remote fixture creation (312.056667ms)
✔ owner browser harness rejects a remote database mixed with local Supabase (296.041917ms)
✔ retained annual browser seeds canonical historical RF/AU facts without replacing the live simulation (3.3565ms)
✔ readiness rejects when its owned process exits before an unrelated listener responds (33.869792ms)
✔ an unrelated ready listener cannot satisfy a live child without its bind proof (43.430167ms)
✔ readiness failure tears down a live owned process (44.297542ms)
✔ a listener that never responds cannot outlive the readiness deadline (111.627541ms)
✔ a ready owned process is terminated and cleanup is idempotent (63.429958ms)
✔ forced process cleanup has a final timeout and tolerates an undefined handle (12.520417ms)
✔ partial setup cleanup closes the database and removes only known resources (0.491125ms)
✔ browser owner cleanup preserves every prior family in predecessor before company and user (13.860958ms)
✔ browser owner cleanup preserves every prior family in overlap before company and user (12.770459ms)
✔ browser owner cleanup preserves every prior family in contracted before company and user (12.854334ms)
✔ browser owner cleanup preserves every prior family in tax-contracted before company and user (13.042958ms)
✔ browser owner cleanup removes every tracked company before the shared owner (13.231417ms)
✔ browser owner cleanup preserves source failure and continues independent cleanup (4.446334ms)
✔ browser owner cleanup preserves both operation and rollback failures (3.790125ms)
✔ browser owner cleanup fails closed for missing-family (0.592125ms)
✔ browser owner cleanup fails closed for wrong-owner (0.801042ms)
✔ browser owner cleanup fails closed for invalid-trigger-mode (2.8955ms)
﹣ browser owner cleanup removes immutable corporate and production filing graphs (0.212959ms) # local Supabase runtime is required
ℹ tests 23
ℹ suites 0
ℹ pass 22
ℹ fail 0
ℹ cancelled 0
ℹ skipped 1
ℹ todo 0
ℹ duration_ms 708.10325
