
> talli-repository@0.1.0 test:billing
> uv run --project apps/backend pytest -c apps/backend/pyproject.toml apps/backend/tests/test_billing.py apps/backend/tests/test_legacy_billing_retirement.py apps/backend/tests/test_annual_billing_policy.py apps/backend/tests/test_annual_checkout_service.py apps/backend/tests/test_annual_cleanup_service.py apps/backend/tests/test_annual_refund_service.py apps/backend/tests/test_annual_refund_recovery_service.py apps/backend/tests/test_annual_refund_recovery_api.py apps/backend/tests/test_annual_refund_targets_api.py apps/backend/tests/test_annual_support_refund_recovery_service.py apps/backend/tests/test_annual_support_cleanup_service.py apps/backend/tests/test_annual_support_refund_recovery_api.py apps/backend/tests/test_annual_support_cleanup_api.py apps/backend/tests/test_annual_support_refund_targets_api.py apps/backend/tests/test_vipps_billing.py apps/backend/tests/test_vipps_webhook.py apps/backend/tests/test_annual_billing_runtime_configuration.py apps/backend/tests/test_annual_checkout_reconciliation_cli.py apps/backend/tests/test_annual_observation_service.py apps/backend/tests/test_vipps_mt_conformance_runner.py apps/backend/tests/test_annual_notification_intake.py apps/backend/tests/test_billing_equivalence.py apps/backend/tests/test_billing_provider.py apps/backend/tests/test_billing_api.py apps/backend/tests/test_annual_billing_api.py apps/backend/tests/test_annual_checkout_api.py apps/backend/tests/test_annual_cleanup_api.py apps/backend/tests/test_annual_support_api.py -q && node --experimental-strip-types --test tests/billing_persisted.test.mjs tests/billing_reconciliation_action.test.mjs apps/web/tests/billing-transport.test.mjs apps/web/tests/annual-billing-ui.test.mjs apps/web/tests/annual-support-ui.test.mjs apps/web/tests/annual-cleanup-control.test.mjs apps/web/tests/annual-checkout-observation.test.mjs apps/web/tests/annual-checkout-request.test.mjs apps/web/tests/annual-refund-recovery.test.mjs apps/web/tests/annual-support-refund-recovery.test.mjs apps/web/tests/annual-support-cleanup-recovery.test.mjs apps/web/tests/reauthentication.test.mjs apps/web/tests/operator-read-recovery.test.mjs

........................................................................ [  8%]
........................................................................ [ 16%]
........................................................................ [ 25%]
........................................................................ [ 33%]
........................................................................ [ 41%]
........................................................................ [ 50%]
........................................................................ [ 58%]
........................................................................ [ 66%]
........................................................................ [ 75%]
........................................................................ [ 83%]
........................................................................ [ 91%]
........................................................................ [100%]
864 passed in 47.83s
✔ annual history keeps stored purchase prices and terms separate from today's offer (10.791667ms)
✔ purchase and offer archive downloads bypass Next navigation and its automatic prefetch (19.519417ms)
✔ only persisted cancellation confirms success even after an ambiguous response (55.78975ms)
✔ pending history never claims paid access and still permits renewal cancellation (1.420375ms)
✔ failed history never claims paid access and still permits renewal cancellation (1.510709ms)
✔ refunded history never claims paid access and still permits renewal cancellation (2.091583ms)
✔ nonrecurring purchase does not suggest renewal; history retains company and cursor (2.053958ms)
✔ owner refund evidence shows cumulative liability and settled money independently (1.455041ms)
✔ a pending refund past its initiation target never implies late initiation or bank receipt (1.293125ms)
✔ a created attempt does not erase outstanding owner refund liability (1.268667ms)
✔ a failed attempt does not erase outstanding owner refund liability (1.139416ms)
✔ a request without recorded liability is visible without inventing refund rights or settlement (2.304292ms)
✔ web-first deployment keeps predecessor history and cancellation while refund details are unavailable (1.560125ms)
✔ cancellation unavailable recovery preserves the exact company/purchase/key/history (90.454583ms)
✔ cancellation step-up recovery preserves the exact company/purchase/key/history (10.37525ms)
✔ cancellation sign-in recovery preserves the exact company/purchase/key/history (13.199417ms)
✔ successful cancellation refreshes history without fabricating a success flag (16.47675ms)
✔ missing session reaches sign-in with replay context before any mutation (2.563041ms)
✔ billing page binds the selected company and admitted year without loading legacy workspace state (79.848083ms)
✔ unknown company and malformed cursor never send an annual request (23.872666ms)
✔ owner history remains available without admission, with each stored year and original action scope (23.618958ms)
✔ new current offer never replaces older purchase terms or archive year (87.565208ms)
✔ partial capture stays visible independently of price, refunds and paid access (31.922291ms)
✔ web-first fallback is explicitly limited and never passes a company history cursor to the old snapshot (64.5535ms)
✔ unavailable offer preserves readable history but a later access rejection hides it (80.196833ms)
✔ an empty company-wide history without admission is an authorized empty result (16.892916ms)
✔ an empty continuation page never claims the company has no purchase history (41.471334ms)
✔ read failure offers fresh history and MFA recovery retains cancellation context (77.305958ms)
✔ read after uncertain cancellation reuses the key only on the same purchase (84.458708ms)
✔ discovery loads only the selected canonical purchase and keeps money in history (32.739291ms)
✔ absent or unavailable discovery retains authorized history without claiming no refund (57.745875ms)
✔ discovery authentication rejection suppresses all earlier protected reads (29.45425ms)
✔ invalid or off-page selection sends no discovery request and never substitutes another purchase (77.190708ms)
✔ foreign discovery scope and replaced representative cannot silently select the earlier request (56.675375ms)
✔ login preserves selected request and both cursors without performing any action (6.226042ms)
✔ unavailable discovery retries the same page and receipt while newest navigation explicitly resets them (118.975ms)
✔ Company Access mfa failure retains the selected second company before authorization succeeds (17.163ms)
✔ Company Access login failure retains the selected second company before authorization succeeds (22.572292ms)
✔ Company Access retry failure retains the selected second company before authorization succeeds (6.202792ms)
✔ billing account layout leaves legal and company recovery to its authorized page (10.065083ms)
✔ persisted cancellation exposes explicit agreement recovery for pending purchase without recurring consent (2.416125ms)
✔ persisted cancellation exposes explicit agreement recovery for paid purchase without recurring consent (3.041625ms)
✔ persisted cancellation exposes explicit agreement recovery for failed purchase without recurring consent (1.629958ms)
✔ persisted cancellation exposes explicit agreement recovery for refunded purchase without recurring consent (0.889875ms)
✔ owner recovery selection survives login without trusting a forged cleanup confirmation (32.452041ms)
✔ only stored pending history exposes status recovery: pending (10.558208ms)
✔ only stored pending history exposes status recovery: paid (12.590791ms)
✔ only stored pending history exposes status recovery: refunded (16.057792ms)
✔ only stored pending history exposes status recovery: failed (13.305666ms)
✔ checkout recovery marker survives login and page MFA without triggering observation (26.151459ms)
✔ checkout preparation is read-only and follows the selected admitted company-year (21.208958ms)
✔ unverified initiating user or later preparation access rejection hides protected history (21.661333ms)
✔ checkout selection starts on newest history and retains its earlier page as a separate backlink (14.056708ms)
✔ pending checkout and canceled-agreement recovery coexist with distinct sibling identities (0.8215ms)
✔ scoped pending observation refreshes canonical history and discards partial checkout details (268.537458ms)
✔ scoped paid observation refreshes canonical history and discards partial checkout details (10.950458ms)
✔ scoped refunded observation refreshes canonical history and discards partial checkout details (7.972708ms)
✔ scoped failed observation refreshes canonical history and discards partial checkout details (7.803334ms)
✔ step-up keeps original checkout and company-wide cursor for explicit recovery (4.557791ms)
✔ sign-in keeps original checkout and company-wide cursor for explicit recovery (3.407875ms)
✔ unavailable keeps original checkout and company-wide cursor for explicit recovery (6.057791ms)
✔ missing session and malformed intent cannot observe a checkout (22.95575ms)
✔ foreign company or purchase cannot refresh or confirm the requested checkout (39.848667ms)
✔ repeated checks keep the same purchase and no new operation identity (2.690833ms)
✔ failed revalidation cannot announce a locally paid purchase (21.545458ms)
✔ status check starts idle and contains only original-intent and navigation fields (31.463041ms)
✔ pending result leaves canonical history in charge of payment status and money (11.298166ms)
✔ paid result leaves canonical history in charge of payment status and money (9.115291ms)
✔ refunded result leaves canonical history in charge of payment status and money (7.414084ms)
✔ failed result leaves canonical history in charge of payment status and money (17.032833ms)
✔ in-flight request disables duplicate clicks and hides older messages (17.566042ms)
✔ foreign result and recovery state stay hidden on the current purchase (79.520583ms)
✔ lost browser response retains retry and read-only history refresh without inventing payment (73.009083ms)
✔ only a fresh scoped pending observation exposes its explicit approval link (96.923875ms)
✔ restoration retains exact original body/key/year/user without network work (5.624625ms)
✔ withdrawal choice persists before recovery and cannot revert or change intent (0.211459ms)
✔ only a matching saved request can be removed; late A cannot erase B (0.146583ms)
✔ storage read failure cannot overwrite or release retained intent (3.834042ms)
✔ storage write failure cannot overwrite or release retained intent (5.415ms)
✔ storage remove failure cannot overwrite or release retained intent (0.119916ms)
✔ unsupported draft version is retained without replacement (1.300417ms)
✔ unsupported draft initiatingUserId is retained without replacement (0.150292ms)
✔ unsupported draft idempotencyKey is retained without replacement (0.08575ms)
✔ unsupported draft beforePurchaseId is retained without replacement (0.13625ms)
✔ unsupported draft phase is retained without replacement (0.07025ms)
✔ unsupported draft providerUrl is retained without replacement (0.070542ms)
✔ unsupported draft token is retained without replacement (0.075875ms)
✔ draft business input companyId fails before use (0.059167ms)
✔ draft business input incomeYear fails before use (0.040792ms)
✔ draft business input incomeYear fails before use (0.038292ms)
✔ draft business input termsDigest fails before use (0.073958ms)
✔ draft business input purchaseAccepted fails before use (0.04425ms)
✔ draft business input recurringConsent fails before use (0.03375ms)
✔ draft business input offerVersion fails before use (0.030792ms)
✔ draft business input consentVersion fails before use (0.031375ms)
✔ draft business input readiness fails before use (0.039667ms)
✔ draft business input actorId fails before use (0.033334ms)
✔ history navigation selects the purchase on newest history and keeps prior cursor only as a backlink (0.460375ms)
✔ checkout-requested verifies exact token subject and forwards only original body/key (150.836041ms)
✔ checkout-requested blocks missing or changed initiating user {"token":null} (7.505959ms)
✔ checkout-requested blocks missing or changed initiating user {"user":null} (36.482792ms)
✔ checkout-requested blocks missing or changed initiating user {"user":"30000000-0000-4000-8000-000000000001"} (5.312333ms)
✔ checkout-requested sign-in preserves request and explicit recovery return (6.519875ms)
✔ checkout-requested step-up preserves request and explicit recovery return (5.213209ms)
✔ checkout-requested unavailable preserves request and explicit recovery return (6.857458ms)
✔ checkout-requested cannot resolve a foreign response or failed canonical refresh (3.595167ms)
✔ checkout-requested cannot resolve a foreign response or failed canonical refresh (5.723042ms)
✔ withdrawal-requested verifies exact token subject and forwards only original body/key (6.805291ms)
✔ withdrawal-requested blocks missing or changed initiating user {"token":null} (7.119167ms)
✔ withdrawal-requested blocks missing or changed initiating user {"user":null} (55.438583ms)
✔ withdrawal-requested blocks missing or changed initiating user {"user":"30000000-0000-4000-8000-000000000001"} (2.892542ms)
✔ withdrawal-requested sign-in preserves request and explicit recovery return (2.752667ms)
✔ withdrawal-requested step-up preserves request and explicit recovery return (34.686417ms)
✔ withdrawal-requested unavailable preserves request and explicit recovery return (30.407375ms)
✔ withdrawal-requested cannot resolve a foreign response or failed canonical refresh (2.561208ms)
✔ withdrawal-requested cannot resolve a foreign response or failed canonical refresh (4.509292ms)
✔ wrong phase, malformed or duplicate draft cannot reach a checkout command (16.340208ms)
✔ owner cleanup action returns only the scoped backend confirmed result (223.395708ms)
✔ owner cleanup action returns only the scoped backend pending result (7.162083ms)
✔ owner cleanup action returns only the scoped backend unknown result (4.008208ms)
✔ owner cleanup action returns only the scoped backend deferred result (4.866708ms)
✔ owner cleanup step-up never trusts previous confirmation and retains retry scope (5.778166ms)
✔ owner cleanup sign-in never trusts previous confirmation and retains retry scope (9.293583ms)
✔ owner cleanup unavailable never trusts previous confirmation and retains retry scope (3.80675ms)
✔ missing session and malformed scope never call the provider recovery endpoint (28.280917ms)
✔ retries use the same purchase without a browser operation key and reject mismatched response scope (4.346584ms)
✔ owner cleanup starts idle and only an explicit form can run recovery (65.097833ms)
✔ owner cleanup renders confirmed without claiming another outcome (14.0445ms)
✔ owner cleanup renders pending without claiming another outcome (4.026ms)
✔ owner cleanup renders unknown without claiming another outcome (20.615375ms)
✔ owner cleanup renders deferred without claiming another outcome (9.107625ms)
✔ pending submission disables repeated clicks and hides stale success (8.148292ms)
✔ foreign purchase state cannot appear on the current control (22.246875ms)
✔ lost browser action response stays unconfirmed and the same purchase can retry (31.874709ms)
✔ pending recovery refreshes canonical money while returning only exact-operation feedback (241.312625ms)
✔ unknown recovery refreshes canonical money while returning only exact-operation feedback (30.593333ms)
✔ confirmed recovery refreshes canonical money while returning only exact-operation feedback (9.280709ms)
✔ failed recovery refreshes canonical money while returning only exact-operation feedback (20.667792ms)
✔ step-up retains original receipt and both cursors for explicit retry (25.946ms)
✔ sign-in retains original receipt and both cursors for explicit retry (12.284584ms)
✔ unavailable retains original receipt and both cursors for explicit retry (8.212083ms)
✔ billing rejection reaches the real MFA inspection through its page and client with exact receipt context (102.638792ms)
✔ missing MFA session preserves fresh intent and the entire nested billing return through login (186.292375ms)
✔ malformed scope cannot call backend and missing session refreshes protected history (49.22125ms)
✔ foreign response and failed history refresh never announce confirmation (45.802625ms)
✔ repeated explicit checks send the same receipt without a new operation key (3.512209ms)
✔ render is idle, keeps exact receipt fields and disables duplicate pending submission (105.122125ms)
✔ confirmation remains operation-scoped and foreign or stale request states stay hidden (41.214875ms)
✔ lost browser response preserves the same receipt and only explicit retry calls again (66.81475ms)
✔ pending operator action verifies the exact token and sends only original scoped IDs (152.385542ms)
✔ unknown operator action verifies the exact token and sends only original scoped IDs (61.733917ms)
✔ confirmed operator action verifies the exact token and sends only original scoped IDs (21.240042ms)
✔ missing or changed verified operator blocks dispatch {"token":null} (40.938917ms)
✔ missing or changed verified operator blocks dispatch {"userId":null} (7.5065ms)
✔ missing or changed verified operator blocks dispatch {"userError":{}} (4.42525ms)
✔ missing or changed verified operator blocks dispatch {"userId":"10000000-0000-4000-8000-000000000099"} (12.711958ms)
✔ 401/AUTHENTICATION_REQUIRED refreshes all operator evidence and keeps complete explicit return (3.716834ms)
✔ 403/BILLING_STEP_UP_REQUIRED refreshes all operator evidence and keeps complete explicit return (3.289834ms)
✔ 403/BILLING_FORBIDDEN refreshes all operator evidence and keeps complete explicit return (6.731209ms)
✔ 404/BILLING_NOT_FOUND refreshes all operator evidence and keeps complete explicit return (20.635583ms)
✔ 503/BILLING_UNAVAILABLE refreshes all operator evidence and keeps complete explicit return (33.331708ms)
✔ duplicate, missing and malformed identity or cursors never dispatch (88.714209ms)
✔ foreign response or failed canonical refresh cannot report confirmation (61.050333ms)
✔ explicit repeated operator checks retain the same three IDs and no attempt key (3.135417ms)
✔ actual control stays read-only on render and blocks duplicate events until same-request pending recovery settles (33.089833ms)
✔ lost action response leaves original scope for explicit retry and never posts during a fresh mount (43.076833ms)
✔ late results after unmount cannot replace a new operator's state (6.682167ms)
✔ feedback remains operation-scoped and mismatched identity never announces confirmation (131.280042ms)
✔ pending operator action verifies the exact token and sends only original scoped IDs (216.537167ms)
✔ unknown operator action verifies the exact token and sends only original scoped IDs (7.939791ms)
✔ confirmed operator action verifies the exact token and sends only original scoped IDs (5.452292ms)
✔ failed operator action verifies the exact token and sends only original scoped IDs (4.482625ms)
✔ missing or changed verified operator blocks dispatch {"token":null} (4.485791ms)
✔ missing or changed verified operator blocks dispatch {"userId":null} (49.503166ms)
✔ missing or changed verified operator blocks dispatch {"userError":{}} (9.765458ms)
✔ missing or changed verified operator blocks dispatch {"userId":"10000000-0000-4000-8000-000000000099"} (21.924292ms)
✔ 401/AUTHENTICATION_REQUIRED refreshes all operator evidence and keeps complete explicit return (4.186292ms)
✔ 403/BILLING_STEP_UP_REQUIRED refreshes all operator evidence and keeps complete explicit return (45.454625ms)
✔ 403/BILLING_FORBIDDEN refreshes all operator evidence and keeps complete explicit return (4.011917ms)
✔ 404/BILLING_NOT_FOUND refreshes all operator evidence and keeps complete explicit return (12.393667ms)
✔ 503/BILLING_UNAVAILABLE refreshes all operator evidence and keeps complete explicit return (55.474292ms)
✔ duplicate, missing and malformed identity or cursors never dispatch (161.157875ms)
✔ foreign response or failed canonical refresh cannot report confirmation (64.3575ms)
✔ explicit repeated operator checks retain the same four IDs and no attempt key (3.124625ms)
✔ actual control stays read-only on render and blocks duplicate events until same-request pending recovery settles (151.850333ms)
✔ lost action response leaves original scope for explicit retry and never posts during a fresh mount (26.550625ms)
✔ late results after unmount cannot replace a new operator's state (9.263334ms)
✔ feedback remains operation-scoped and mismatched identity never announces confirmation (146.32675ms)
✔ support view preserves outstanding money, deadline, failed and unknown effects after a partial refund (109.3915ms)
✔ support view distinguishes absent refund and stop evidence from confirmation (1.274542ms)
✔ empty and denied support states remain distinct and errors hide previous data (0.797041ms)
✔ billing-only support case loads annual evidence without company-profile rows and retains its cursor (16.968083ms)
✔ profile-only or unreadable cases cannot trigger annual billing reads (31.304ms)
✔ early fresh MFA rejection remains recoverable before the annual support read (47.827166ms)
✔ annual access failure remains an error even when the generic support case is readable (3.674458ms)
✔ operator read 401/AUTH_REQUIRED retains recovery and hides all earlier case evidence (35.679375ms)
✔ operator read 403/FRESH_MFA_REQUIRED retains recovery and hides all earlier case evidence (74.882375ms)
✔ operator read 403/BILLING_STEP_UP_REQUIRED retains recovery and hides all earlier case evidence (12.19975ms)
✔ operator read 403/AAL2_REQUIRED retains recovery and hides all earlier case evidence (13.098916ms)
✔ operator read 403/SUPPORT_ACCESS_DENIED retains recovery and hides all earlier case evidence (39.242416ms)
✔ operator read 404/COMPANY_ACCESS_NOT_FOUND retains recovery and hides all earlier case evidence (19.776167ms)
✔ operator read 503/FRESH_MFA_REQUIRED retains recovery and hides all earlier case evidence (75.768333ms)
✔ returned case/company bindings and missing session fail before protected evidence is presented (30.010625ms)
✔ generated annual support transport carries company/case/cursor without caching or mutation (148.8115ms)
✔ operator target read uses exact page actor and selected authorized purchase before publishing evidence (11.486583ms)
✔ changed or unverifiable operator clears evidence before protected data reads (38.526792ms)
✔ selected company is an assertion against the opened case and never a replacement company (3.343083ms)
✔ a missing selected purchase stays explicit and cannot load a substitute target (17.857792ms)
✔ selected refund destination under a nonbilling case is a denial, not empty success (4.895042ms)
✔ late targets 401/AUTHENTICATION_REQUIRED remove earlier summaries, purchase money and controls (74.077459ms)
✔ late targets 403/BILLING_STEP_UP_REQUIRED remove earlier summaries, purchase money and controls (10.605ms)
✔ late targets 403/BILLING_FORBIDDEN remove earlier summaries, purchase money and controls (2.570417ms)
✔ late targets 404/undefined remove earlier summaries, purchase money and controls (18.923083ms)
✔ late targets 404/BILLING_NOT_FOUND remove earlier summaries, purchase money and controls (4.122375ms)
✔ late targets 503/BILLING_UNAVAILABLE remove earlier summaries, purchase money and controls (3.126375ms)
✔ foreign target companyId cannot publish earlier case evidence (46.087625ms)
✔ foreign target supportCaseId cannot publish earlier case evidence (13.3995ms)
✔ foreign target purchaseId cannot publish earlier case evidence (8.985083ms)
✔ foreign target incomeYear cannot publish earlier case evidence (15.12725ms)
✔ target view retains all request bindings, both cursors and canonical outstanding balance (2.756875ms)
✔ missing selected receipt is announced without silently using a replacement receipt (1.716083ms)
✔ unreadable target-page reload preserves the complete selected request and both cursors (1.227542ms)
✔ operator STOP check is available only for recorded cleanup in an authorized purchase page (6.857875ms)
✔ current client exposes cleanup but no retired acquisition methods (95.796083ms)
✔ billing entitlement is read from the backend and malformed policy is rejected (1.090958ms)
✔ annual billing owns current offers and workspace exposes historical cleanup (2.969416ms)
✔ filing page consumes the backend billing decision without rebuilding pilot policy (0.643791ms)
✔ ambiguous billing outcomes retain the exact operation key for replay (0.29125ms)
✔ billing retry redirects and Norwegian plan labels have one shared policy (0.472083ms)
✔ annual snapshot uses a scoped cursor and rejects malformed stored facts (1.890166ms)
✔ web-first owner loader falls back to predecessor history without inventing refund evidence (162.187625ms)
✔ new owner snapshot uses one strict expanded response for money and refund evidence (85.730417ms)
✔ company-wide owner history sends no income year and keeps its cursor company-scoped (60.26175ms)
✔ missing history endpoint is distinct from an application cursor or authorization error (130.08175ms)
✔ offer access rejection follows backend authentication status rather than error text (44.764208ms)
✔ owner refund read 401 never falls back to potentially stale purchase evidence (16.041458ms)
✔ owner refund read 403 never falls back to potentially stale purchase evidence (30.977834ms)
✔ owner refund read 503 never falls back to potentially stale purchase evidence (5.745417ms)
✔ annual cancellation sends only company/purchase intent and preserves its durable key (0.302542ms)
✔ annual client rejects private provider fields and invalid money in responses (0.333584ms)
✔ annual recovery trusts a valid step-up problem and treats malformed failures as unavailable (0.341875ms)
✔ historical cleanup remains reachable without reactivated legacy flags (0.252166ms)
✔ annual checkout and observation use POST with bounded customer data and exact retry identity (0.391042ms)
✔ annual checkout client rejects leaked provider state and malformed purchase totals (0.361375ms)
✔ annual agreement cleanup sends only purchase scope and validates unresolved outcomes (0.609167ms)
✔ owner status recovery observes the original checkout with strict no-store transport (12.569584ms)
✔ refund recovery client sends one stored request and validates original-operation status (0.800583ms)
✔ refund recovery target discovery is a strict scoped GET without command headers (0.756125ms)
✔ owner discovery fallback distinguishes absent route from domain cursor and authority errors (222.14125ms)
✔ owner refund recovery wrapper sends exact request intent without allocating a mutation key (5.419625ms)
✔ checkout preparation is a no-store authenticated GET with no idempotency key or body (6.075542ms)
✔ preparation existing purchase carries no current offer or consent (6.065584ms)
✔ preparation rejects malformed or foreign projection {"companyId":"20000000-0000-4000-8000-000000000001"} (41.9955ms)
✔ preparation rejects malformed or foreign projection {"incomeYear":2027} (33.542625ms)
✔ preparation rejects malformed or foreign projection {"offer":null} (20.64725ms)
✔ preparation rejects malformed or foreign projection {"consentVersion":null} (8.245875ms)
✔ preparation rejects malformed or foreign projection {"consentVersion":""} (81.804666ms)
✔ preparation rejects malformed or foreign projection {"purchaseId":"20000000-0000-4000-8000-000000000001"} (6.27825ms)
✔ preparation rejects malformed or foreign projection {"offer":{"companyId":"10000000-0000-4000-8000-000000000001","incomeYear":2027,"offerVersion":"annual-fixture","termsDigest":"aaaaaaaaaaaaaaaaaaaaaaaaaaaaaaaaaaaaaaaaaaaaaaaaaaaaaaaaaaaaaaaa","termsText":"Stored fixture terms","currency":"NOK","grossMinor":149000,"netMinor":119200,"vatMinor":29800,"vatBasisPoints":2500,"paidThrough":"2027-07-31","exportThrough":"2027-10-31","renewalDate":"2027-01-01","renewalReminderBy":"2026-12-01","priceChangeNoticeBy":"2026-11-01"}} (34.28975ms)
✔ preparation rejects malformed or foreign projection {"offer":{"companyId":"20000000-0000-4000-8000-000000000001","incomeYear":2026,"offerVersion":"annual-fixture","termsDigest":"aaaaaaaaaaaaaaaaaaaaaaaaaaaaaaaaaaaaaaaaaaaaaaaaaaaaaaaaaaaaaaaa","termsText":"Stored fixture terms","currency":"NOK","grossMinor":149000,"netMinor":119200,"vatMinor":29800,"vatBasisPoints":2500,"paidThrough":"2027-07-31","exportThrough":"2027-10-31","renewalDate":"2027-01-01","renewalReminderBy":"2026-12-01","priceChangeNoticeBy":"2026-11-01"}} (5.843042ms)
✔ preparation rejects malformed or foreign projection {"state":"existing"} (23.590167ms)
✔ preparation rejects malformed or foreign projection {"state":"existing","offer":null,"consentVersion":null} (8.112833ms)
✔ preparation rejects malformed or foreign projection {"state":"ready"} (5.580125ms)
✔ preparation rejects malformed or foreign projection {"providerAccount":"private"} (14.718875ms)
✔ preparation rejects malformed or foreign projection {"readinessReference":"private"} (22.54825ms)
✔ preparation rejects malformed or foreign projection {"checkoutUrl":"https://forged.example"} (5.879375ms)
✔ predecessor preparation route absence is unavailable and protected failures remain errors (49.733584ms)
✔ checkout start keeps exact accepted intent and key through authenticated no-store transport (8.80275ms)
✔ start and observation reject foreign scope and unsafe or terminal approval links (384.996583ms)
✔ withdrawal accepts only a scoped mutually exclusive receipt and never interprets a missing route as release (88.155541ms)
✔ generated operator refund recovery retains four scoped IDs and never creates an attempt key (0.82175ms)
✔ generated operator target discovery preserves case and operation cursor with no mutation (0.408334ms)
✔ operator wrappers reject any foreign case, company, purchase or request projection (37.8085ms)
✔ operator missing-route and domain errors remain failures for both discovery and recovery (50.11425ms)
✔ operator STOP recovery authenticates without a new attempt key and validates exact existing scope (75.599209ms)
✔ support entry authorizes before protected reads and preserves its recovery destination (174.018208ms)
✔ marketing entry authorizes before protected reads and preserves its recovery destination (32.325875ms)
✔ failed case or annual read suppresses ancillary reads, mutation controls and protected evidence (72.942208ms)
✔ malformed or duplicate case/cursor selection never triggers protected page loaders (60.346292ms)
✔ authorized support-role entry retains ordinary support and marketing behavior (18.269542ms)
✔ presentation shell leaves scoped auth recovery to each page without mutating the session (4.175208ms)
✔ page access preserves missing/rejected sessions, provider errors and both authorized operator roles (14.254875ms)
✔ complete operator selection survives login and MFA without losing either cursor (23.724083ms)
✔ malformed, duplicate and orphan operator selection cannot invoke protected loaders (174.586542ms)
✔ late selected-target failure keeps full recovery destination and suppresses ancillary controls (41.212ms)
✔ explicit reauthentication displays the login form despite a backend-rejected but valid Supabase session (36.105625ms)
✔ ordinary signed-in login and signup redirects and unconfirmed-user gate remain intact (254.70575ms)
✔ signIn preserves explicit reauthentication and next through failures (62.763167ms)
✔ signInWithGoogle preserves explicit reauthentication and next through failures (38.745959ms)
✔ successful password login consumes recovery intent; ordinary unconfirmed credentials keep verification recovery (5.781791ms)
✔ Google startup carries recovery through its callback URL (2.693375ms)
✔ the Google form carries the same explicit recovery intent as password sign-in (6.224916ms)
✔ denied, missing, failed and unavailable OAuth callbacks return to an actionable recovery login (85.783917ms)
✔ successful callback returns to the scoped page while ordinary email confirmation failure is unchanged (7.390584ms)
✔ web billing commands and queries cross only the generated backend client (1.359ms)
✔ the retired TypeScript policy modules stay removed (0.272125ms)
✔ annual submission review renders the backend entitlement without a second policy (0.119625ms)
✔ billing uses the versioned company-access authorization seam (1.816833ms)
✔ historical cleanup retains audit facts while retired acquisition actions disappear (0.672542ms)
✔ pending filing feedback remains recoverable after expired (59.96325ms)
✔ pending filing feedback remains recoverable after suspended (0.331083ms)
✔ pending filing feedback remains recoverable after readiness_changed (0.6625ms)
ℹ tests 302
ℹ suites 0
ℹ pass 302
ℹ fail 0
ℹ cancelled 0
ℹ skipped 0
ℹ todo 0
ℹ duration_ms 2788.323375
