F..............                                                          [100%]
=================================== FAILURES ===================================
_______ test_latest_state_survives_contract_full_rollback_and_recutover ________

database = <psycopg.Connection [INTRANS] (host=127.0.0.1 port=52966 user=postgres database=accounts153_setup_fix_d060) at 0x107ffb560>

    def test_latest_state_survives_contract_full_rollback_and_recutover(database):
        db = database
        original = rows(db, 'public')
        before = environment(db)
        apply(db, CUTOVER)
        assert environment(db) == before
        with actor(db, role='annual_accounts_filing_store_owner'):
            assert rows(db, 'annual_accounts_filing') == original
        assert all(value == [] for value in rows(db, 'public').values())
        for family in FAMILIES:
            with pytest.raises(psycopg.Error) as rejected:
                with db.transaction():
                    db.execute(sql.SQL('insert into public.{} select (jsonb_populate_record(null::public.{},%s)).*').format(
                        sql.Identifier(family), sql.Identifier(family)), (json.dumps(original[family][0]),))
            assert rejected.value.sqlstate == '23514' or rejected.value.diag.message_primary == 'rf1086_legacy_writer_retired'
    
        # Keep actual owned writes through later phases while restoring caller grants.
        runner = db.execute('select current_user').fetchone()[0]
        before_grants = memberships(db)
        db.execute(sql.SQL('grant annual_accounts_filing_workflow_executor to {} with set true granted by {}').format(sql.Identifier(runner), sql.Identifier(runner)))
        identity = ACTORS['owner']
        claims = json.dumps({'sub': identity, 'role': 'authenticated', 'aal': 'aal2', 'amr': [{'method': 'totp', 'timestamp': int(db.execute('select extract(epoch from transaction_timestamp())').fetchone()[0])-1}]})
        for key, value in [('request.jwt.claims', claims), ('talli.verified_actor_id', identity), ('talli.verified_actor_claims', claims)]:
            db.execute('select set_config(%s,%s,true)', (key, value))
        db.execute('set local role annual_accounts_filing_workflow_executor')
        payload = dict(environment='manual_evidence', status='pending', test_reference='latest-after-cutover', feedback_summary='Synthetic canonical evidence', receipt_reference=None, archive_reference=None, evidence_url=None, payload_hash=None)
        latest = db.execute('select annual_accounts_filing.record_test_evidence_v1(%s,%s::jsonb,%s)', (COMPANY, json.dumps(payload), identity)).fetchone()[0]
        db.execute('select annual_accounts_filing.acknowledge_review_comment_v1(%s,%s)', (IDS['filing_review_comments'], identity))
        db.execute('reset role')
        db.execute(sql.SQL('revoke annual_accounts_filing_workflow_executor from {} granted by {}').format(sql.Identifier(runner), sql.Identifier(runner)))
        assert memberships(db) == before_grants
        changed = environment(db)
        assert changed['archive'] != before['archive']
        assert changed['audit'] == before['audit']
        apply(db, CONTRACT)
        assert all(db.execute('select to_regclass(%s) is null', ('public.' + f,)).fetchone()[0] for f in FAMILIES)
        assert environment(db) == changed
        with actor(db, role='company_tax_filing_workflow_executor') as identity:
>           tax = db.execute('select company_tax_filing.read_source_snapshot_v1(%s,2025,%s)', (COMPANY, identity)).fetchone()[0]
                  ^^^^^^^^^^^^^^^^^^^^^^^^^^^^^^^^^^^^^^^^^^^^^^^^^^^^^^^^^^^^^^^^^^^^^^^^^^^^^^^^^^^^^^^^^^^^^^^^

apps/backend/tests/test_annual_accounts_filing_lifecycle.py:146: 
_ _ _ _ _ _ _ _ _ _ _ _ _ _ _ _ _ _ _ _ _ _ _ _ _ _ _ _ _ _ _ _ _ _ _ _ _ _ _ _ 

self = <psycopg.Connection [INTRANS] (host=127.0.0.1 port=52966 user=postgres database=accounts153_setup_fix_d060) at 0x107ffb560>
query = 'select company_tax_filing.read_source_snapshot_v1(%s,2025,%s)'
params = ('15300000-0000-4000-8000-000000000001', '15300000-0000-4000-8000-000000000010')

    def execute(
        self,
        query: Query,
        params: Params | None = None,
        *,
        prepare: bool | None = None,
        binary: bool = False,
    ) -> Cursor[Row]:
        """Execute a query and return a cursor to read its results."""
        try:
            cur = self.cursor()
            if binary:
                cur.format = BINARY
    
            return cur.execute(query, params, prepare=prepare)
        except e._NO_TRACEBACK as ex:
>           raise ex.with_traceback(None)
E           psycopg.errors.RaiseException: company_tax_return_unavailable
E           CONTEXT:  PL/pgSQL function company_tax_filing.read_source_snapshot_v1(uuid,integer,text) line 12 at RAISE

apps/backend/.venv/lib/python3.12/site-packages/psycopg/connection.py:257: RaiseException
=========================== short test summary info ============================
FAILED apps/backend/tests/test_annual_accounts_filing_lifecycle.py::test_latest_state_survives_contract_full_rollback_and_recutover
1 failed, 14 passed in 5.94s
