F....F.........                                                          [100%]
=================================== FAILURES ===================================
_______ test_latest_state_survives_contract_full_rollback_and_recutover ________

database = <psycopg.Connection [INTRANS] (host=127.0.0.1 port=52966 user=postgres database=accounts153_setup_fix_d060) at 0x10c13f5c0>

    def test_latest_state_survives_contract_full_rollback_and_recutover(database):
        db = database
        original = rows(db, 'public')
        before = environment(db)
        apply(db, CUTOVER)
        assert environment(db) == before
        with actor(db, role='annual_accounts_filing_store_owner'):
            assert rows(db, 'annual_accounts_filing') == original
        assert all(value == [] for value in rows(db, 'public').values())
        for family in FAMILIES:
            with pytest.raises(psycopg.errors.CheckViolation):
                with db.transaction():
>                   db.execute(sql.SQL('insert into public.{} select (jsonb_populate_record(null::public.{},%s)).*').format(
                        sql.Identifier(family), sql.Identifier(family)), (json.dumps(original[family][0]),))

apps/backend/tests/test_annual_accounts_filing_lifecycle.py:120: 
_ _ _ _ _ _ _ _ _ _ _ _ _ _ _ _ _ _ _ _ _ _ _ _ _ _ _ _ _ _ _ _ _ _ _ _ _ _ _ _ 

self = <psycopg.Connection [INTRANS] (host=127.0.0.1 port=52966 user=postgres database=accounts153_setup_fix_d060) at 0x10c13f5c0>
query = Composed([SQL('insert into public.'), Identifier('filing_review_comments'), SQL(' select (jsonb_populate_record(null::public.'), Identifier('filing_review_comments'), SQL(',%s)).*')])
params = ('{"id": "15300000-0000-4000-8000-000000000025", "body": "Synthetic review", "target": "rf1086_preview", "severity": "...0000000010", "preview_id": "15300000-0000-4000-8000-000000000020", "acknowledged_at": null, "acknowledged_by": null}',)

    def execute(
        self,
        query: Query,
        params: Params | None = None,
        *,
        prepare: bool | None = None,
        binary: bool = False,
    ) -> Cursor[Row]:
        """Execute a query and return a cursor to read its results."""
        try:
            cur = self.cursor()
            if binary:
                cur.format = BINARY
    
            return cur.execute(query, params, prepare=prepare)
        except e._NO_TRACEBACK as ex:
>           raise ex.with_traceback(None)
E           psycopg.errors.RaiseException: rf1086_legacy_writer_retired
E           CONTEXT:  PL/pgSQL function shareholder_register_filing.sync_legacy_projection_v1() line 7 at RAISE

apps/backend/.venv/lib/python3.12/site-packages/psycopg/connection.py:257: RaiseException
____________ test_real_authorization_and_phase_contracts[expanded] _____________

database = <psycopg.Connection [INTRANS] (host=127.0.0.1 port=52966 user=postgres database=accounts153_setup_fix_d060) at 0x10c18a420>
phase = 'expanded'

    @pytest.mark.parametrize('phase', ['expanded', 'cutover', 'contracted'])
    def test_real_authorization_and_phase_contracts(database, phase):
        db = database
        if phase != 'expanded':
            apply(db, CUTOVER)
        if phase == 'contracted':
            apply(db, CONTRACT)
        for name in ACTORS:
            with actor(db, name) as identity:
                def read():
                    return db.execute('select annual_accounts_filing.read_workspace_v1(%s,2025,%s)', (COMPANY, identity)).fetchone()[0]
                if phase == 'expanded':
>                   expect_error(db, 'annual_accounts_unavailable', read)

apps/backend/tests/test_annual_accounts_filing_lifecycle.py:203: 
_ _ _ _ _ _ _ _ _ _ _ _ _ _ _ _ _ _ _ _ _ _ _ _ _ _ _ _ _ _ _ _ _ _ _ _ _ _ _ _ 

db = <psycopg.Connection [INTRANS] (host=127.0.0.1 port=52966 user=postgres database=accounts153_setup_fix_d060) at 0x10c18a420>
message = 'annual_accounts_unavailable'
operation = <function test_real_authorization_and_phase_contracts.<locals>.read at 0x10c197d80>

    def expect_error(db, message, operation):
        with pytest.raises(psycopg.Error) as caught:
            with db.transaction():
                operation()
>       assert caught.value.diag.message_primary == message
E       AssertionError: assert 'annual_accounts_not_found' == 'annual_accounts_unavailable'
E         
E         - annual_accounts_unavailable
E         + annual_accounts_not_found

apps/backend/tests/test_annual_accounts_filing_lifecycle.py:105: AssertionError
=========================== short test summary info ============================
FAILED apps/backend/tests/test_annual_accounts_filing_lifecycle.py::test_latest_state_survives_contract_full_rollback_and_recutover
FAILED apps/backend/tests/test_annual_accounts_filing_lifecycle.py::test_real_authorization_and_phase_contracts[expanded]
2 failed, 13 passed in 5.38s
