
> talli-repository@0.1.0 test:boundary-web
> node --experimental-strip-types --test apps/web/tests/system-boundary-presentation.test.mjs apps/web/tests/banking-presentation.test.mjs apps/web/tests/banking-connection-presentation.test.mjs apps/web/tests/company-access-presentation.test.mjs apps/web/tests/company-access-administration.test.mjs apps/web/tests/company-access-cancellation.test.mjs apps/web/tests/company-access-onboarding.test.mjs apps/web/tests/company-access-stage-exit.test.mjs apps/web/tests/company-access-action-recovery.test.mjs apps/web/tests/company-eligibility.test.mjs apps/web/tests/company-year-eligibility-gate.test.mjs apps/web/tests/corporate-governance-draft-lifecycle.test.mjs apps/web/tests/corporate-governance-presentation.test.mjs apps/web/tests/corporate-governance-transport.test.mjs apps/web/tests/documents-presentation.test.mjs apps/web/tests/investments-presentation.test.mjs apps/web/tests/invitation-side-effects.test.mjs apps/web/tests/internal-redirect.test.mjs apps/web/tests/ledger-audit-side-effects.test.mjs apps/web/tests/ledger-presentation.test.mjs apps/web/tests/ledger-writer-transport.test.mjs apps/web/tests/marketing-measurement.test.mjs apps/web/tests/owner-mfa-transition.test.mjs apps/web/tests/reauthentication.test.mjs apps/web/tests/public-acquisition.test.mjs tests/customer_agreement_actions.test.mjs tests/customer_agreement_reacceptance_ui.test.mjs apps/web/tests/operator-read-recovery.test.mjs apps/web/tests/authority-connections-transport.test.mjs tests/authority_connections_retirement.test.mjs apps/web/tests/shareholder-register-filing-transport.test.mjs && node --test tests/rf1086_workspace_fixture_safety.test.mjs tests/shareholder_register_browser_fixture_safety.test.mjs

✔ company connection reads batch more than 100 memberships without dropping or trusting unrelated records (73.14075ms)
✔ authorityConnectionsStartSystemUserRequest carries only intent identity through authenticated no-store generated transport (0.377542ms)
✔ authorityConnectionsRetrySystemUserRequest carries only intent identity through authenticated no-store generated transport (0.233375ms)
✔ authorityConnectionsReconcileSystemUserRequest carries only intent identity through authenticated no-store generated transport (0.2135ms)
✔ callback generated transport forwards proof separately from its sole request identity (0.251458ms)
✔ generated authority result rejects unknown statuses and malformed response contracts (28.671833ms)
✔ generated operator mutation preserves exact audit identity and redacted response (0.781375ms)
✔ technical signoff command has no recording actor or trusted timestamp (0.331875ms)
✔ connection presentation exposes only masked account, coverage and freshness (0.880333ms)
✔ recovery states give one calm next action and make missing coverage visible (0.124334ms)
✔ banking transport follows opaque pages through the generated client (22.424542ms)
✔ bank file transport persists a backend preview before explicit acceptance (2.289958ms)
✔ banking presentation preserves the frozen consumer shape without recreating policy (0.697459ms)
✔ banking error presentation preserves retry identity only for unknown outcomes (0.159167ms)
✔ create_invitation:outbox remains reachable and recovery finishes without another command (1.353167ms)
✔ create_invitation:audit remains reachable and recovery finishes without another command (0.222959ms)
✔ accept_invitation:audit remains reachable and recovery finishes without another command (0.159959ms)
✔ revoke_invitation:audit remains reachable and recovery finishes without another command (0.166416ms)
✔ resend_invitation:outbox remains reachable and recovery finishes without another command (0.153333ms)
✔ resend_invitation:audit remains reachable and recovery finishes without another command (0.812209ms)
✔ recovery actor comes from the server context and cannot claim another actor's continuation (0.1485ms)
✔ delivery persistence is owned by atomic completion, never by a browser outbox insert (0.115291ms)
✔ company-access administration transport uses only generated client operations (33.137459ms)
✔ generated decoders fail closed on every unknown or token-shaped invitation field (0.864417ms)
✔ cancellation lifecycle transport uses generated operations with bearer and deadline (22.726917ms)
✔ generated cancellation decoders reject malformed optional fields, UUIDs, and timestamps (44.727375ms)
✔ generated review decoder enforces evidence-reference length bounds (1.429917ms)
✔ truncated successful command JSON becomes a typed 502 and preserves the operation (0.34325ms)
✔ every concurrent archive source failure trips the completion barrier (0.212583ms)
✔ actions preserve exact cancellation inputs for network and decoder failures (0.074958ms)
✔ web cancellation lifecycle has no direct Supabase persistence or caller-owned proof (17.047917ms)
✔ an unknown organization keeps the specific Enhetsregisteret guidance (0.493584ms)
✔ agreement reacceptance uses an authenticated generated-client request (51.700958ms)
✔ actions and agreement gates have no direct business-persistence facade (57.468ms)
✔ company-access and system-boundary transports share typed fail-closed backend configuration (26.055041ms)
✔ both transports reject remote HTTP in every Node environment (0.478667ms)
✔ company-access and system-boundary accept the same HTTPS and loopback origins (88.424125ms)
✔ company-access transport sends the established session only through the generated client (0.603833ms)
✔ the company-access app boundary owns its presentation model instead of a Supabase row DTO (21.943375ms)
✔ owner context preserves the admitted company-year and current safety gate (1.67125ms)
✔ company record presentation maps the generated camel-case contract to existing web registry facts (0.302875ms)
✔ company-access transport fails closed on a partial context response (4.398875ms)
✔ generated company-context decoder rejects lower assurance, lower scope, and non-owner roles (0.645458ms)
✔ company records and case-bound operator access use authenticated generated-client operations (5.569583ms)
✔ a verified user without an owner company reaches onboarding but other context failures stay closed (0.36775ms)
✔ system-user callback delegates relationship authorization to the verified backend boundary (1.213625ms)
✔ every Stage 1 web consumer authorizes through company-access contracts (319.995167ms)
✔ stale admission evidence gets a truthful restart route (0.637375ms)
✔ precheck and definitive eligibility use public generated-client calls (56.642958ms)
✔ company-year admission is authenticated and carries the exact immutable boundary (0.588459ms)
✔ company-year recheck is authenticated, trigger-bound, and fail-closed decoded (0.81575ms)
✔ the functional public journey owns no policy, direct fetch, or business persistence (141.176042ms)
✔ the recheck helper carries future serialized triggers through the API (0.903ms)
✔ a blocked recheck stops the consequential operation and preserves its next step (0.286667ms)
✔ missing admission and provider failure both fail closed (0.180667ms)
✔ registration failure removes every newly persisted governance document (9.336917ms)
✔ registration failure preserves cleanup failures for reconciliation (0.239791ms)
✔ governance errors expose stable Norwegian owner guidance (1.521709ms)
✔ shareholder-loan form presentation explains treatment without exposing posting policy (0.579958ms)
✔ shareholder-loan errors never fall through to dividend guidance (0.125625ms)
✔ only transport and server failures preserve an unknown-outcome retry (0.138542ms)
✔ decision-facts transport sends only identity and accepts the generated response (119.070208ms)
✔ owner-dividend lifecycle transport preserves path and idempotency evidence (0.450541ms)
✔ owner-dividend transport rejects malformed lifecycle responses (0.491667ms)
✔ shareholder-loan transport preserves identity and rejects malformed responses (0.34575ms)
✔ document presentation is a transport-only shape conversion (1.095625ms)
✔ signed upload uses exactly the backend-issued object and finalizes once (80.488167ms)
✔ an ambiguous signed-transfer error is not blindly finalized (0.699417ms)
✔ invitation login continuation accepts only same-origin absolute paths (0.578333ms)
✔ investments transport uses generated routes, auth, idempotency, and opaque paging (100.747458ms)
✔ investment unit reads reject lossy wire values (31.221375ms)
✔ investment position reads preserve contract-declared lifecycle movement facts (0.3475ms)
✔ investment unit presentation stays decimal-string exact (0.234292ms)
✔ investments presentation maps canonical wire facts without owning policy (1.089875ms)
✔ investments errors preserve retry identity only for unknown outcomes (5.360667ms)
✔ investment actions require explicit owner and dividend attestations (4.478958ms)
✔ investment wizard controls can shrink inside the mobile grid (0.802542ms)
✔ side-effect identity is deterministic, actor-scoped, and purpose-scoped (1.274583ms)
✔ two actors can reuse one operation id without losing audit evidence (8.79475ms)
✔ same-actor retry reconciles exact rows and recovers an audit failure (2.366125ms)
✔ foreign rows are not an oracle because actor-derived ids never trigger their lookup (0.354542ms)
✔ ledger audit identity is deterministic and actor scoped (2.09375ms)
✔ ledger audit replay reconciles the exact immutable row (0.448416ms)
✔ ledger audit failure cannot be reported as success (1.370625ms)
✔ an in-progress idempotent command preserves its operation id for retry (0.711334ms)
✔ ledger errors keep the frozen plain-Norwegian guidance (0.1645ms)
✔ opening-snapshot transport chunks companies and follows opaque pages (47.225417ms)
✔ opening-snapshot compatibility projection preserves the frozen shape (0.767334ms)
✔ opening-snapshot decoders reject malformed collections and invariants (1.798958ms)
✔ ledger query transport follows opaque pages through the generated client (0.829209ms)
✔ reconstruction readiness comes from the generated backend contract (0.591042ms)
✔ current company-year close comes from the generated read-only backend contract (0.436709ms)
✔ company-year close presentation distinguishes stale and blocked assessments (0.133334ms)
✔ generated reconstruction decoder rejects unknown gap codes (0.271791ms)
✔ generated reconstruction decoder preserves historical null and rejects partial bindings (0.444791ms)
✔ generated company-year close decoder rejects unknown gap codes (0.158584ms)
✔ generated ledger query rejects a partial expanded source pair (0.268833ms)
✔ source-aware ledger query fails closed against a source-unaware backend (0.2635ms)
✔ source-aware ledger queries opt into the expanded response (0.193ms)
✔ ledger mutation transport injects decimal money and idempotency headers (0.313167ms)
✔ administrative-cost transport requires exact purpose-bound success evidence (0.469583ms)
✔ new-year start uses the generated atomic workflow without exposing ledger lines (0.218833ms)
✔ new-year start rejects malformed or non-opening success evidence (0.2225ms)
✔ opening setup action has no direct business persistence or duplicate posting policy (0.713625ms)
✔ manual journals and period locks reconcile their frozen audit continuation (0.447709ms)
✔ ledger presentation maps generated facts without recreating posting policy (0.344584ms)
✔ opening entries recover their setup identity from canonical ledger source facts (5.606208ms)
✔ archive presentation preserves the complete frozen ledger row projection (9.72925ms)
✔ ledger period-lock transport returns an empty result without a backend call (6.711333ms)
✔ every approved ledger-coordinator form submits one operation ID (1.1345ms)
✔ client action wizards keep one stable operation ID for their mounted form (0.120792ms)
✔ ledger retry IDs are plumbed only to the matching page form (0.34ms)
✔ all relocated transactional writers use the stable operation ID at the generated boundary (8.674667ms)
✔ share purchases and sales use the investments generated interface (0.536417ms)
✔ share-sale wizard submits intent without duplicating authoritative FIFO policy (0.116208ms)
✔ committed retries reach the coordinator before mutable legacy state can reject them (0.404459ms)
✔ unknown coordinator outcomes preserve only the scoped retry operation (0.930542ms)
✔ apps/web/tests/ledger-writer-transport.test.mjs (260.450416ms)
✔ consented anonymous funnel events accept only the bounded public vocabulary (1.297833ms)
✔ the first-party endpoint records one consented event without caching it (19.871208ms)
✔ the generated backend client receives only an irreversible session hash (1.595875ms)
✔ consent withdrawal deletes the bounded anonymous session through the same origin (4.300875ms)
✔ the beacon-compatible POST endpoint accepts only the bounded withdrawal command (15.225917ms)
✔ the first-party endpoint rejects an oversized chunked body while streaming (27.70975ms)
✔ the browser creates no optional storage before explicit consent and expires it after thirty minutes (0.273583ms)
✔ funnel producers emit only a bounded event from an active consent session (2.960708ms)
✔ the operator view consumes aggregate report fields without exposing raw identifiers (102.160042ms)
✔ consent presentation uses accurate session wording and equal choices (20.414542ms)
✔ support entry authorizes before protected reads and preserves its recovery destination (87.90175ms)
✔ marketing entry authorizes before protected reads and preserves its recovery destination (21.15075ms)
✔ failed case or annual read suppresses ancillary reads, mutation controls and protected evidence (53.252292ms)
✔ malformed or duplicate case/cursor selection never triggers protected page loaders (55.773917ms)
✔ authorized support-role entry retains ordinary support and marketing behavior (16.796042ms)
✔ presentation shell leaves scoped auth recovery to each page without mutating the session (4.248417ms)
✔ page access preserves missing/rejected sessions, provider errors and both authorized operator roles (15.570042ms)
✔ complete operator selection survives login and MFA without losing either cursor (21.751209ms)
✔ malformed, duplicate and orphan operator selection cannot invoke protected loaders (160.589167ms)
✔ late selected-target failure keeps full recovery destination and suppresses ancillary controls (42.802917ms)
✔ owner AAL2 is distinguished from other context failures without weakening the gate (6.657417ms)
✔ owner MFA inspection chooses enrollment, challenge, or verified state and fails closed (0.263625ms)
✔ enrollment and verification expose no provider errors and only resume after confirmed AAL2 (0.344042ms)
✔ explicit fresh MFA intent challenges an existing AAL2 session without a browser age decision (0.15375ms)
✔ owner transition is reachable after company-year admission and exposes an accessible, Norwegian MFA gate (17.76275ms)
✔ the public offer stays in free recruitment mode with one eligibility action (1.371167ms)
✔ the three-step eligibility explanation keeps its visual order for assistive technology (0.1405ms)
✔ the static homepage renders every required offer field in the approved order (0.27025ms)
✔ the recruitment homepage presents the approved annual offer exactly (0.095542ms)
✔ the public offer carries the approved proof links, minimum FAQ, and final eligibility invitation (0.126666ms)
✔ the complete public company-year promise is pinned to the canonical manifest (0.158166ms)
✔ live claims and checkout deny by default and every ad stop rule is binding (0.267083ms)
✔ the indexable public route set carries canonical metadata and no live overclaim (0.704917ms)
✔ explicit reauthentication displays the login form despite a backend-rejected but valid Supabase session (22.320083ms)
✔ ordinary signed-in login and signup redirects and unconfirmed-user gate remain intact (93.157375ms)
✔ signIn preserves explicit reauthentication and next through failures (21.645208ms)
✔ signInWithGoogle preserves explicit reauthentication and next through failures (8.292541ms)
✔ successful password login consumes recovery intent; ordinary unconfirmed credentials keep verification recovery (4.158125ms)
✔ Google startup carries recovery through its callback URL (2.2135ms)
✔ the Google form carries the same explicit recovery intent as password sign-in (3.775875ms)
✔ denied, missing, failed and unavailable OAuth callbacks return to an actionable recovery login (48.329667ms)
✔ successful callback returns to the scoped page while ordinary email confirmation failure is unchanged (5.713625ms)
✔ retained history reads keep every requested company and all years with authenticated no-store transport (20.353292ms)
✔ workspace rejects company instead of presenting a successful partial history (0.909208ms)
✔ workspace rejects child-company instead of presenting a successful partial history (0.523417ms)
✔ workspace rejects duplicate instead of presenting a successful partial history (0.393875ms)
✔ workspace rejects year instead of presenting a successful partial history (0.459792ms)
✔ workspace rejects invalid-status instead of presenting a successful partial history (0.378458ms)
✔ preview generation sends only original input identities and rejects a misbound audit scope (2.240083ms)
✔ a preview read cannot substitute another aggregate (1.373292ms)
✔ shipped Send and recovery generated contracts keep exact paths and nullable recovery result (0.509709ms)
✔ presentation preserves nested original payload/manifest bytes and field names (0.352292ms)
✔ canonical invalid approval input and stale MFA retain existing owner guidance codes (0.10225ms)
✔ presents the generated tracer response as a safe Norwegian success (2.1065ms)
✔ presents transport failures without leaking exception details (0.286958ms)
✔ generated client accepts the declared success shape (16.137208ms)
✔ generated client maps the typed correlation option to the declared header (0.640667ms)
✔ generated client fails closed on an undeclared success shape (0.455875ms)
✔ generated client rejects an availability value outside the closed contract (0.279541ms)
✔ missing backend configuration fails closed with a typed error (0.17475ms)
✔ web liveness stays process-only while readiness fails invalid configuration (0.327958ms)
✔ web readiness validates local configuration without depending on backend reachability (0.241791ms)
✔ Authority Connections retirement leaves no web authority signing, token or credential transport (48.447375ms)
✔ the four standalone authority commands execute backend modules and retain their public command names (3.053084ms)
✔ the authority facade is retired while later filing owners retain their frozen records (2.672667ms)
✔ company-year admission validates explicit authority and every immutable document before the generated command (4.735584ms)
✔ the customer sees and explicitly accepts the complete pinned promise (1.50025ms)
✔ legacy AS-only creation controls are absent (7.792333ms)
✔ owner layout replaces children with an accessible reacceptance gate (1.152916ms)
✔ Server Action reaccepts through the authenticated generated-client boundary (0.545042ms)
ℹ tests 188
ℹ suites 0
ℹ pass 188
ℹ fail 0
ℹ cancelled 0
ℹ skipped 0
ℹ todo 0
ℹ duration_ms 1806.452125
✔ workspace RF backend refuses hosted database before opening a listener (140.993375ms)
✔ workspace RF backend refuses hosted Supabase before opening a listener (137.63675ms)
✔ workspace RF backend refuses global RF activation before opening a listener (135.44175ms)
✔ workspace RF backend refuses global operator activation before opening a listener (133.445583ms)
✔ workspace RF backend refuses ambient credential before opening a listener (136.955208ms)
✔ workspace API requests use the actual current Supabase session and exact denial statuses (4.185292ms)
✔ feedback fixture refuses hosted databases and undeclared operations before actor or SQL effects (1.220833ms)
✔ feedback fixture verifies the token owner before reading membership or connecting an actor database session (0.400208ms)
✔ workspace RF assertions use canonical commands and preserve sibling tax and audit rehearsals (1.77625ms)
✔ fresh RF fixture permits only its five exact method templates and loopback egress (170.505375ms)
✔ fresh local RF mock preserves request identity and emits relationship-bound feedback (43.373209ms)
✔ fresh browser starts without a preview or approval and verifies the complete durable result (1.55375ms)
✔ ambiguous fresh mock response records the original mutation before disconnecting (6.574041ms)
ℹ tests 13
ℹ suites 0
ℹ pass 13
ℹ fail 0
ℹ cancelled 0
ℹ skipped 0
ℹ todo 0
ℹ duration_ms 831.946292
