✔ expand migration adds append-only revision-bound deletion reviews (3.136084ms)
✔ request derives archive and source completeness inside one atomic RPC (0.918791ms)
✔ archive route and generation triggers share one complete source inventory (5.285042ms)
✔ expand deterministically supersedes and conceals legacy duplicates (0.611417ms)
✔ review is admin+AAL2 only, append-only, and cannot be self-approved by an owner (0.590959ms)
✔ finalize re-derives prerequisites and requires exact approved review (0.445292ms)
✔ legacy export-required cancellations resume through a receipt-bound RPC (0.527125ms)
✔ archive receipt completion is server-only, one-time, expiring, and generation-bound (0.802708ms)
✔ direct lifecycle RPCs mirror strict request validation before receipts (0.587167ms)
✔ archive and reconciliation reject null income years explicitly (0.304875ms)
✔ review JSON is projected to the strict public response shape (0.2115ms)
✔ lifecycle commands use durable receipts and least-privilege RLS (0.970125ms)
✔ lifecycle mutations share operation-company-cancellation lock order (0.380833ms)
✔ unknown command outcomes reconcile behind the exact operation lock (0.5465ms)
✔ contract migration removes direct cancellation access only after generated-client cutover (0.749375ms)
✔ the release Supabase suite includes cancellation schema coverage (0.461792ms)
ℹ tests 16
ℹ suites 0
ℹ pass 16
ℹ fail 0
ℹ cancelled 0
ℹ skipped 0
ℹ todo 0
ℹ duration_ms 75.498875
