✔ expand migration adds append-only revision-bound deletion reviews (5.50425ms)
✔ request derives archive and source completeness inside one atomic RPC (0.881333ms)
✔ archive route and generation triggers share one complete source inventory (5.712083ms)
✔ expand deterministically supersedes and conceals legacy duplicates (0.555709ms)
✔ review is admin+AAL2 only, append-only, and cannot be self-approved by an owner (0.700208ms)
✔ finalize re-derives prerequisites and requires exact approved review (0.43025ms)
✔ legacy export-required cancellations resume through a receipt-bound RPC (0.354417ms)
✔ archive receipt completion is server-only, one-time, expiring, and generation-bound (0.739958ms)
✔ direct lifecycle RPCs mirror strict request validation before receipts (0.548ms)
✔ archive and reconciliation reject null income years explicitly (0.280542ms)
✔ review JSON is projected to the strict public response shape (0.205542ms)
✔ lifecycle commands use durable receipts and least-privilege RLS (0.943041ms)
✔ lifecycle mutations share operation-company-cancellation lock order (0.476ms)
✔ unknown command outcomes reconcile behind the exact operation lock (0.641542ms)
✔ contract migration removes direct cancellation access only after generated-client cutover (0.71175ms)
✔ the release Supabase suite includes cancellation schema coverage (0.63475ms)
ℹ tests 16
ℹ suites 0
ℹ pass 16
ℹ fail 0
ℹ cancelled 0
ℹ skipped 0
ℹ todo 0
ℹ duration_ms 75.074375
