
> talli-repository@0.1.0 test:ci-gate
> node --test tests/ci_release_gate.test.mjs tests/mass_market_execution_control_plane.test.mjs

✔ release gate covers pull requests and main with least privilege (26.981667ms)
✔ release gate runs every customer-readiness check before promotion (0.966917ms)
✔ manual release gates can retain linked immutable evidence (0.165834ms)
✔ database isolation uses the locked Python renderer environment (0.179125ms)
✔ database isolation runs the complete ledger contract lifecycle (0.421125ms)
✔ local immutable gate rejects tracked, staged, and untracked drift (978.084041ms)
✔ local immutable gate normalizes terminal output before recording it (0.781375ms)
✔ database harness restores generated drift and preserves failure semantics (7316.005083ms)
✔ browser owner rehearsal includes executable owned-process lifecycle coverage (1.637208ms)
✔ Vercel deploys the Next output near the owner-designated database (0.269334ms)
✔ backend boundary partitions every test across the ordinary, Billing, Authority, Company Tax and Accounts mandatory lanes (20359.763125ms)
✔ mandatory Billing and Authority lifecycles refuse missing DB configuration before any test runner (33.971333ms)
✔ mandatory local lane preserves every predecessor before Billing and final Authority verification (1657.61225ms)
✔ rollback RF=false AU=v restores dependency order (0.428167ms)
✔ rollback RF=true AU=v restores dependency order (0.1055ms)
✔ rollback RF=false AU=null restores dependency order (0.077041ms)
✔ rollback RF=true AU=null restores dependency order (0.061875ms)
✔ workspace rollback followed by final recutover restores signoff policy topology (0.156167ms)
✔ RF rollback failure prevents all predecessor mutations (0.377583ms)
✔ workspace retains AU and Ledger overlap for Billing and sibling consumers (0.086209ms)
✔ workspace refuses wrong Ledger topology {"ledger_kind":null,"ledger_setup":false} (0.2455ms)
✔ workspace refuses wrong Ledger topology {"ledger_kind":"r"} (0.066541ms)
✔ workspace refuses wrong Ledger topology {"ledger_setup":false} (0.054333ms)
✔ workspace refuses wrong Ledger topology {"opening_kind":null} (0.07ms)
✔ final RF contract follows explicit final Ledger guard and owner recutover (0.100875ms)
✔ final refuses incomplete Ledger contract {"ledger_kind":"v","ledger_setup":true} (0.0685ms)
✔ final refuses incomplete Ledger contract {"ledger_kind":null,"ledger_setup":true} (0.050958ms)
✔ final refuses incomplete Ledger contract {"ledger_kind":"v","ledger_setup":false} (0.050833ms)
✔ dependency failure stops final sequence at migrations/20260909125113_legacy_rf1086_authority_relocation.sql (0.109ms)
✔ dependency failure stops final sequence at migrations/20260909190548_shareholder_register_filing_capability.sql (0.065167ms)
✔ dependency failure stops final sequence at migrations/20260909190905_shareholder_register_filing_cutover.sql (0.081208ms)
✔ dependency failure stops final sequence at contract-migrations/20260909190955_shareholder_register_filing_contract.sql (0.067083ms)
✔ success is refused if SQL does not establish target state (0.0925ms)
✔ unexpected earlier owner topology fails before mutation (0.053708ms)
✔ unknown direction fails before even probing the database (0.072041ms)
✔ package partition retains every original file once (0.714709ms)
✔ complete local runner requires the fresh RF browser after historical recovery (0.343375ms)
✔ real shell stops at success and restores owned generated files (630.702292ms)
✔ real shell stops at topology:workspace and restores owned generated files (517.120417ms)
✔ real shell stops at npm:test:supabase-rf-workspace and restores owned generated files (512.018084ms)
✔ real shell stops at npm:test:browser-owner and restores owned generated files (531.880375ms)
✔ real shell stops at topology:rollback:2 and restores owned generated files (575.043834ms)
✔ real shell stops at npm:test:ledger-hosted-migration-authority and restores owned generated files (496.763625ms)
✔ real shell stops at npm:test:billing-database-lifecycle and restores owned generated files (538.810958ms)
✔ real shell stops at topology:recutover and restores owned generated files (545.627875ms)
✔ real shell stops at npm:test:supabase-rf-feedback and restores owned generated files (560.746125ms)
✔ real shell stops at npm:test:company-tax-database and restores owned generated files (502.6205ms)
✔ real shell stops at npm:test:annual-accounts-database and restores owned generated files (517.741416ms)
✔ real shell stops at npm:test:browser-owner-annual and restores owned generated files (718.73475ms)
✔ real shell stops at npm:test:browser-shareholder-register-filing and restores owned generated files (677.633542ms)
✔ real shell stops at npm:test:browser-company-tax and restores owned generated files (608.735458ms)
✔ real shell stops at npm:test:browser-annual-accounts and restores owned generated files (694.985792ms)
✔ the live execution control plane pins the complete route and sole clearance (3.025709ms)
✔ all #179 lanes, signoffs, freshness, and independent controls are explicit (1.053875ms)
✔ #188 has a complete executable planned criterion ledger before claim (0.517584ms)
✔ #140 has a complete executable planned criterion ledger before product edits (0.276584ms)
✔ the control plane blocks premature banking, validation, spend, and external effects (0.294375ms)
✔ approved billing split preserves source order and both completion barriers (0.300667ms)
ℹ tests 58
ℹ suites 0
ℹ pass 58
ℹ fail 0
ℹ cancelled 0
ℹ skipped 0
ℹ todo 0
ℹ duration_ms 39082.101708
