✔ readiness rejects when its owned process exits before an unrelated listener responds (37.138958ms)
✔ an unrelated ready listener cannot satisfy a live child without its bind proof (44.15025ms)
✔ readiness failure tears down a live owned process (43.420542ms)
✔ a listener that never responds cannot outlive the readiness deadline (108.913208ms)
✔ a ready owned process is terminated and cleanup is idempotent (50.527042ms)
✔ forced process cleanup has a final timeout and tolerates an undefined handle (10.918083ms)
✔ partial setup cleanup closes the database and removes only known resources (0.409625ms)
✔ browser owner cleanup preserves every prior family in predecessor before company and user (15.491ms)
✔ browser owner cleanup preserves every prior family in overlap before company and user (19.580541ms)
✔ browser owner cleanup preserves every prior family in contracted before company and user (22.8025ms)
✔ browser owner cleanup preserves every prior family in tax-contracted before company and user (14.632166ms)
✔ browser owner cleanup preserves every prior family in accounts-expanded before company and user (13.559542ms)
✔ browser owner cleanup preserves every prior family in accounts-contracted before company and user (13.548792ms)
✔ browser owner cleanup removes every tracked company before the shared owner (12.343541ms)
✔ browser owner cleanup preserves source failure and continues independent cleanup (7.882958ms)
✔ browser owner cleanup preserves both operation and rollback failures (4.753709ms)
✔ browser owner cleanup fails closed for accounts-missing-family (0.6905ms)
✔ browser owner cleanup fails closed for accounts-partial-retirement (0.264542ms)
✔ browser owner cleanup fails closed for accounts-wrong-phase (0.63675ms)
✔ browser owner cleanup fails closed for missing-family (0.274667ms)
✔ browser owner cleanup fails closed for wrong-owner (0.586625ms)
✔ browser owner cleanup fails closed for invalid-trigger-mode (2.827291ms)
﹣ browser owner cleanup removes immutable corporate and production filing graphs (0.198666ms) # local Supabase runtime is required
✔ RF fixture uses its declared projection phase (legacy present) (3.208875ms)
✔ RF fixture uses its declared projection phase (Accounts contracted) (0.485ms)
✔ RF fixture refuses partial retirement before fixture effects (0.667584ms)
✔ RF fixture refuses missing owned family before fixture effects (0.122458ms)
✔ RF fixture refuses uncontracted phase before fixture effects (0.265833ms)
✔ workspace RF backend refuses hosted database before opening a listener (110.11125ms)
✔ workspace RF backend refuses hosted Supabase before opening a listener (103.20025ms)
✔ workspace RF backend refuses global RF activation before opening a listener (115.406417ms)
✔ workspace RF backend refuses global operator activation before opening a listener (98.255375ms)
✔ workspace RF backend refuses ambient credential before opening a listener (98.023375ms)
✔ workspace API requests use the actual current Supabase session and exact denial statuses (2.738083ms)
✔ feedback fixture refuses hosted databases and undeclared operations before actor or SQL effects (1.1785ms)
✔ feedback fixture verifies the token owner before reading membership or connecting an actor database session (0.362041ms)
✔ workspace RF assertions use canonical commands and preserve sibling tax and audit rehearsals (0.8555ms)
✔ fixture access refuses external databases and undeclared relations before SQL (0.168917ms)
✔ fixture restores exact USER trigger modes on success without disabling foreign keys (0.602875ms)
✔ fixture restores exact USER trigger modes on rollback without disabling foreign keys (0.874ms)
✔ fresh RF fixture permits only its five exact method templates and loopback egress (116.137333ms)
✔ fresh local RF mock preserves request identity and emits relationship-bound feedback (48.040167ms)
✔ fresh browser starts without a preview or approval and verifies the complete durable result (0.852208ms)
✔ ambiguous fresh mock response records the original mutation before disconnecting (4.968125ms)
✔ fresh RF browser uses finite fixture authority while preserving foreign keys and signoff storage (0.603209ms)
✔ fresh RF basis binds every opening row to its existing owner without seeding filing success (1.059375ms)
✔ fresh RF cleanup handles present public mirrors (success) (1.305583ms)
✔ fresh RF cleanup handles present public mirrors (failure preserved) (0.989375ms)
✔ fresh RF cleanup handles retired public mirrors (success) (0.953333ms)
✔ fresh RF cleanup handles retired public mirrors (failure preserved) (0.632541ms)
✔ fresh signoff fixture restores exact prior rows and USER triggers (success) (9.350166ms)
✔ fresh signoff fixture restores exact prior rows and USER triggers (seed) (1.506375ms)
✔ fresh signoff fixture restores exact prior rows and USER triggers (restore) (0.970375ms)
ℹ tests 53
ℹ suites 0
ℹ pass 52
ℹ fail 0
ℹ cancelled 0
ℹ skipped 1
ℹ todo 0
ℹ duration_ms 709.784916
