Using workdir /tmp/talli-supabase-local.150-rf-7n4ihspl
Resetting local database...
Recreating database...
Initialising schema...
Seeding globals from roles.sql...
Applying migration 0001_authenticated_workspace.sql...
NOTICE (42710): extension "pgcrypto" already exists, skipping
NOTICE (42701): column "status_text" of relation "companies" already exists, skipping
NOTICE (42701): column "address" of relation "companies" already exists, skipping
NOTICE (42701): column "postal_code" of relation "companies" already exists, skipping
NOTICE (42701): column "city" of relation "companies" already exists, skipping
NOTICE (42701): column "source" of relation "companies" already exists, skipping
NOTICE (42701): column "created_by" of relation "companies" already exists, skipping
NOTICE (42701): column "identity_confirmed_at" of relation "companies" already exists, skipping
NOTICE (42701): column "identity_locked_at" of relation "companies" already exists, skipping
NOTICE (42701): column "created_at" of relation "companies" already exists, skipping
NOTICE (42701): column "accepted_at" of relation "company_memberships" already exists, skipping
NOTICE (42701): column "created_at" of relation "company_memberships" already exists, skipping
NOTICE (42701): column "status" of relation "company_cancellations" already exists, skipping
NOTICE (42701): column "reason" of relation "company_cancellations" already exists, skipping
NOTICE (42701): column "evidence" of relation "company_cancellations" already exists, skipping
NOTICE (42701): column "requested_by" of relation "company_cancellations" already exists, skipping
NOTICE (42701): column "requested_at" of relation "company_cancellations" already exists, skipping
NOTICE (42701): column "reviewed_by" of relation "company_cancellations" already exists, skipping
NOTICE (42701): column "reviewed_at" of relation "company_cancellations" already exists, skipping
NOTICE (42701): column "deleted_by" of relation "company_cancellations" already exists, skipping
NOTICE (42701): column "deleted_at" of relation "company_cancellations" already exists, skipping
NOTICE (42701): column "updated_at" of relation "company_cancellations" already exists, skipping
NOTICE (42701): column "risk_flags" of relation "ledger_entries" already exists, skipping
NOTICE (42701): column "warning_accepted_by" of relation "ledger_entries" already exists, skipping
NOTICE (42701): column "warning_accepted_at" of relation "ledger_entries" already exists, skipping
NOTICE (42701): column "movements" of relation "investment_positions" already exists, skipping
NOTICE (42701): column "adapter_mode" of relation "filing_submissions" already exists, skipping
NOTICE (42701): column "payload_hash" of relation "filing_submissions" already exists, skipping
NOTICE (42701): column "idempotency_key" of relation "filing_submissions" already exists, skipping
NOTICE (42701): column "submitted_by" of relation "filing_submissions" already exists, skipping
NOTICE (42701): column "feedback_items" of relation "filing_submissions" already exists, skipping
NOTICE (42701): column "receipt_metadata" of relation "filing_submissions" already exists, skipping
NOTICE (42701): column "submitted_payload_ref" of relation "filing_submissions" already exists, skipping
NOTICE (42701): column "submitted_payload" of relation "filing_submissions" already exists, skipping
NOTICE (42701): column "refund_completed" of relation "billing_accounts" already exists, skipping
NOTICE (42701): column "provider_customer_ref" of relation "billing_accounts" already exists, skipping
NOTICE (42701): column "subscription_provider_ref" of relation "billing_accounts" already exists, skipping
NOTICE (42701): column "filing_package_payment_ref" of relation "billing_accounts" already exists, skipping
NOTICE (42701): column "refund_provider_ref" of relation "billing_accounts" already exists, skipping
NOTICE (00000): policy "owners can create companies" for relation "public.companies" does not exist, skipping
NOTICE (00000): policy "company members can read companies" for relation "public.companies" does not exist, skipping
NOTICE (00000): policy "active operators can read own operator grant" for relation "public.support_operators" does not exist, skipping
NOTICE (00000): policy "active operators can read launch signoffs" for relation "public.launch_signoffs" does not exist, skipping
NOTICE (00000): policy "admin operators can create launch signoffs" for relation "public.launch_signoffs" does not exist, skipping
NOTICE (00000): policy "admin operators can update launch signoffs" for relation "public.launch_signoffs" does not exist, skipping
NOTICE (00000): policy "owners can lock their new company identity" for relation "public.companies" does not exist, skipping
NOTICE (00000): policy "users can read their memberships" for relation "public.company_memberships" does not exist, skipping
NOTICE (00000): policy "company creator can add owner membership" for relation "public.company_memberships" does not exist, skipping
NOTICE (00000): policy "owners can invite company members" for relation "public.company_memberships" does not exist, skipping
NOTICE (00000): policy "owners can update their own membership acceptance" for relation "public.company_memberships" does not exist, skipping
NOTICE (00000): policy "invited users can accept company memberships" for relation "public.company_memberships" does not exist, skipping
NOTICE (00000): policy "owners and invitees can read company invitations" for relation "public.company_invitations" does not exist, skipping
NOTICE (00000): policy "owners can create company invitations" for relation "public.company_invitations" does not exist, skipping
NOTICE (00000): policy "owners and invitees can update company invitations" for relation "public.company_invitations" does not exist, skipping
NOTICE (00000): policy "owners can read notification outbox" for relation "public.notification_outbox" does not exist, skipping
NOTICE (00000): policy "owners can create notification outbox rows" for relation "public.notification_outbox" does not exist, skipping
NOTICE (00000): policy "company members can read audit events" for relation "public.audit_events" does not exist, skipping
NOTICE (00000): policy "support operators can read audit events" for relation "public.audit_events" does not exist, skipping
NOTICE (00000): policy "company members can create audit events for themselves" for relation "public.audit_events" does not exist, skipping
NOTICE (00000): policy "company members can read cancellation state" for relation "public.company_cancellations" does not exist, skipping
NOTICE (00000): policy "support operators can read cancellation state" for relation "public.company_cancellations" does not exist, skipping
NOTICE (00000): policy "owners can request cancellation" for relation "public.company_cancellations" does not exist, skipping
NOTICE (00000): policy "owners can update cancellation request" for relation "public.company_cancellations" does not exist, skipping
NOTICE (00000): policy "users can read their own step up events" for relation "public.step_up_events" does not exist, skipping
NOTICE (00000): policy "users can create their own step up events" for relation "public.step_up_events" does not exist, skipping
NOTICE (00000): policy "company members can read document metadata" for relation "public.documents" does not exist, skipping
NOTICE (00000): policy "owners can create document metadata" for relation "public.documents" does not exist, skipping
NOTICE (00000): policy "company members can read company document objects" for relation "storage.objects" does not exist, skipping
NOTICE (00000): policy "owners can upload company document objects" for relation "storage.objects" does not exist, skipping
NOTICE (00000): policy "company members can read opening balance setups" for relation "public.opening_balance_setups" does not exist, skipping
NOTICE (00000): policy "owners can create opening balance setups" for relation "public.opening_balance_setups" does not exist, skipping
NOTICE (00000): policy "company members can read period locks" for relation "public.period_locks" does not exist, skipping
NOTICE (00000): policy "owners can create period locks" for relation "public.period_locks" does not exist, skipping
NOTICE (00000): policy "company members can read annual data" for relation "public.annual_data" does not exist, skipping
NOTICE (00000): policy "owners can create annual data" for relation "public.annual_data" does not exist, skipping
NOTICE (00000): policy "owners can update annual data" for relation "public.annual_data" does not exist, skipping
NOTICE (00000): policy "company members can read opening shareholders" for relation "public.opening_shareholders" does not exist, skipping
NOTICE (00000): policy "owners can create opening shareholders" for relation "public.opening_shareholders" does not exist, skipping
NOTICE (00000): policy "company members can read ledger entries" for relation "public.ledger_entries" does not exist, skipping
NOTICE (00000): policy "owners can create ledger entries" for relation "public.ledger_entries" does not exist, skipping
NOTICE (00000): policy "company members can read bank transactions" for relation "public.bank_transactions" does not exist, skipping
NOTICE (00000): policy "owners can create bank transactions" for relation "public.bank_transactions" does not exist, skipping
NOTICE (00000): policy "owners can update bank transactions" for relation "public.bank_transactions" does not exist, skipping
NOTICE (00000): policy "company members can read holding actions" for relation "public.holding_actions" does not exist, skipping
NOTICE (00000): policy "owners can create holding actions" for relation "public.holding_actions" does not exist, skipping
NOTICE (00000): policy "company members can read investment positions" for relation "public.investment_positions" does not exist, skipping
NOTICE (00000): policy "owners can create investment positions" for relation "public.investment_positions" does not exist, skipping
NOTICE (00000): policy "owners can update investment positions" for relation "public.investment_positions" does not exist, skipping
NOTICE (00000): policy "company members can read filing previews" for relation "public.filing_previews" does not exist, skipping
NOTICE (00000): policy "owners can create filing previews" for relation "public.filing_previews" does not exist, skipping
NOTICE (00000): policy "company members can read filing submissions" for relation "public.filing_submissions" does not exist, skipping
NOTICE (00000): policy "support operators can read filing submissions" for relation "public.filing_submissions" does not exist, skipping
NOTICE (00000): policy "owners can create filing submissions" for relation "public.filing_submissions" does not exist, skipping
NOTICE (00000): policy "owners can update filing submissions" for relation "public.filing_submissions" does not exist, skipping
NOTICE (00000): policy "company members can read filing overrides" for relation "public.filing_overrides" does not exist, skipping
NOTICE (00000): policy "owners can create filing overrides" for relation "public.filing_overrides" does not exist, skipping
NOTICE (00000): policy "company members can read filing readiness snapshots" for relation "public.filing_readiness_snapshots" does not exist, skipping
NOTICE (00000): policy "support operators can read filing readiness snapshots" for relation "public.filing_readiness_snapshots" does not exist, skipping
NOTICE (00000): policy "owners can create filing readiness snapshots" for relation "public.filing_readiness_snapshots" does not exist, skipping
NOTICE (00000): policy "owners can update filing readiness snapshots" for relation "public.filing_readiness_snapshots" does not exist, skipping
NOTICE (00000): policy "company members can read filing review comments" for relation "public.filing_review_comments" does not exist, skipping
NOTICE (00000): policy "company members can read billing accounts" for relation "public.billing_accounts" does not exist, skipping
NOTICE (00000): policy "support operators can read billing accounts" for relation "public.billing_accounts" does not exist, skipping
NOTICE (00000): policy "owners can create billing accounts" for relation "public.billing_accounts" does not exist, skipping
NOTICE (00000): policy "owners can update billing accounts" for relation "public.billing_accounts" does not exist, skipping
NOTICE (00000): policy "company members can read billing payment events" for relation "public.billing_payment_events" does not exist, skipping
NOTICE (00000): policy "support operators can read billing payment events" for relation "public.billing_payment_events" does not exist, skipping
NOTICE (00000): policy "owners can create billing payment events" for relation "public.billing_payment_events" does not exist, skipping
NOTICE (00000): policy "company members can read authority permissions" for relation "public.authority_permissions" does not exist, skipping
NOTICE (00000): policy "support operators can read authority permissions" for relation "public.authority_permissions" does not exist, skipping
NOTICE (00000): policy "owners can create authority permissions" for relation "public.authority_permissions" does not exist, skipping
NOTICE (00000): policy "owners can update authority permissions" for relation "public.authority_permissions" does not exist, skipping
NOTICE (00000): policy "company members can read authority test runs" for relation "public.authority_test_runs" does not exist, skipping
NOTICE (00000): policy "support operators can read authority test runs" for relation "public.authority_test_runs" does not exist, skipping
NOTICE (00000): policy "owners can create authority test runs" for relation "public.authority_test_runs" does not exist, skipping
NOTICE (00000): policy "owners and reviewers can create filing review comments" for relation "public.filing_review_comments" does not exist, skipping
NOTICE (00000): policy "owners can acknowledge filing review comments" for relation "public.filing_review_comments" does not exist, skipping
Applying migration 0002_fifo_investment_lots.sql...
NOTICE (00000): constraint "investment_positions_lot_history_status_check" of relation "investment_positions" does not exist, skipping
NOTICE (00000): policy "company members can read investment lots" for relation "public.investment_lots" does not exist, skipping
NOTICE (00000): policy "company members can read investment lot allocations" for relation "public.investment_lot_allocations" does not exist, skipping
NOTICE (00000): trigger "holding_actions_require_investment_rpc" for relation "public.holding_actions" does not exist, skipping
Applying migration 0003_bank_rule_suggestions.sql...
NOTICE (00000): policy "company members can read bank suggestion acceptances" for relation "public.bank_suggestion_acceptances" does not exist, skipping
Applying migration 0004_corporate_document_artifacts.sql...
NOTICE (00000): trigger "prevent_corporate_accounting_policies_mutation" for relation "public.corporate_accounting_policies" does not exist, skipping
NOTICE (00000): trigger "prevent_corporate_decisions_mutation" for relation "public.corporate_decisions" does not exist, skipping
NOTICE (00000): trigger "prevent_corporate_document_sets_mutation" for relation "public.corporate_document_sets" does not exist, skipping
NOTICE (00000): trigger "prevent_corporate_document_artifacts_mutation" for relation "public.corporate_document_artifacts" does not exist, skipping
NOTICE (00000): trigger "prevent_corporate_document_events_mutation" for relation "public.corporate_document_events" does not exist, skipping
NOTICE (00000): trigger "prevent_corporate_decision_finalizations_mutation" for relation "public.corporate_decision_finalizations" does not exist, skipping
NOTICE (00000): policy "company members can read corporate decisions" for relation "public.corporate_decisions" does not exist, skipping
NOTICE (00000): policy "company members can read corporate document sets" for relation "public.corporate_document_sets" does not exist, skipping
NOTICE (00000): policy "company members can read corporate document artifacts" for relation "public.corporate_document_artifacts" does not exist, skipping
NOTICE (00000): policy "company members can read corporate document events" for relation "public.corporate_document_events" does not exist, skipping
NOTICE (00000): policy "company members can read corporate decision finalizations" for relation "public.corporate_decision_finalizations" does not exist, skipping
Applying migration 0005_company_tax_feedback_persistence.sql...
NOTICE (00000): constraint "filing_submissions_authority_mode_shape_check" of relation "filing_submissions" does not exist, skipping
NOTICE (00000): index "authority_test_runs_evidence_identity_key" does not exist, skipping
Applying migration 20260714081443_explicit_data_api_grants.sql...
Applying migration 20260715084507_trusted_aal2_boundary.sql...
Applying migration 20260715120700_revoke_anonymous_mutation_rpcs.sql...
Applying migration 20260715143000_retention_safe_document_removal.sql...
NOTICE (00000): policy "owners can delete removed unlinked document objects" for relation "storage.objects" does not exist, skipping
Applying migration 20260715180000_controlled_production_beta.sql...
NOTICE (00000): policy "company members read production pilot entitlements" for relation "public.production_pilot_entitlements" does not exist, skipping
NOTICE (00000): policy "company members read filing approval snapshots" for relation "public.filing_approval_snapshots" does not exist, skipping
NOTICE (00000): policy "company members read production filing submissions" for relation "public.production_filing_submissions" does not exist, skipping
NOTICE (00000): policy "company members read production filing events" for relation "public.production_filing_events" does not exist, skipping
NOTICE (00000): policy "active operators read production pilot entitlements" for relation "public.production_pilot_entitlements" does not exist, skipping
NOTICE (00000): policy "active operators read filing approval snapshots" for relation "public.filing_approval_snapshots" does not exist, skipping
NOTICE (00000): policy "active operators read production filing submissions" for relation "public.production_filing_submissions" does not exist, skipping
NOTICE (00000): policy "active operators read production filing events" for relation "public.production_filing_events" does not exist, skipping
Applying migration 20260716110000_authority_operations.sql...
NOTICE (00000): policy "active admin operators read authority operations" for relation "public.authority_operations" does not exist, skipping
Applying migration 20260716125903_rf1086_system_user_requests.sql...
NOTICE (00000): constraint "system_user_requests_confirm_url_check" of relation "system_user_requests" does not exist, skipping
NOTICE (00000): constraint "system_user_requests_confirm_url_canonical" of relation "system_user_requests" does not exist, skipping
NOTICE (00000): policy "system_user_requests_owner_read" for relation "public.system_user_requests" does not exist, skipping
NOTICE (00000): policy "system_user_requests_operator_read" for relation "public.system_user_requests" does not exist, skipping
NOTICE (00000): constraint "production_pilot_entitlements_verified_request_required" of relation "production_pilot_entitlements" does not exist, skipping
Applying migration 20260716140100_rf1086_systemregister_callback_operation.sql...
Applying migration 20260716155621_rf1086_feedback_reconciliation.sql...
NOTICE (00000): policy "production_feedback_artifacts_owner_read" for relation "public.production_feedback_artifacts" does not exist, skipping
NOTICE (00000): policy "production_feedback_artifacts_operator_read" for relation "public.production_feedback_artifacts" does not exist, skipping
Applying migration 20260717110000_customer_agreement_acceptances.sql...
NOTICE (00000): trigger "prevent_customer_agreement_acceptance_mutation" for relation "public.customer_agreement_acceptances" does not exist, skipping
NOTICE (00000): policy "company members can read customer agreement acceptances" for relation "public.customer_agreement_acceptances" does not exist, skipping
Applying migration 20260717113000_restrict_customer_agreement_creation.sql...
Applying migration 20260717120000_existing_company_agreement_reacceptance.sql...
Applying migration 20260719090000_add_annual_full_time_equivalents.sql...
NOTICE (42701): column "annual_full_time_equivalents" of relation "annual_data" already exists, skipping
Applying migration 20260801090000_company_access_invitations.sql...
NOTICE (00000): policy "members and accepted owners can read company memberships" for relation "public.company_memberships" does not exist, skipping
NOTICE (00000): policy "company access commands read companies" for relation "public.companies" does not exist, skipping
NOTICE (00000): policy "company access commands read invitations" for relation "public.company_invitations" does not exist, skipping
NOTICE (00000): policy "company access commands create invitations" for relation "public.company_invitations" does not exist, skipping
NOTICE (00000): policy "company access commands update invitations" for relation "public.company_invitations" does not exist, skipping
NOTICE (00000): policy "company access commands read memberships" for relation "public.company_memberships" does not exist, skipping
NOTICE (00000): policy "company access commands accept memberships" for relation "public.company_memberships" does not exist, skipping
NOTICE (00000): policy "company access commands update memberships" for relation "public.company_memberships" does not exist, skipping
NOTICE (00000): policy "company access commands remove memberships" for relation "public.company_memberships" does not exist, skipping
NOTICE (00000): policy "company access commands read receipts" for relation "public.company_access_command_receipts" does not exist, skipping
NOTICE (00000): policy "company access recovery reads own receipts" for relation "public.company_access_command_receipts" does not exist, skipping
NOTICE (00000): policy "company access recovery updates own receipts" for relation "public.company_access_command_receipts" does not exist, skipping
NOTICE (00000): policy "company access recovery reads own membership" for relation "public.company_memberships" does not exist, skipping
NOTICE (00000): policy "company access recovery reads own audit evidence" for relation "public.audit_events" does not exist, skipping
NOTICE (00000): policy "company access recovery reads own delivery evidence" for relation "public.notification_outbox" does not exist, skipping
NOTICE (00000): policy "company access recovery creates own delivery evidence" for relation "public.notification_outbox" does not exist, skipping
NOTICE (00000): policy "company access commands create receipts" for relation "public.company_access_command_receipts" does not exist, skipping
NOTICE (00000): policy "company access commands clear receipt tokens" for relation "public.company_access_command_receipts" does not exist, skipping
WARNING (01006): no privileges could be revoked for "company_access_create_invitation"
WARNING (01006): no privileges could be revoked for "company_access_lookup_invitation"
WARNING (01006): no privileges could be revoked for "company_access_accept_invitation"
WARNING (01006): no privileges could be revoked for "company_access_revoke_invitation"
WARNING (01006): no privileges could be revoked for "company_access_resend_invitation"
WARNING (01006): no privileges could be revoked for "company_access_administer_membership"
WARNING (01006): no privileges could be revoked for "company_access_pending_invitation_side_effects"
WARNING (01006): no privileges could be revoked for "company_access_complete_invitation_side_effect"
WARNING (01007): no privileges were granted for "company_access_create_invitation"
WARNING (01007): no privileges were granted for "company_access_lookup_invitation"
WARNING (01007): no privileges were granted for "company_access_accept_invitation"
WARNING (01007): no privileges were granted for "company_access_revoke_invitation"
WARNING (01007): no privileges were granted for "company_access_resend_invitation"
WARNING (01007): no privileges were granted for "company_access_administer_membership"
WARNING (01007): no privileges were granted for "company_access_pending_invitation_side_effects"
WARNING (01007): no privileges were granted for "company_access_complete_invitation_side_effect"
Applying migration 20260808120000_company_access_cancellation_lifecycle.sql...
NOTICE (00000): policy "legacy cancellation hides superseded rows" for relation "public.company_cancellations" does not exist, skipping
NOTICE (00000): trigger "company_archive_track_companies" for relation "public.companies" does not exist, skipping
NOTICE (00000): trigger "company_archive_track_opening_balance_setups" for relation "public.opening_balance_setups" does not exist, skipping
NOTICE (00000): trigger "company_archive_track_opening_shareholders" for relation "public.opening_shareholders" does not exist, skipping
NOTICE (00000): trigger "company_archive_track_ledger_entries" for relation "public.ledger_entries" does not exist, skipping
NOTICE (00000): trigger "company_archive_track_documents" for relation "public.documents" does not exist, skipping
NOTICE (00000): trigger "company_archive_track_filing_previews" for relation "public.filing_previews" does not exist, skipping
NOTICE (00000): trigger "company_archive_track_filing_submissions" for relation "public.filing_submissions" does not exist, skipping
NOTICE (00000): trigger "company_archive_track_holding_actions" for relation "public.holding_actions" does not exist, skipping
NOTICE (00000): trigger "company_archive_track_billing_accounts" for relation "public.billing_accounts" does not exist, skipping
NOTICE (00000): trigger "company_archive_track_authority_permissions" for relation "public.authority_permissions" does not exist, skipping
NOTICE (00000): trigger "company_archive_track_authority_test_runs" for relation "public.authority_test_runs" does not exist, skipping
NOTICE (00000): trigger "company_archive_track_filing_review_comments" for relation "public.filing_review_comments" does not exist, skipping
NOTICE (00000): trigger "company_archive_track_audit_events" for relation "public.audit_events" does not exist, skipping
NOTICE (00000): trigger "company_archive_track_investment_positions" for relation "public.investment_positions" does not exist, skipping
NOTICE (00000): trigger "company_archive_track_investment_lots" for relation "public.investment_lots" does not exist, skipping
NOTICE (00000): trigger "company_archive_track_investment_lot_allocations" for relation "public.investment_lot_allocations" does not exist, skipping
NOTICE (00000): trigger "company_archive_track_bank_suggestion_acceptances" for relation "public.bank_suggestion_acceptances" does not exist, skipping
NOTICE (00000): trigger "company_archive_track_corporate_decisions" for relation "public.corporate_decisions" does not exist, skipping
NOTICE (00000): trigger "company_archive_track_corporate_document_sets" for relation "public.corporate_document_sets" does not exist, skipping
NOTICE (00000): trigger "company_archive_track_corporate_document_artifacts" for relation "public.corporate_document_artifacts" does not exist, skipping
NOTICE (00000): trigger "company_archive_track_corporate_document_events" for relation "public.corporate_document_events" does not exist, skipping
NOTICE (00000): trigger "company_archive_track_corporate_decision_finalizations" for relation "public.corporate_decision_finalizations" does not exist, skipping
NOTICE (00000): policy "company access commands read cancellations" for relation "public.company_cancellations" does not exist, skipping
NOTICE (00000): policy "company access commands create cancellations" for relation "public.company_cancellations" does not exist, skipping
NOTICE (00000): policy "company access commands update cancellations" for relation "public.company_cancellations" does not exist, skipping
NOTICE (00000): policy "company access members read deletion reviews" for relation "public.company_deletion_reviews" does not exist, skipping
NOTICE (00000): policy "company access commands append deletion reviews" for relation "public.company_deletion_reviews" does not exist, skipping
NOTICE (00000): policy "company access lifecycle reads documents" for relation "public.documents" does not exist, skipping
NOTICE (00000): policy "company access lifecycle appends audit evidence" for relation "public.audit_events" does not exist, skipping
NOTICE (00000): policy "company access lifecycle updates company marker" for relation "public.companies" does not exist, skipping
WARNING (01006): no privileges could be revoked for "company_access_request_cancellation"
WARNING (01006): no privileges could be revoked for "company_access_resume_cancellation"
WARNING (01006): no privileges could be revoked for "company_access_review_deletion"
WARNING (01006): no privileges could be revoked for "company_access_finalize_deletion"
WARNING (01006): no privileges could be revoked for "company_access_list_cancellations"
WARNING (01006): no privileges could be revoked for "company_access_reconcile_cancellation_operation"
WARNING (01007): no privileges were granted for "company_access_request_cancellation"
WARNING (01007): no privileges were granted for "company_access_resume_cancellation"
WARNING (01007): no privileges were granted for "company_access_review_deletion"
WARNING (01007): no privileges were granted for "company_access_finalize_deletion"
WARNING (01007): no privileges were granted for "company_access_list_cancellations"
WARNING (01007): no privileges were granted for "company_access_reconcile_cancellation_operation"
Applying migration 20260826095900_company_access_policy_schema.sql...
Applying migration 20260826100000_company_access_onboarding.sql...
NOTICE (00000): policy "company access backend reads own operator grant" for relation "public.support_operators" does not exist, skipping
NOTICE (00000): policy "company access onboarding creates companies" for relation "public.companies" does not exist, skipping
NOTICE (00000): policy "company access onboarding creates owner membership" for relation "public.company_memberships" does not exist, skipping
NOTICE (00000): policy "company access reads agreement evidence" for relation "public.customer_agreement_acceptances" does not exist, skipping
NOTICE (00000): policy "company access appends current agreement evidence" for relation "public.customer_agreement_acceptances" does not exist, skipping
Applying migration 20260826110000_company_year_admission.sql...
Applying migration 20260827100000_ledger_capability.sql...
NOTICE (00000): trigger "ledger_entries_enforce_boundary" for relation "ledger.entries" does not exist, skipping
NOTICE (00000): constraint "ledger_entries_source_capability_check" of relation "entries" does not exist, skipping
NOTICE (00000): trigger "ledger_entries_enforce_boundary" for relation "ledger.entries" does not exist, skipping
NOTICE (00000): role "postgres" has already been granted membership in role "company_access_executor" by role "postgres"
WARNING (01006): no privileges could be revoked for "company_access_company_year_allows_consequential_v1"
WARNING (01007): no privileges were granted for "company_access_company_year_allows_consequential_v1"
WARNING (01007): no privileges were granted for "company_access_company_year_allows_consequential_v1"
NOTICE (00000): policy "ledger workflow reads receipts" for relation "backend_system.ledger_workflow_receipts" does not exist, skipping
NOTICE (00000): policy "ledger workflow appends receipts" for relation "backend_system.ledger_workflow_receipts" does not exist, skipping
NOTICE (00000): policy "ledger workflow creates opening setups" for relation "public.opening_balance_setups" does not exist, skipping
NOTICE (00000): policy "ledger workflow reads opening setups" for relation "public.opening_balance_setups" does not exist, skipping
NOTICE (00000): policy "ledger workflow creates opening shareholders" for relation "public.opening_shareholders" does not exist, skipping
NOTICE (00000): policy "ledger workflow reads opening shareholders" for relation "public.opening_shareholders" does not exist, skipping
NOTICE (00000): policy "ledger store reads entries" for relation "ledger.entries" does not exist, skipping
NOTICE (00000): policy "ledger store posts entries" for relation "ledger.entries" does not exist, skipping
NOTICE (00000): policy "ledger store reads period locks" for relation "ledger.period_locks" does not exist, skipping
NOTICE (00000): policy "ledger store creates period locks" for relation "ledger.period_locks" does not exist, skipping
NOTICE (00000): policy "ledger store reads command receipts" for relation "backend_system.ledger_command_receipts" does not exist, skipping
NOTICE (00000): policy "ledger store appends command receipts" for relation "backend_system.ledger_command_receipts" does not exist, skipping
NOTICE (00000): trigger "ledger_command_receipts_immutable" for relation "backend_system.ledger_command_receipts" does not exist, skipping
NOTICE (00000): trigger "ledger_workflow_receipts_immutable" for relation "backend_system.ledger_workflow_receipts" does not exist, skipping
NOTICE (00000): trigger "ledger_cursor_signing_keys_immutable" for relation "backend_system.ledger_cursor_signing_keys" does not exist, skipping
NOTICE (00000): trigger "ledger_migration_source_rows_immutable" for relation "backend_system.ledger_migration_source_rows" does not exist, skipping
NOTICE (00000): trigger "ledger_migration_quarantine_immutable" for relation "backend_system.ledger_migration_quarantine" does not exist, skipping
NOTICE (00000): trigger "ledger_migration_reconciliations_immutable" for relation "backend_system.ledger_migration_reconciliations" does not exist, skipping
NOTICE (00000): trigger "ledger_entries_legacy_insert" for relation "public.ledger_entries" does not exist, skipping
WARNING (01000): role "postgres" has not been granted membership in role "company_access_executor" by role "postgres"
Applying migration 20260827100500_ledger_writer_coordinators.sql...
Applying migration 20260827101000_ledger_full_year_reconstruction.sql...
Applying migration 20260827102000_ledger_supported_patterns.sql...
NOTICE (00000): policy "ledger store reads entry contexts" for relation "ledger.entry_contexts" does not exist, skipping
NOTICE (00000): policy "ledger store records entry contexts" for relation "ledger.entry_contexts" does not exist, skipping
NOTICE (00000): policy "ledger store reads entry sources" for relation "ledger.entry_sources" does not exist, skipping
NOTICE (00000): policy "ledger store records entry sources" for relation "ledger.entry_sources" does not exist, skipping
NOTICE (00000): trigger "ledger_entry_contexts_immutable" for relation "ledger.entry_contexts" does not exist, skipping
NOTICE (00000): trigger "ledger_entry_sources_immutable" for relation "ledger.entry_sources" does not exist, skipping
Applying migration 20260827103000_ledger_corrections.sql...
NOTICE (00000): policy "ledger store reads entry corrections" for relation "ledger.entry_corrections" does not exist, skipping
NOTICE (00000): policy "ledger store records entry corrections" for relation "ledger.entry_corrections" does not exist, skipping
NOTICE (00000): trigger "ledger_entry_corrections_immutable" for relation "ledger.entry_corrections" does not exist, skipping
Applying migration 20260827104000_ledger_company_year_close.sql...
NOTICE (00000): constraint "reconstruction_assessments_ledger_state_digest_check" of relation "reconstruction_assessments" does not exist, skipping
NOTICE (00000): policy "ledger store reads company year close locks" for relation "ledger.company_year_close_locks" does not exist, skipping
NOTICE (00000): policy "ledger store records company year close locks" for relation "ledger.company_year_close_locks" does not exist, skipping
NOTICE (00000): policy "ledger store reads company year close assessments" for relation "ledger.company_year_close_assessments" does not exist, skipping
NOTICE (00000): policy "ledger store records company year close assessments" for relation "ledger.company_year_close_assessments" does not exist, skipping
NOTICE (00000): policy "ledger store reads company year close evidence" for relation "ledger.company_year_close_evidence" does not exist, skipping
NOTICE (00000): policy "ledger store records company year close evidence" for relation "ledger.company_year_close_evidence" does not exist, skipping
NOTICE (00000): policy "ledger store reads company year close reporting outputs" for relation "ledger.company_year_close_reporting_outputs" does not exist, skipping
NOTICE (00000): policy "ledger store records company year close reporting outputs" for relation "ledger.company_year_close_reporting_outputs" does not exist, skipping
NOTICE (00000): trigger "reconstruction_assessments_bind_ledger_state" for relation "ledger.reconstruction_assessments" does not exist, skipping
NOTICE (00000): trigger "ledger_company_year_close_locks_immutable" for relation "ledger.company_year_close_locks" does not exist, skipping
NOTICE (00000): trigger "ledger_company_year_close_assessments_immutable" for relation "ledger.company_year_close_assessments" does not exist, skipping
NOTICE (00000): trigger "ledger_company_year_close_evidence_immutable" for relation "ledger.company_year_close_evidence" does not exist, skipping
NOTICE (00000): trigger "ledger_company_year_close_reporting_outputs_immutable" for relation "ledger.company_year_close_reporting_outputs" does not exist, skipping
Applying migration 20260827105000_ledger_received_dividend_lifecycle.sql...
NOTICE (00000): policy "ledger store reads received dividend decisions" for relation "ledger.received_dividend_decisions" does not exist, skipping
NOTICE (00000): policy "ledger store records received dividend decisions" for relation "ledger.received_dividend_decisions" does not exist, skipping
NOTICE (00000): policy "ledger store reads received dividend settlements" for relation "ledger.received_dividend_settlements" does not exist, skipping
NOTICE (00000): policy "ledger store records received dividend settlements" for relation "ledger.received_dividend_settlements" does not exist, skipping
NOTICE (00000): trigger "ledger_received_dividend_decisions_immutable" for relation "ledger.received_dividend_decisions" does not exist, skipping
NOTICE (00000): trigger "ledger_received_dividend_settlements_immutable" for relation "ledger.received_dividend_settlements" does not exist, skipping
Applying migration 20260827106000_ledger_bank_loan_lifecycle.sql...
NOTICE (00000): policy "ledger store reads bank loan anchors" for relation "ledger.bank_loan_anchors" does not exist, skipping
NOTICE (00000): policy "ledger store records bank loan anchors" for relation "ledger.bank_loan_anchors" does not exist, skipping
NOTICE (00000): policy "ledger store reads bank loan payment allocations" for relation "ledger.bank_loan_payment_allocations" does not exist, skipping
NOTICE (00000): policy "ledger store records bank loan payment allocations" for relation "ledger.bank_loan_payment_allocations" does not exist, skipping
NOTICE (00000): trigger "ledger_bank_loan_anchors_immutable" for relation "ledger.bank_loan_anchors" does not exist, skipping
NOTICE (00000): trigger "ledger_bank_loan_payment_allocations_immutable" for relation "ledger.bank_loan_payment_allocations" does not exist, skipping
Applying migration 20260827107000_ledger_cash_capital_increase_lifecycle.sql...
NOTICE (00000): policy "ledger store reads cash capital increase phases" for relation "ledger.cash_capital_increase_phases" does not exist, skipping
NOTICE (00000): policy "ledger store records cash capital increase phases" for relation "ledger.cash_capital_increase_phases" does not exist, skipping
NOTICE (00000): trigger "ledger_cash_capital_increase_phases_immutable" for relation "ledger.cash_capital_increase_phases" does not exist, skipping
Applying migration 20260827108000_ledger_loss_coverage_capital_reduction_lifecycle.sql...
NOTICE (00000): policy "ledger store reads loss coverage capital reduction phases" for relation "ledger.loss_coverage_capital_reduction_phases" does not exist, skipping
NOTICE (00000): policy "ledger store records loss coverage capital reduction phases" for relation "ledger.loss_coverage_capital_reduction_phases" does not exist, skipping
NOTICE (00000): trigger "ledger_loss_coverage_capital_reduction_phases_immutable" for relation "ledger.loss_coverage_capital_reduction_phases" does not exist, skipping
Applying migration 20260827109000_ledger_opening_position_rebuild.sql...
NOTICE (00000): policy "ledger store reads opening position rebuilds" for relation "ledger.opening_position_rebuilds" does not exist, skipping
NOTICE (00000): policy "ledger store records opening position rebuilds" for relation "ledger.opening_position_rebuilds" does not exist, skipping
NOTICE (00000): policy "ledger store reads opening position components" for relation "ledger.opening_position_components" does not exist, skipping
NOTICE (00000): policy "ledger store records opening position components" for relation "ledger.opening_position_components" does not exist, skipping
NOTICE (00000): policy "ledger store reads opening position component sources" for relation "ledger.opening_position_component_sources" does not exist, skipping
NOTICE (00000): policy "ledger store records opening position component sources" for relation "ledger.opening_position_component_sources" does not exist, skipping
NOTICE (00000): policy "ledger store reads opening dividend settlements" for relation "ledger.opening_received_dividend_settlements" does not exist, skipping
NOTICE (00000): policy "ledger store records opening dividend settlements" for relation "ledger.opening_received_dividend_settlements" does not exist, skipping
NOTICE (00000): trigger "ledger_bank_loan_basis_collision" for relation "ledger.bank_loan_anchors" does not exist, skipping
NOTICE (00000): trigger "ledger_opening_bank_loan_basis_collision" for relation "ledger.opening_position_components" does not exist, skipping
NOTICE (00000): trigger "ledger_bank_loan_payment_basis" for relation "ledger.bank_loan_payment_allocations" does not exist, skipping
NOTICE (00000): trigger "ledger_opening_position_rebuilds_immutable" for relation "ledger.opening_position_rebuilds" does not exist, skipping
NOTICE (00000): trigger "ledger_opening_position_components_immutable" for relation "ledger.opening_position_components" does not exist, skipping
NOTICE (00000): trigger "ledger_opening_position_component_sources_immutable" for relation "ledger.opening_position_component_sources" does not exist, skipping
NOTICE (00000): trigger "ledger_opening_received_dividend_settlements_immutable" for relation "ledger.opening_received_dividend_settlements" does not exist, skipping
Applying migration 20260827109100_ledger_opening_position_acceptance.sql...
Applying migration 20260827109200_ledger_reconstruction_economic_facts.sql...
NOTICE (42701): column "fact" of relation "reconstruction_economic_facts" already exists, skipping
NOTICE (00000): policy "ledger store reads reconstruction economic fact sets" for relation "ledger.reconstruction_economic_fact_sets" does not exist, skipping
NOTICE (00000): policy "ledger store records reconstruction economic fact sets" for relation "ledger.reconstruction_economic_fact_sets" does not exist, skipping
NOTICE (00000): policy "ledger store reads reconstruction economic facts" for relation "ledger.reconstruction_economic_facts" does not exist, skipping
NOTICE (00000): policy "ledger store records reconstruction economic facts" for relation "ledger.reconstruction_economic_facts" does not exist, skipping
NOTICE (00000): trigger "reconstruction_economic_fact_sets_immutable" for relation "ledger.reconstruction_economic_fact_sets" does not exist, skipping
NOTICE (00000): trigger "reconstruction_economic_facts_immutable" for relation "ledger.reconstruction_economic_facts" does not exist, skipping
Applying migration 20260827109300_ledger_close_output_economic_facts.sql...
NOTICE (00000): constraint "ledger_close_output_economic_facts_digest_valid" of relation "company_year_close_reporting_outputs" does not exist, skipping
NOTICE (00000): trigger "ledger_company_year_close_output_bind_economic_facts" for relation "ledger.company_year_close_reporting_outputs" does not exist, skipping
Applying migration 20260827109400_ledger_reconstruction_source_evidence.sql...
NOTICE (00000): policy "ledger store reads reconstruction source evidence sets" for relation "ledger.reconstruction_source_evidence_sets" does not exist, skipping
NOTICE (00000): policy "ledger store records reconstruction source evidence sets" for relation "ledger.reconstruction_source_evidence_sets" does not exist, skipping
NOTICE (00000): policy "ledger store reads reconstruction source evidence bindings" for relation "ledger.reconstruction_source_evidence_bindings" does not exist, skipping
NOTICE (00000): policy "ledger store records reconstruction source evidence bindings" for relation "ledger.reconstruction_source_evidence_bindings" does not exist, skipping
NOTICE (00000): trigger "reconstruction_source_evidence_sets_immutable" for relation "ledger.reconstruction_source_evidence_sets" does not exist, skipping
NOTICE (00000): trigger "reconstruction_source_evidence_bindings_immutable" for relation "ledger.reconstruction_source_evidence_bindings" does not exist, skipping
Applying migration 20260828100000_banking_capability.sql...
NOTICE (42P06): schema "backend_system" already exists, skipping
NOTICE (00000): trigger "banking_migration_runs_immutable" for relation "backend_system.banking_migration_runs" does not exist, skipping
NOTICE (00000): trigger "banking_migration_source_rows_immutable" for relation "backend_system.banking_migration_source_rows" does not exist, skipping
NOTICE (00000): trigger "banking_migration_reconciliations_immutable" for relation "backend_system.banking_migration_reconciliations" does not exist, skipping
NOTICE (00000): trigger "bank_transactions_sync_to_banking" for relation "public.bank_transactions" does not exist, skipping
NOTICE (00000): trigger "banking_transactions_sync_to_legacy" for relation "banking.transactions" does not exist, skipping
NOTICE (00000): trigger "bank_acceptances_sync_to_banking" for relation "public.bank_suggestion_acceptances" does not exist, skipping
NOTICE (00000): trigger "banking_migration_runs_immutable" for relation "backend_system.banking_migration_runs" does not exist, skipping
NOTICE (00000): trigger "banking_migration_source_rows_immutable" for relation "backend_system.banking_migration_source_rows" does not exist, skipping
NOTICE (00000): trigger "banking_migration_reconciliations_immutable" for relation "backend_system.banking_migration_reconciliations" does not exist, skipping
NOTICE (00000): policy "banking store reads transactions" for relation "banking.transactions" does not exist, skipping
NOTICE (00000): policy "banking store creates transactions" for relation "banking.transactions" does not exist, skipping
NOTICE (00000): policy "banking store updates transactions" for relation "banking.transactions" does not exist, skipping
NOTICE (00000): policy "banking store reads acceptances" for relation "banking.suggestion_acceptances" does not exist, skipping
NOTICE (00000): policy "banking store creates acceptances" for relation "banking.suggestion_acceptances" does not exist, skipping
Applying migration 20260828100500_banking_workflows.sql...
NOTICE (00000): policy "banking store reads command receipts" for relation "backend_system.banking_command_receipts" does not exist, skipping
NOTICE (00000): policy "banking store appends command receipts" for relation "backend_system.banking_command_receipts" does not exist, skipping
NOTICE (00000): trigger "banking_command_receipts_immutable" for relation "backend_system.banking_command_receipts" does not exist, skipping
WARNING (01007): no privileges were granted for "company_access_company_year_allows_consequential_v1"
Applying migration 20260828100600_banking_overlap_trigger_policy.sql...
NOTICE (00000): policy "banking overlap mirrors legacy transactions" for relation "banking.transactions" does not exist, skipping
NOTICE (00000): policy "banking overlap mirrors legacy acceptances" for relation "banking.suggestion_acceptances" does not exist, skipping
NOTICE (00000): policy "banking overlap mirrors canonical transactions" for relation "public.bank_transactions" does not exist, skipping
NOTICE (00000): policy "banking overlap mirrors canonical acceptances" for relation "public.bank_suggestion_acceptances" does not exist, skipping
NOTICE (00000): trigger "banking_acceptances_sync_to_legacy" for relation "banking.suggestion_acceptances" does not exist, skipping
NOTICE (00000): policy "banking workflow appends audit events" for relation "public.audit_events" does not exist, skipping
Applying migration 20260828102000_banking_connections.sql...
Applying migration 20260828103000_marketing_funnel_measurement.sql...
NOTICE (42P06): schema "backend_system" already exists, skipping
Applying migration 20260829070411_marketing_measurement_small_cell_threshold.sql...
Applying migration 20260829074916_validation_observation_authority.sql...
NOTICE (42P06): schema "backend_system" already exists, skipping
Applying migration 20260829080345_marketing_measurement_consent_proof.sql...
Applying migration 20260830091341_case_bound_support_access.sql...
NOTICE (42701): column "request_fingerprint" of relation "support_access_operation_receipts" already exists, skipping
NOTICE (00000): policy "support_access_grants_executor_select" for relation "public.support_access_grants" does not exist, skipping
NOTICE (00000): policy "support_access_grants_executor_insert" for relation "public.support_access_grants" does not exist, skipping
NOTICE (00000): policy "support_access_grants_executor_update" for relation "public.support_access_grants" does not exist, skipping
NOTICE (00000): policy "support_access_receipts_executor" for relation "public.support_access_operation_receipts" does not exist, skipping
NOTICE (00000): policy "support_case_openings_executor" for relation "public.support_case_openings" does not exist, skipping
NOTICE (00000): policy "support_case_read_audit_events" for relation "public.audit_events" does not exist, skipping
NOTICE (00000): policy "support_case_read_filing_submissions" for relation "public.filing_submissions" does not exist, skipping
NOTICE (00000): policy "support_case_read_filing_readiness" for relation "public.filing_readiness_snapshots" does not exist, skipping
NOTICE (00000): policy "support_case_read_billing_accounts" for relation "public.billing_accounts" does not exist, skipping
NOTICE (00000): policy "support_case_read_billing_events" for relation "public.billing_payment_events" does not exist, skipping
NOTICE (00000): policy "support_case_read_authority_permissions" for relation "public.authority_permissions" does not exist, skipping
NOTICE (00000): policy "support_case_read_authority_runs" for relation "public.authority_test_runs" does not exist, skipping
NOTICE (00000): policy "support_case_read_system_user_requests" for relation "public.system_user_requests" does not exist, skipping
NOTICE (00000): policy "support_case_read_pilot_entitlements" for relation "public.production_pilot_entitlements" does not exist, skipping
NOTICE (00000): policy "support_case_read_approval_snapshots" for relation "public.filing_approval_snapshots" does not exist, skipping
NOTICE (00000): policy "support_case_read_production_submissions" for relation "public.production_filing_submissions" does not exist, skipping
NOTICE (00000): policy "support_case_read_production_events" for relation "public.production_filing_events" does not exist, skipping
NOTICE (00000): policy "support_case_read_feedback_artifacts" for relation "public.production_feedback_artifacts" does not exist, skipping
NOTICE (00000): policy "support_case_read_documents" for relation "public.documents" does not exist, skipping
NOTICE (00000): policy "support_case_read_storage_objects" for relation "storage.objects" does not exist, skipping
NOTICE (00000): trigger "company_access_bind_deletion_review_case" for relation "public.company_access_command_receipts" does not exist, skipping
NOTICE (00000): trigger "company_access_copy_review_case" for relation "public.company_deletion_reviews" does not exist, skipping
Applying migration 20260830093000_current_legal_evidence.sql...
Applying migration 20260831124939_investments_capability.sql...
Applying migration 20260831131203_investments_share_purchase_workflow.sql...
NOTICE (00000): policy "investments successor mirrors positions" for relation "public.investment_positions" does not exist, skipping
NOTICE (00000): policy "investments successor mirrors lots" for relation "public.investment_lots" does not exist, skipping
NOTICE (00000): policy "investments successor mirrors actions" for relation "public.holding_actions" does not exist, skipping
NOTICE (00000): policy "investments successor appends audit" for relation "public.audit_events" does not exist, skipping
NOTICE (00000): trigger "investment_positions_sync_to_investments" for relation "public.investment_positions" does not exist, skipping
NOTICE (00000): trigger "investment_lots_sync_to_investments" for relation "public.investment_lots" does not exist, skipping
NOTICE (00000): trigger "share_purchases_sync_to_investments" for relation "public.holding_actions" does not exist, skipping
Applying migration 20260831162145_investments_share_sale_workflow.sql...
NOTICE (00000): policy "investments successor mirrors sale allocations" for relation "public.investment_lot_allocations" does not exist, skipping
NOTICE (00000): trigger "share_sales_sync_to_investments" for relation "public.holding_actions" does not exist, skipping
NOTICE (00000): trigger "share_sale_allocations_sync_to_investments" for relation "public.investment_lot_allocations" does not exist, skipping
Applying migration 20260831180000_investments_allocation_identity.sql...
NOTICE (00000): trigger "align_legacy_share_sale_allocation_id" for relation "public.investment_lot_allocations" does not exist, skipping
Applying migration 20260831182000_investments_received_dividend_workflow.sql...
NOTICE (00000): trigger "received_dividends_sync_to_investments" for relation "public.holding_actions" does not exist, skipping
Applying migration 20260901100000_investments_supported_patterns.sql...
Applying migration 20260901103000_investments_supported_patterns_authority_cleanup.sql...
WARNING (01000): role "postgres" has not been granted membership in role "investments_store_owner" by role "postgres"
WARNING (01000): role "postgres" has not been granted membership in role "investments_executor" by role "postgres"
WARNING (01000): role "postgres" has not been granted membership in role "investments_workflow_executor" by role "postgres"
WARNING (01000): role "postgres" has not been granted membership in role "company_access_executor" by role "postgres"
WARNING (01000): role "postgres" has not been granted membership in role "ledger_store_owner" by role "postgres"
WARNING (01000): role "postgres" has not been granted membership in role "company_archive_projection_executor" by role "postgres"
Applying migration 20260901110000_investments_complete_manual_evidence.sql...
Applying migration 20260901112000_investments_lifecycle_measurement_expand.sql...
Applying migration 20260901113000_investments_lifecycle_workflow.sql...
Applying migration 20260901114000_investments_share_sale_lifecycle.sql...
Applying migration 20260901115000_investments_income_lifecycle.sql...
Applying migration 20260901116000_investments_lifecycle_corrections.sql...
Applying migration 20260901117000_investments_bank_fact_claim.sql...
Applying migration 20260901118000_investments_year_end_measurement_workflow.sql...
Applying migration 20260901203025_investments_measurement_reversals.sql...
Applying migration 20260901204052_investments_boundary_confirmations.sql...
Applying migration 20260901205331_investments_settled_event_corrections.sql...
Applying migration 20260901222630_investments_lifecycle_correction_source_idempotence.sql...
Applying migration 20260901233000_documents_capability.sql...
NOTICE (00000): constraint "documents_content_sha256_check" of relation "documents" does not exist, skipping
NOTICE (00000): constraint "documents_byte_length_check" of relation "documents" does not exist, skipping
NOTICE (00000): constraint "documents_declared_byte_length_check" of relation "documents" does not exist, skipping
NOTICE (00000): policy "company members can read documents" for relation "public.documents" does not exist, skipping
NOTICE (00000): policy "documents_store_reads_visible_documents" for relation "public.documents" does not exist, skipping
NOTICE (00000): policy "documents_store_creates_owner_documents" for relation "public.documents" does not exist, skipping
NOTICE (00000): policy "documents_store_updates_owner_documents" for relation "public.documents" does not exist, skipping
NOTICE (00000): policy "documents_store_appends_document_audit" for relation "public.audit_events" does not exist, skipping
Applying migration 20260902022500_documents_advisor_cleanup.sql...
NOTICE (00000): policy "company members can read document metadata" for relation "public.documents" does not exist, skipping
Applying migration 20260902030000_documents_evidence_reference_registry.sql...
Applying migration 20260902040000_corporate_governance_owner_dividend.sql...
WARNING (01007): no privileges were granted for "company_access_company_year_allows_consequential_v1"
Applying migration 20260902053000_corporate_governance_advisor_cleanup.sql...
Applying migration 20260902054500_corporate_governance_rls_initplan_cleanup.sql...
Applying migration 20260902070000_corporate_governance_shareholder_loan.sql...
Applying migration 20260902084230_corporate_governance_shareholder_loan_rls_initplan_cleanup.sql...
Applying migration 20260902090000_corporate_governance_annual_close.sql...
Applying migration 20260902095000_company_access_corporate_governance_identity.sql...
Applying migration 20260902100000_corporate_governance_artifact_lifecycle.sql...
NOTICE (00000): constraint "owner_dividend_events_decision_id_event_kind_key" of relation "owner_dividend_events" does not exist, skipping
NOTICE (00000): policy "annual data compatibility reader reads owner facts" for relation "public.annual_data" does not exist, skipping
WARNING (01000): role "postgres" has not been granted membership in role "company_access_executor" by role "postgres"
Applying migration 20260902105000_corporate_governance_hosted_shape_parity.sql...
NOTICE (00000): role "postgres" has already been granted membership in role "corporate_governance_store_owner" by role "postgres"
NOTICE (42701): column "event_id" of relation "owner_dividend_finalizations" already exists, skipping
NOTICE (42701): column "occurred_at" of relation "owner_dividend_finalizations" already exists, skipping
NOTICE (42701): column "occurred_at" of relation "owner_dividend_payments" already exists, skipping
Applying migration 20260904220000_corporate_governance_supported_events.sql...
Applying migration 20260904223000_ledger_supported_event_reversals.sql...
Applying migration 20260905003000_company_access_billing_owner_subject.sql...
Applying migration 20260905010000_billing_capability.sql...
NOTICE (00000): policy "billing_command_receipts_backend_owner_write" for relation "billing.billing_command_receipts" does not exist, skipping
Applying migration 20260905061339_billing_provider_reconciliation.sql...
Applying migration 20260905080550_annual_billing_purchase_basis.sql...
Applying migration 20260905083150_annual_billing_purchase_ledger.sql...
NOTICE (00000): index "annual_one_open_purchase_per_company_year" does not exist, skipping
NOTICE (00000): policy "annual_member_read" for relation "billing.annual_purchases" does not exist, skipping
NOTICE (00000): policy "annual_owner_operator_read" for relation "billing.annual_purchases" does not exist, skipping
NOTICE (00000): trigger "annual_evidence_immutable" for relation "billing.annual_purchases" does not exist, skipping
NOTICE (00000): policy "annual_member_read" for relation "billing.annual_refund_cases" does not exist, skipping
NOTICE (00000): policy "annual_owner_operator_read" for relation "billing.annual_refund_cases" does not exist, skipping
NOTICE (00000): trigger "annual_evidence_immutable" for relation "billing.annual_refund_cases" does not exist, skipping
NOTICE (00000): policy "annual_member_read" for relation "billing.annual_operations" does not exist, skipping
NOTICE (00000): policy "annual_owner_operator_read" for relation "billing.annual_operations" does not exist, skipping
NOTICE (00000): trigger "annual_evidence_immutable" for relation "billing.annual_operations" does not exist, skipping
NOTICE (00000): policy "annual_purchase_claim" for relation "billing.annual_purchases" does not exist, skipping
NOTICE (00000): policy "annual_refund_case_claim" for relation "billing.annual_refund_cases" does not exist, skipping
NOTICE (00000): policy "annual_operation_claim" for relation "billing.annual_operations" does not exist, skipping
NOTICE (00000): trigger "annual_operation_reservation" for relation "billing.annual_operations" does not exist, skipping
NOTICE (00000): policy "annual_settle" for relation "billing.annual_purchases" does not exist, skipping
NOTICE (00000): policy "annual_settle" for relation "billing.annual_operations" does not exist, skipping
Applying migration 20260905100130_annual_renewal_cancellation.sql...
NOTICE (00000): trigger "annual_cancellation_prepare" for relation "billing.annual_cancellation_requests" does not exist, skipping
NOTICE (00000): trigger "annual_cancellation_apply" for relation "billing.annual_cancellation_requests" does not exist, skipping
NOTICE (00000): trigger "annual_cancellation_immutable" for relation "billing.annual_cancellation_requests" does not exist, skipping
NOTICE (00000): policy "annual_cancellation_owner_read" for relation "billing.annual_cancellation_requests" does not exist, skipping
NOTICE (00000): policy "annual_cancellation_owner_request" for relation "billing.annual_cancellation_requests" does not exist, skipping
Applying migration 20260905103149_annual_agreement_cleanup.sql...
NOTICE (00000): trigger "annual_cleanup_claim_guard" for relation "billing.annual_operations" does not exist, skipping
Applying migration 20260905115700_legacy_billing_acquisition_retirement.sql...
NOTICE (00000): trigger "legacy_account_retirement" for relation "billing.billing_accounts" does not exist, skipping
NOTICE (00000): trigger "legacy_event_retirement" for relation "billing.billing_payment_events" does not exist, skipping
Applying migration 20260905141500_annual_refund_requests.sql...
NOTICE (00000): trigger "annual_refund_request_guard" for relation "billing.annual_refund_requests" does not exist, skipping
NOTICE (00000): trigger "annual_refund_request_apply" for relation "billing.annual_refund_requests" does not exist, skipping
NOTICE (00000): policy "annual_refund_request_read" for relation "billing.annual_refund_requests" does not exist, skipping
NOTICE (00000): policy "annual_refund_request_insert" for relation "billing.annual_refund_requests" does not exist, skipping
NOTICE (00000): policy "annual_refund_request_bind" for relation "billing.annual_refund_requests" does not exist, skipping
Applying migration 20260905145000_annual_refund_agreement_cleanup.sql...
Applying migration 20260906204352_annual_notification_receipts.sql...
NOTICE (00000): trigger "annual_notification_receipt_guard" for relation "annual_notification_inbox.receipts" does not exist, skipping
NOTICE (00000): policy "annual_notification_read" for relation "annual_notification_inbox.receipts" does not exist, skipping
NOTICE (00000): policy "annual_notification_insert" for relation "annual_notification_inbox.receipts" does not exist, skipping
Applying migration 20260906221800_annual_checkout_withdrawals.sql...
NOTICE (00000): policy "annual_checkout_withdrawal_read" for relation "billing.annual_checkout_withdrawals" does not exist, skipping
NOTICE (00000): policy "annual_checkout_withdrawal_insert" for relation "billing.annual_checkout_withdrawals" does not exist, skipping
NOTICE (00000): trigger "annual_checkout_request_fence" for relation "billing.annual_operations" does not exist, skipping
NOTICE (00000): trigger "annual_checkout_withdrawal_fence" for relation "billing.annual_checkout_withdrawals" does not exist, skipping
Applying migration 20260907153938_annual_checkout_observation.sql...
NOTICE (00000): trigger "annual_observer_epoch" for relation "billing.annual_checkout_observation_principals" does not exist, skipping
NOTICE (00000): trigger "annual_observer_immutable" for relation "billing.annual_checkout_observation_authorities" does not exist, skipping
NOTICE (00000): policy "observer_principal" for relation "billing.annual_checkout_observation_principals" does not exist, skipping
NOTICE (00000): policy "observer_authority_read" for relation "billing.annual_checkout_observation_authorities" does not exist, skipping
NOTICE (00000): policy "observer_authority_admit" for relation "billing.annual_checkout_observation_authorities" does not exist, skipping
NOTICE (00000): policy "observer_work" for relation "backend_system.annual_checkout_observation_work" does not exist, skipping
NOTICE (00000): policy "annual_observer_read" for relation "billing.annual_purchases" does not exist, skipping
NOTICE (00000): policy "annual_observer_read" for relation "billing.annual_operations" does not exist, skipping
NOTICE (00000): policy "annual_observer_update" for relation "billing.annual_purchases" does not exist, skipping
NOTICE (00000): policy "annual_observer_update" for relation "billing.annual_operations" does not exist, skipping
Applying migration 20260909120610_authority_connections_capability.sql...
NOTICE (00000): policy "authority_requests_admin_projection_read" for relation "authority_connections.system_user_requests" does not exist, skipping
NOTICE (00000): policy "authority_requests_admin_projection_lock" for relation "authority_connections.system_user_requests" does not exist, skipping
Applying migration 20260909123709_authority_operations_capability.sql...
Applying migration 20260909124946_backend_system_launch_signoffs.sql...
Applying migration 20260909125113_legacy_rf1086_authority_relocation.sql...
Applying migration 20260909190548_shareholder_register_filing_capability.sql...
Applying migration 20260909190905_shareholder_register_filing_cutover.sql...
Restarting containers...
Finished supabase db reset on branch main.
A new version of Supabase CLI is available: v2.117.0 (currently installed v2.109.1)
We recommend updating regularly for new features and bug fixes: https://supabase.com/docs/guides/cli/getting-started#updating-the-supabase-cli
