✔ release gate covers pull requests and main with least privilege (11.770333ms)
✔ release gate runs every customer-readiness check before promotion (0.992625ms)
✔ manual release gates can retain linked immutable evidence (0.274417ms)
✔ database isolation uses the locked Python renderer environment (0.172125ms)
✔ database isolation runs the complete ledger contract lifecycle (0.32225ms)
✔ local immutable gate rejects tracked, staged, and untracked drift (610.0215ms)
✔ local immutable gate normalizes terminal output before recording it (0.269458ms)
✔ database harness restores generated drift and preserves failure semantics (7201.456ms)
✔ browser owner rehearsal includes executable owned-process lifecycle coverage (1.223584ms)
✔ Vercel deploys the Next output near the owner-designated database (0.538708ms)
✔ backend boundary partitions every test across the ordinary, Billing, Authority and Company Tax mandatory lanes (15983.907417ms)
✔ mandatory Billing and Authority lifecycles refuse missing DB configuration before any test runner (19.8315ms)
✔ mandatory local lane preserves every predecessor before Billing and final Authority verification (1759.53475ms)
✔ rollback RF=false AU=v restores dependency order (0.4015ms)
✔ rollback RF=true AU=v restores dependency order (0.089292ms)
✔ rollback RF=false AU=null restores dependency order (0.074292ms)
✔ rollback RF=true AU=null restores dependency order (0.104291ms)
✔ workspace rollback followed by final recutover restores signoff policy topology (0.153667ms)
✔ RF rollback failure prevents all predecessor mutations (0.349041ms)
✔ workspace retains AU and Ledger overlap for Billing and sibling consumers (0.0915ms)
✔ workspace refuses wrong Ledger topology {"ledger_kind":null,"ledger_setup":false} (0.066875ms)
✔ workspace refuses wrong Ledger topology {"ledger_kind":"r"} (0.042958ms)
✔ workspace refuses wrong Ledger topology {"ledger_setup":false} (0.040375ms)
✔ workspace refuses wrong Ledger topology {"opening_kind":null} (0.035833ms)
✔ final RF contract follows explicit final Ledger guard and owner recutover (0.066375ms)
✔ final refuses incomplete Ledger contract {"ledger_kind":"v","ledger_setup":true} (0.054875ms)
✔ final refuses incomplete Ledger contract {"ledger_kind":null,"ledger_setup":true} (0.054292ms)
✔ final refuses incomplete Ledger contract {"ledger_kind":"v","ledger_setup":false} (0.039833ms)
✔ dependency failure stops final sequence at migrations/20260909125113_legacy_rf1086_authority_relocation.sql (0.275584ms)
✔ dependency failure stops final sequence at migrations/20260909190548_shareholder_register_filing_capability.sql (0.051708ms)
✔ dependency failure stops final sequence at migrations/20260909190905_shareholder_register_filing_cutover.sql (0.064375ms)
✔ dependency failure stops final sequence at contract-migrations/20260909190955_shareholder_register_filing_contract.sql (0.056ms)
✔ success is refused if SQL does not establish target state (0.0745ms)
✔ unexpected earlier owner topology fails before mutation (0.040458ms)
✔ unknown direction fails before even probing the database (0.052959ms)
✔ package partition retains every original file once (0.373375ms)
✔ complete local runner requires the fresh RF browser after historical recovery (0.126292ms)
✔ real shell stops at success and restores owned generated files (882.856125ms)
✔ real shell stops at topology:workspace and restores owned generated files (430.910584ms)
✔ real shell stops at npm:test:supabase-rf-workspace and restores owned generated files (514.465542ms)
✔ real shell stops at npm:test:browser-owner and restores owned generated files (538.257417ms)
✔ real shell stops at topology:rollback:2 and restores owned generated files (525.084834ms)
✔ real shell stops at npm:test:ledger-hosted-migration-authority and restores owned generated files (527.665ms)
✔ real shell stops at npm:test:billing-database-lifecycle and restores owned generated files (767.159792ms)
✔ real shell stops at topology:recutover and restores owned generated files (470.436458ms)
✔ real shell stops at npm:test:supabase-rf-feedback and restores owned generated files (731.500709ms)
✔ real shell stops at npm:test:company-tax-database and restores owned generated files (531.4665ms)
✔ real shell stops at npm:test:browser-shareholder-register-filing and restores owned generated files (549.939125ms)
✔ real shell stops at npm:test:browser-company-tax and restores owned generated files (503.834625ms)
ℹ tests 49
ℹ suites 0
ℹ pass 49
ℹ fail 0
ℹ cancelled 0
ℹ skipped 0
ℹ todo 0
ℹ duration_ms 32627.47475
