
> talli-repository@0.1.0 test:boundary-web
> node --experimental-strip-types --test apps/web/tests/system-boundary-presentation.test.mjs apps/web/tests/banking-presentation.test.mjs apps/web/tests/banking-connection-presentation.test.mjs apps/web/tests/company-access-presentation.test.mjs apps/web/tests/company-access-administration.test.mjs apps/web/tests/company-access-cancellation.test.mjs apps/web/tests/company-access-onboarding.test.mjs apps/web/tests/company-access-stage-exit.test.mjs apps/web/tests/company-access-action-recovery.test.mjs apps/web/tests/company-eligibility.test.mjs apps/web/tests/company-year-eligibility-gate.test.mjs apps/web/tests/corporate-governance-draft-lifecycle.test.mjs apps/web/tests/corporate-governance-presentation.test.mjs apps/web/tests/corporate-governance-transport.test.mjs apps/web/tests/documents-presentation.test.mjs apps/web/tests/investments-presentation.test.mjs apps/web/tests/invitation-side-effects.test.mjs apps/web/tests/internal-redirect.test.mjs apps/web/tests/ledger-audit-side-effects.test.mjs apps/web/tests/ledger-presentation.test.mjs apps/web/tests/company-tax-transport.test.mjs apps/web/tests/ledger-writer-transport.test.mjs apps/web/tests/marketing-measurement.test.mjs apps/web/tests/owner-mfa-transition.test.mjs apps/web/tests/reauthentication.test.mjs apps/web/tests/public-acquisition.test.mjs tests/customer_agreement_actions.test.mjs tests/customer_agreement_reacceptance_ui.test.mjs apps/web/tests/operator-read-recovery.test.mjs apps/web/tests/authority-connections-transport.test.mjs tests/authority_connections_retirement.test.mjs apps/web/tests/shareholder-register-filing-transport.test.mjs && node --test tests/rf1086_workspace_fixture_safety.test.mjs tests/shareholder_register_browser_fixture_safety.test.mjs tests/rf1086_mixed_actions.test.mjs tests/rf1086_workspace_composition.test.mjs

✔ company connection reads batch more than 100 memberships without dropping or trusting unrelated records (111.496458ms)
✔ authorityConnectionsStartSystemUserRequest carries only intent identity through authenticated no-store generated transport (0.404958ms)
✔ authorityConnectionsRetrySystemUserRequest carries only intent identity through authenticated no-store generated transport (3.01ms)
✔ authorityConnectionsReconcileSystemUserRequest carries only intent identity through authenticated no-store generated transport (0.29975ms)
✔ callback generated transport forwards proof separately from its sole request identity (0.28775ms)
✔ generated authority result rejects unknown statuses and malformed response contracts (8.403708ms)
✔ generated operator mutation preserves exact audit identity and redacted response (1.963292ms)
✔ technical signoff command has no recording actor or trusted timestamp (5.034959ms)
✔ connection presentation exposes only masked account, coverage and freshness (3.56325ms)
✔ recovery states give one calm next action and make missing coverage visible (0.1585ms)
✔ banking transport follows opaque pages through the generated client (42.987ms)
✔ bank file transport persists a backend preview before explicit acceptance (17.034667ms)
✔ banking presentation preserves the frozen consumer shape without recreating policy (3.185625ms)
✔ banking error presentation preserves retry identity only for unknown outcomes (0.167ms)
✔ create_invitation:outbox remains reachable and recovery finishes without another command (13.273417ms)
✔ create_invitation:audit remains reachable and recovery finishes without another command (0.27025ms)
✔ accept_invitation:audit remains reachable and recovery finishes without another command (0.151375ms)
✔ revoke_invitation:audit remains reachable and recovery finishes without another command (0.158792ms)
✔ resend_invitation:outbox remains reachable and recovery finishes without another command (3.237959ms)
✔ resend_invitation:audit remains reachable and recovery finishes without another command (0.197042ms)
✔ recovery actor comes from the server context and cannot claim another actor's continuation (0.210041ms)
✔ delivery persistence is owned by atomic completion, never by a browser outbox insert (0.129917ms)
✔ company-access administration transport uses only generated client operations (27.065459ms)
✔ generated decoders fail closed on every unknown or token-shaped invitation field (0.929291ms)
✔ cancellation lifecycle transport uses generated operations with bearer and deadline (23.333333ms)
✔ generated cancellation decoders reject malformed optional fields, UUIDs, and timestamps (3.2215ms)
✔ generated review decoder enforces evidence-reference length bounds (0.448792ms)
✔ truncated successful command JSON becomes a typed 502 and preserves the operation (0.449709ms)
✔ every concurrent archive source failure trips the completion barrier (0.221291ms)
✔ actions preserve exact cancellation inputs for network and decoder failures (0.289291ms)
✔ web cancellation lifecycle has no direct Supabase persistence or caller-owned proof (4.981625ms)
✔ an unknown organization keeps the specific Enhetsregisteret guidance (0.506708ms)
✔ agreement reacceptance uses an authenticated generated-client request (17.342583ms)
✔ actions and agreement gates have no direct business-persistence facade (12.89475ms)
✔ company-access and system-boundary transports share typed fail-closed backend configuration (1.369833ms)
✔ both transports reject remote HTTP in every Node environment (0.342583ms)
✔ company-access and system-boundary accept the same HTTPS and loopback origins (22.449417ms)
✔ company-access transport sends the established session only through the generated client (0.956125ms)
✔ the company-access app boundary owns its presentation model instead of a Supabase row DTO (8.169375ms)
✔ owner context preserves the admitted company-year and current safety gate (7.095833ms)
✔ company record presentation maps the generated camel-case contract to existing web registry facts (0.13375ms)
✔ company-access transport fails closed on a partial context response (0.294833ms)
✔ generated company-context decoder rejects lower assurance, lower scope, and non-owner roles (1.601375ms)
✔ company records and case-bound operator access use authenticated generated-client operations (8.76325ms)
✔ a verified user without an owner company reaches onboarding but other context failures stay closed (0.348041ms)
✔ system-user callback delegates relationship authorization to the verified backend boundary (1.160708ms)
✔ every Stage 1 web consumer authorizes through company-access contracts (130.312541ms)
✔ stale admission evidence gets a truthful restart route (0.610417ms)
✔ precheck and definitive eligibility use public generated-client calls (41.508125ms)
✔ company-year admission is authenticated and carries the exact immutable boundary (0.5845ms)
✔ company-year recheck is authenticated, trigger-bound, and fail-closed decoded (0.519125ms)
✔ the functional public journey owns no policy, direct fetch, or business persistence (7.4335ms)
✔ preview sends original facts and returns authoritative normalized payload and account lines (30.381083ms)
✔ capture keeps released path and stable identity without retrying an ambiguous outcome (1.041833ms)
✔ generated preview guard rejects malformed backend output (0.581958ms)
✔ generated preview guard rejects malformed backend output (0.359666ms)
✔ generated preview guard rejects malformed backend output (0.377917ms)
✔ Archive read preserves all source fields and conceals malformed or foreign output as a failed source (3.2915ms)
✔ the recheck helper carries future serialized triggers through the API (0.957583ms)
✔ a blocked recheck stops the consequential operation and preserves its next step (0.281167ms)
✔ missing admission and provider failure both fail closed (0.167792ms)
✔ registration failure removes every newly persisted governance document (1.082917ms)
✔ registration failure preserves cleanup failures for reconciliation (0.183583ms)
✔ governance errors expose stable Norwegian owner guidance (0.536625ms)
✔ shareholder-loan form presentation explains treatment without exposing posting policy (0.461917ms)
✔ shareholder-loan errors never fall through to dividend guidance (0.102875ms)
✔ only transport and server failures preserve an unknown-outcome retry (0.083083ms)
✔ decision-facts transport sends only identity and accepts the generated response (67.096834ms)
✔ owner-dividend lifecycle transport preserves path and idempotency evidence (6.528708ms)
✔ owner-dividend transport rejects malformed lifecycle responses (6.5655ms)
✔ shareholder-loan transport preserves identity and rejects malformed responses (0.38525ms)
✔ document presentation is a transport-only shape conversion (0.82625ms)
✔ signed upload uses exactly the backend-issued object and finalizes once (37.175542ms)
✔ an ambiguous signed-transfer error is not blindly finalized (0.68225ms)
✔ invitation login continuation accepts only same-origin absolute paths (0.576958ms)
✔ investments transport uses generated routes, auth, idempotency, and opaque paging (32.867166ms)
✔ investment unit reads reject lossy wire values (0.992ms)
✔ investment position reads preserve contract-declared lifecycle movement facts (0.261583ms)
✔ investment unit presentation stays decimal-string exact (0.1815ms)
✔ investments presentation maps canonical wire facts without owning policy (1.036667ms)
✔ investments errors preserve retry identity only for unknown outcomes (9.159042ms)
✔ investment actions require explicit owner and dividend attestations (1.754792ms)
✔ investment wizard controls can shrink inside the mobile grid (1.985042ms)
✔ side-effect identity is deterministic, actor-scoped, and purpose-scoped (2.284084ms)
✔ two actors can reuse one operation id without losing audit evidence (0.839792ms)
✔ same-actor retry reconciles exact rows and recovers an audit failure (0.406667ms)
✔ foreign rows are not an oracle because actor-derived ids never trigger their lookup (0.125417ms)
✔ ledger audit identity is deterministic and actor scoped (0.80325ms)
✔ ledger audit replay reconciles the exact immutable row (0.184042ms)
✔ ledger audit failure cannot be reported as success (0.284542ms)
✔ an in-progress idempotent command preserves its operation id for retry (0.95525ms)
✔ ledger errors keep the frozen plain-Norwegian guidance (0.18525ms)
✔ year-scoped opening transport sends one exact company/year read and preserves zero or one row (21.586125ms)
✔ year-scoped opening transport rejects another year without a broader or repeated read (0.630209ms)
✔ year-scoped opening transport rejects another company without a broader or repeated read (4.901833ms)
✔ year-scoped opening transport rejects multiple snapshots without a broader or repeated read (0.44225ms)
✔ year-scoped opening transport rejects a continuation page without a broader or repeated read (0.278875ms)
✔ year-scoped opening transport rejects a hidden continuation cursor without a broader or repeated read (0.250709ms)
✔ year-scoped opening transport rejects an incomplete page without a broader or repeated read (0.256042ms)
✔ year-scoped opening transport rejects inconsistent share capital without a broader or repeated read (3.826458ms)
✔ year-scoped opening transport rejects a holder bound to another setup without a broader or repeated read (0.355542ms)
✔ year-scoped opening transport rejects inconsistent shareholder totals without a broader or repeated read (0.246ms)
✔ opening-snapshot transport chunks companies and follows opaque pages (1.149917ms)
✔ opening-snapshot compatibility projection preserves the frozen shape (0.148125ms)
✔ opening-snapshot decoders reject malformed collections and invariants (0.700875ms)
✔ ledger query transport follows opaque pages through the generated client (0.58025ms)
✔ reconstruction readiness comes from the generated backend contract (0.443291ms)
✔ current company-year close comes from the generated read-only backend contract (0.347166ms)
✔ company-year close presentation distinguishes stale and blocked assessments (0.085292ms)
✔ generated reconstruction decoder rejects unknown gap codes (0.15425ms)
✔ generated reconstruction decoder preserves historical null and rejects partial bindings (0.306958ms)
✔ generated company-year close decoder rejects unknown gap codes (0.120375ms)
✔ generated ledger query rejects a partial expanded source pair (0.20675ms)
✔ source-aware ledger query fails closed against a source-unaware backend (0.188875ms)
✔ source-aware ledger queries opt into the expanded response (0.140125ms)
✔ ledger mutation transport injects decimal money and idempotency headers (0.217875ms)
✔ administrative-cost transport requires exact purpose-bound success evidence (0.436375ms)
✔ new-year start uses the generated atomic workflow without exposing ledger lines (0.195542ms)
✔ new-year start rejects malformed or non-opening success evidence (0.197875ms)
✔ opening setup action has no direct business persistence or duplicate posting policy (0.721875ms)
✔ manual journals and period locks reconcile their frozen audit continuation (0.440041ms)
✔ ledger presentation maps generated facts without recreating posting policy (0.324917ms)
✔ opening entries recover their setup identity from canonical ledger source facts (0.216541ms)
✔ archive presentation preserves the complete frozen ledger row projection (0.099375ms)
✔ ledger period-lock transport returns an empty result without a backend call (0.057625ms)
✔ every approved ledger-coordinator form submits one operation ID (1.021167ms)
✔ client action wizards keep one stable operation ID for their mounted form (0.081041ms)
✔ ledger retry IDs are plumbed only to the matching page form (0.3075ms)
✔ all relocated transactional writers use the stable operation ID at the generated boundary (0.559041ms)
✔ share purchases and sales use the investments generated interface (0.21725ms)
✔ share-sale wizard submits intent without duplicating authoritative FIFO policy (0.076125ms)
✔ committed retries reach the coordinator before mutable legacy state can reject them (0.378583ms)
✔ unknown coordinator outcomes preserve only the scoped retry operation (0.576959ms)
✔ apps/web/tests/ledger-writer-transport.test.mjs (189.887125ms)
✔ consented anonymous funnel events accept only the bounded public vocabulary (1.251791ms)
✔ the first-party endpoint records one consented event without caching it (17.050083ms)
✔ the generated backend client receives only an irreversible session hash (2.426459ms)
✔ consent withdrawal deletes the bounded anonymous session through the same origin (0.586417ms)
✔ the beacon-compatible POST endpoint accepts only the bounded withdrawal command (4.505709ms)
✔ the first-party endpoint rejects an oversized chunked body while streaming (3.938209ms)
✔ the browser creates no optional storage before explicit consent and expires it after thirty minutes (0.260167ms)
✔ funnel producers emit only a bounded event from an active consent session (2.208084ms)
✔ the operator view consumes aggregate report fields without exposing raw identifiers (15.389667ms)
✔ consent presentation uses accurate session wording and equal choices (35.347ms)
✔ support entry authorizes before protected reads and preserves its recovery destination (80.496875ms)
✔ marketing entry authorizes before protected reads and preserves its recovery destination (20.582292ms)
✔ failed case or annual read suppresses ancillary reads, mutation controls and protected evidence (47.61825ms)
✔ malformed or duplicate case/cursor selection never triggers protected page loaders (52.642666ms)
✔ authorized support-role entry retains ordinary support and marketing behavior (17.183875ms)
✔ presentation shell leaves scoped auth recovery to each page without mutating the session (4.068333ms)
✔ page access preserves missing/rejected sessions, provider errors and both authorized operator roles (18.571167ms)
✔ complete operator selection survives login and MFA without losing either cursor (24.246583ms)
✔ malformed, duplicate and orphan operator selection cannot invoke protected loaders (146.795208ms)
✔ late selected-target failure keeps full recovery destination and suppresses ancillary controls (40.285833ms)
✔ owner AAL2 is distinguished from other context failures without weakening the gate (2.817375ms)
✔ owner MFA inspection chooses enrollment, challenge, or verified state and fails closed (0.247083ms)
✔ enrollment and verification expose no provider errors and only resume after confirmed AAL2 (0.35575ms)
✔ explicit fresh MFA intent challenges an existing AAL2 session without a browser age decision (0.1525ms)
✔ owner transition is reachable after company-year admission and exposes an accessible, Norwegian MFA gate (9.940791ms)
✔ the public offer stays in free recruitment mode with one eligibility action (1.002125ms)
✔ the three-step eligibility explanation keeps its visual order for assistive technology (0.085084ms)
✔ the static homepage renders every required offer field in the approved order (0.20075ms)
✔ the recruitment homepage presents the approved annual offer exactly (0.078958ms)
✔ the public offer carries the approved proof links, minimum FAQ, and final eligibility invitation (10.927167ms)
✔ the complete public company-year promise is pinned to the canonical manifest (0.123209ms)
✔ live claims and checkout deny by default and every ad stop rule is binding (0.241916ms)
✔ the indexable public route set carries canonical metadata and no live overclaim (0.843292ms)
✔ explicit reauthentication displays the login form despite a backend-rejected but valid Supabase session (21.889625ms)
✔ ordinary signed-in login and signup redirects and unconfirmed-user gate remain intact (80.260083ms)
✔ signIn preserves explicit reauthentication and next through failures (19.334333ms)
✔ signInWithGoogle preserves explicit reauthentication and next through failures (8.13275ms)
✔ successful password login consumes recovery intent; ordinary unconfirmed credentials keep verification recovery (3.565167ms)
✔ Google startup carries recovery through its callback URL (1.621042ms)
✔ the Google form carries the same explicit recovery intent as password sign-in (3.390542ms)
✔ denied, missing, failed and unavailable OAuth callbacks return to an actionable recovery login (43.662125ms)
✔ successful callback returns to the scoped page while ordinary email confirmation failure is unchanged (5.125625ms)
✔ retained history reads keep every requested company and all years with authenticated no-store transport (24.862875ms)
✔ archive source requests exactly one company/year and retains company-wide review facts (1.138583ms)
✔ archive source rejects company without silently broadening or dropping evidence (0.718541ms)
✔ archive source rejects year without silently broadening or dropping evidence (0.457708ms)
✔ archive source rejects preview-company without silently broadening or dropping evidence (0.421375ms)
✔ archive source rejects preview-year without silently broadening or dropping evidence (0.371334ms)
✔ archive source rejects duplicate-preview without silently broadening or dropping evidence (0.328125ms)
✔ archive source rejects comment-company without silently broadening or dropping evidence (0.34275ms)
✔ archive source rejects duplicate-comment without silently broadening or dropping evidence (0.363125ms)
✔ archive source rejects nested-issue without silently broadening or dropping evidence (0.350833ms)
✔ archive source rejects extra-workspace-field without silently broadening or dropping evidence (1.520542ms)
✔ year-bound archive decoding does not relax the unchanged all-history workspace decoder (0.617333ms)
✔ workspace rejects company instead of presenting a successful partial history (0.208667ms)
✔ workspace rejects child-company instead of presenting a successful partial history (0.168667ms)
✔ workspace rejects duplicate instead of presenting a successful partial history (0.166542ms)
✔ workspace rejects year instead of presenting a successful partial history (0.184875ms)
✔ workspace rejects invalid-status instead of presenting a successful partial history (0.143083ms)
✔ preview generation sends only original input identities and rejects a misbound audit scope (0.306959ms)
✔ a preview read cannot substitute another aggregate (0.189667ms)
✔ shipped Send and recovery generated contracts keep exact paths and nullable recovery result (0.279708ms)
✔ presentation preserves nested original payload/manifest bytes and field names (0.176166ms)
✔ canonical invalid approval input and stale MFA retain existing owner guidance codes (0.085917ms)
✔ canonical ownership fallback requires exact not-found (404/SHAREHOLDER_REGISTER_FILING_NOT_FOUND) (2.926ms)
✔ canonical ownership fallback requires exact not-found (404/OTHER_NOT_FOUND) (1.295542ms)
✔ canonical ownership fallback requires exact not-found (403/SHAREHOLDER_REGISTER_FILING_FORBIDDEN) (0.244166ms)
✔ canonical ownership fallback requires exact not-found (503/SHAREHOLDER_REGISTER_FILING_UNAVAILABLE) (0.217333ms)
✔ presents the generated tracer response as a safe Norwegian success (0.8555ms)
✔ presents transport failures without leaking exception details (0.095541ms)
✔ generated client accepts the declared success shape (18.970542ms)
✔ generated client maps the typed correlation option to the declared header (0.637875ms)
✔ generated client fails closed on an undeclared success shape (0.460083ms)
✔ generated client rejects an availability value outside the closed contract (0.286167ms)
✔ missing backend configuration fails closed with a typed error (0.1885ms)
✔ web liveness stays process-only while readiness fails invalid configuration (0.328083ms)
✔ web readiness validates local configuration without depending on backend reachability (0.229417ms)
✔ Authority Connections retirement leaves no web authority signing, token or credential transport (46.064042ms)
✔ the four standalone authority commands execute backend modules and retain their public command names (0.688666ms)
✔ authority and RF facades are retired while later filing owners retain their frozen records (1.214833ms)
✔ company-year admission validates explicit authority and every immutable document before the generated command (10.400208ms)
✔ the customer sees and explicitly accepts the complete pinned promise (1.288125ms)
✔ legacy AS-only creation controls are absent (6.13575ms)
✔ owner layout replaces children with an accessible reacceptance gate (2.372292ms)
✔ Server Action reaccepts through the authenticated generated-client boundary (0.475084ms)
ℹ tests 219
ℹ suites 0
ℹ pass 219
ℹ fail 0
ℹ cancelled 0
ℹ skipped 0
ℹ todo 0
ℹ duration_ms 1448.519542
✔ addFilingOverride uses canonical ownership even when a public RF mirror exists (38.979666ms)
✔ addFilingOverride fails closed before any legacy effect when canonical ownership is unavailable (5.516375ms)
✔ addFilingReviewComment uses canonical ownership even when a public RF mirror exists (3.60425ms)
✔ addFilingReviewComment fails closed before any legacy effect when canonical ownership is unavailable (3.178625ms)
✔ acknowledgeFilingReviewComment uses canonical ownership even when a public RF mirror exists (2.668375ms)
✔ acknowledgeFilingReviewComment fails closed before any legacy effect when canonical ownership is unavailable (2.32775ms)
✔ addFilingOverride preserves the sibling validator, writer and subsequent audit (3.038584ms)
✔ addFilingReviewComment preserves the sibling validator, writer and subsequent audit (2.53025ms)
✔ acknowledgeFilingReviewComment preserves the sibling validator, writer and subsequent audit (5.253333ms)
✔ RF simulation delegates all five retired persistence effects before its unchanged audit (2.196666ms)
✔ confirmAuthorityPermission preserves step-up and audit for RF (2.0335ms)
✔ confirmAuthorityPermission preserves step-up and audit for sibling (1.6535ms)
✔ recordAuthorityTestEvidence preserves step-up and audit for RF (2.015917ms)
✔ recordAuthorityTestEvidence preserves step-up and audit for sibling (2.011292ms)
✔ failed RF source preserves explicit unavailable state and never returns successful partial facts (35.555333ms)
✔ composition replaces overlap mirrors by identity and preserves sibling records and ordering (13.493666ms)
✔ one scoped source read supplies every family without substituting a current year (5.327375ms)
✔ workspace RF backend refuses hosted database before opening a listener (142.47475ms)
✔ workspace RF backend refuses hosted Supabase before opening a listener (133.850084ms)
✔ workspace RF backend refuses global RF activation before opening a listener (121.992917ms)
✔ workspace RF backend refuses global operator activation before opening a listener (124.792375ms)
✔ workspace RF backend refuses ambient credential before opening a listener (124.926959ms)
✔ workspace API requests use the actual current Supabase session and exact denial statuses (6.098417ms)
✔ feedback fixture refuses hosted databases and undeclared operations before actor or SQL effects (1.167625ms)
✔ feedback fixture verifies the token owner before reading membership or connecting an actor database session (0.406834ms)
✔ workspace RF assertions use canonical commands and preserve sibling tax and audit rehearsals (0.790167ms)
✔ fixture access refuses external databases and undeclared relations before SQL (0.603125ms)
✔ fixture restores exact USER trigger modes on success without disabling foreign keys (0.701875ms)
✔ fixture restores exact USER trigger modes on rollback without disabling foreign keys (0.198041ms)
✔ fresh RF fixture permits only its five exact method templates and loopback egress (153.123917ms)
✔ fresh local RF mock preserves request identity and emits relationship-bound feedback (45.321167ms)
✔ fresh browser starts without a preview or approval and verifies the complete durable result (2.19125ms)
✔ ambiguous fresh mock response records the original mutation before disconnecting (5.688833ms)
✔ fresh RF browser uses finite fixture authority while preserving foreign keys and signoff storage (0.512291ms)
✔ fresh RF basis binds every opening row to its existing owner without seeding filing success (1.118ms)
✔ fresh RF cleanup removes scoped public mirrors before openings (success) (2.262792ms)
✔ fresh RF cleanup removes scoped public mirrors before openings (failure preserved) (0.864875ms)
✔ fresh signoff fixture restores exact prior rows and USER triggers (success) (9.7275ms)
✔ fresh signoff fixture restores exact prior rows and USER triggers (seed) (0.963459ms)
✔ fresh signoff fixture restores exact prior rows and USER triggers (restore) (0.836333ms)
ℹ tests 40
ℹ suites 0
ℹ pass 40
ℹ fail 0
ℹ cancelled 0
ℹ skipped 0
ℹ todo 0
ℹ duration_ms 784.11
