
> talli-repository@0.1.0 test:architecture
> node --test tests/architecture_foundation.test.mjs

✔ Python architecture inspection consumes one framed request without waiting for EOF (40.676917ms)
✔ architecture manifests, scoped documentation, and dependency evidence agree (26359.295458ms)
✔ architecture evidence is deterministic and committed output is current (22917.912875ms)
✔ legacy facades cannot shrink without current-source deletion proof (50.778333ms)
✔ resource-owner deletion-only shrink may change only the affected operation (4.886125ms)
✔ ledger #139 may relocate only the owner-approved atomic coordinator scopes (15.99075ms)
✔ #192 retirement permits only all four exact frozen deletions and all three whole actions (19.598834ms)
✔ pending foundation recovery blocks facade and migration changes (5.457417ms)
✔ the frozen baseline is traceable to the pre-existing compatibility registry (1.695334ms)
✔ legacy source proofs reject added writers and changed future operations (1.362875ms)
✔ legacy facades block stage exit and fail after their capability has exited (1.092375ms)
✔ completed stages require two consecutive complete-gate attestations (1.709709ms)
✔ active-stage debt keeps the fourteen-day, stable-release, and one-successor limits (1.296792ms)
✔ compatibility records cannot suppress authorization or other non-suppressible failures (0.802625ms)
✔ active-stage debt requires bounded expiry and a removal condition (7.172792ms)
✔ active-stage debt must expire strictly after the controlled current time (1.411542ms)
✔ active-stage debt cannot outlive fourteen days or the next stable release (5.704208ms)
✔ active-stage debt rejects semantically impossible timestamps (7.677666ms)
✔ a fabricated release revision is rejected against the real tag target (82736.493334ms)
✔ a lightweight customer-ready tag is rejected as a stable release (35368.660875ms)
✔ reachable annotated releases with equal tagger timestamps fail closed (36318.69275ms)
✔ a stale release selection is rejected after a later reachable tag (34637.341667ms)
✔ a real stable customer-ready release after approval revokes active-stage debt (32156.415541ms)
✔ module test evidence cannot assign one path to multiple ownership categories (12240.103958ms)
✔ schema constraints and declared public exports are enforced (13700.4775ms)
✔ backend workflow routes and public request exports reconcile in both directions (11889.585583ms)
✔ database catalog and declared public import paths are authoritative (12191.71075ms)
✔ database compatibility resources are globally unambiguous (40248.137209ms)
✔ staged contract table retirement requires an empty-table preflight and rollback (49451.488ms)
✔ multiline web persistence requires an explicit rule-scoped exception (24413.729583ms)
✔ web persistence exceptions match exact path, rule, AST-derived resource, and operation (22755.755833ms)
✔ compatibility operations map to their serialized future tickets (3.985ms)
✔ the immutable frozen inventory remains exact while the active registry is a proven subset (2.136125ms)
✔ #192 keeps the immutable four-scope inventory and rejects stale clients, moved writers and dynamic additions (12784.778917ms)
✔ #200 removes the exact six support-search scopes atomically without changing the frozen baseline (14750.650625ms)
✔ company cancellation lifecycle is capability-owned with no direct-web compatibility (1.672458ms)
✔ anonymous object methods fail closed without merging separate call sites (12015.642667ms)
✔ compatibility scopes match the exact enclosing operation (11264.0325ms)
✔ compatibility scopes cannot overlap across future tickets (11296.207833ms)
✔ compatibility registry is complete in both directions (11634.176792ms)
✔ web boundary detection follows client provenance without flagging ordinary from methods (11031.299375ms)
✔ web boundary analysis follows compiler bindings, type aliases, and callable aliases (10904.078792ms)
✔ web boundary analysis preserves persistence and fetch provenance across imports and re-exports (11054.751583ms)
✔ web boundary analysis permits local fetch bindings and non-import generated-client text (11023.339083ms)
✔ generated-client deep imports are detected from every executable module-specifier form (12722.448083ms)
✔ generated-client deep imports reject ambiguous same-ticket exceptions (12615.498125ms)
✔ adapter bindings require source registration against the declared port (11365.200416ms)
✔ company access declares and injects its persistence and company-registry adapters (5.228458ms)
✔ adapter registration resolves decorator and port bindings to their declared public symbols (11142.71025ms)
✔ adapter registration accepts legitimate aliases of the declared public symbols (11570.239083ms)
✔ adapter registration validates the final effective top-level binding (22031.864875ms)
✔ backend composition, rule-scoped exceptions, documentation inventories, and shared kernel are enforced (11307.821209ms)
✔ architecture checker rejects representative forbidden boundary violations (10661.712792ms)
ℹ tests 53
ℹ suites 0
ℹ pass 53
ℹ fail 0
ℹ cancelled 0
ℹ skipped 0
ℹ todo 0
ℹ duration_ms 679557.935208
