✔ archive preserves every frozen mixed persistence chain exactly once and removes only both opening reads (19.543208ms)
✔ archive preserves original selected opening and shareholder fields through the joined owner projection (57.033041ms)
✔ a failing 2024 opening does not prevent a valid 2025 archive but still blocks the 2024 export (30.497958ms)
✔ RF-only archive preserves original nested payload identities, requested year and company-wide history (11.849667ms)
✔ RF authority evidence is limited to retained submission references without adding a generic persistence call (11.635375ms)
✔ mixed sibling chains retain their conditional authority read and overlap never duplicates RF rows (10.084125ms)
✔ unavailable rf source cannot complete the authoritative export (8.530167ms)
✔ unavailable opening source cannot complete the authoritative export (9.278333ms)
✔ unavailable filing_previews source cannot complete the authoritative export (8.965709ms)
✔ unavailable authority_permissions source cannot complete the authoritative export (10.222834ms)
✔ unavailable filing_review_comments source cannot complete the authoritative export (8.554875ms)
✔ unavailable audit_events source cannot complete the authoritative export (8.038ms)
✔ original submission and authority errors retain priority and effect order (16.91525ms)
✔ authentication and step-up precede every source and export effect {"user":false} (6.449167ms)
✔ authentication and step-up precede every source and export effect {"token":false} (7.337834ms)
✔ authentication and step-up precede every source and export effect {"mfa":false} (14.454875ms)
✔ empty retained history still rejects export and failed receipt never yields a downloadable archive (13.628416ms)
✔ an in-progress idempotent command preserves its operation id for retry (1.240917ms)
✔ ledger errors keep the frozen plain-Norwegian guidance (0.202208ms)
✔ year-scoped opening transport sends one exact company/year read and preserves zero or one row (29.151292ms)
✔ year-scoped opening transport rejects another year without a broader or repeated read (1.910292ms)
✔ year-scoped opening transport rejects another company without a broader or repeated read (0.38525ms)
✔ year-scoped opening transport rejects multiple snapshots without a broader or repeated read (0.328042ms)
✔ year-scoped opening transport rejects a continuation page without a broader or repeated read (0.275125ms)
✔ year-scoped opening transport rejects a hidden continuation cursor without a broader or repeated read (0.223958ms)
✔ year-scoped opening transport rejects an incomplete page without a broader or repeated read (0.246625ms)
✔ year-scoped opening transport rejects inconsistent share capital without a broader or repeated read (0.3135ms)
✔ year-scoped opening transport rejects a holder bound to another setup without a broader or repeated read (0.283958ms)
✔ year-scoped opening transport rejects inconsistent shareholder totals without a broader or repeated read (0.208209ms)
✔ opening-snapshot transport chunks companies and follows opaque pages (1.087166ms)
✔ opening-snapshot compatibility projection preserves the frozen shape (0.134917ms)
✔ opening-snapshot decoders reject malformed collections and invariants (0.687333ms)
✔ ledger query transport follows opaque pages through the generated client (0.526042ms)
✔ reconstruction readiness comes from the generated backend contract (0.440583ms)
✔ current company-year close comes from the generated read-only backend contract (0.336416ms)
✔ company-year close presentation distinguishes stale and blocked assessments (0.088084ms)
✔ generated reconstruction decoder rejects unknown gap codes (0.138291ms)
✔ generated reconstruction decoder preserves historical null and rejects partial bindings (0.276458ms)
✔ generated company-year close decoder rejects unknown gap codes (0.113583ms)
✔ generated ledger query rejects a partial expanded source pair (0.203667ms)
✔ source-aware ledger query fails closed against a source-unaware backend (0.192ms)
✔ source-aware ledger queries opt into the expanded response (0.152458ms)
✔ ledger mutation transport injects decimal money and idempotency headers (0.816666ms)
✔ administrative-cost transport requires exact purpose-bound success evidence (0.580541ms)
✔ new-year start uses the generated atomic workflow without exposing ledger lines (0.22875ms)
✔ new-year start rejects malformed or non-opening success evidence (0.205708ms)
✔ opening setup action has no direct business persistence or duplicate posting policy (1.195667ms)
✔ manual journals and period locks reconcile their frozen audit continuation (0.788125ms)
✔ ledger presentation maps generated facts without recreating posting policy (0.327291ms)
✔ opening entries recover their setup identity from canonical ledger source facts (0.231458ms)
✔ archive presentation preserves the complete frozen ledger row projection (0.111958ms)
✔ ledger period-lock transport returns an empty result without a backend call (0.071708ms)
✔ every approved ledger-coordinator form submits one operation ID (1.083417ms)
✔ client action wizards keep one stable operation ID for their mounted form (0.099042ms)
✔ ledger retry IDs are plumbed only to the matching page form (0.332083ms)
✔ all relocated transactional writers use the stable operation ID at the generated boundary (0.62825ms)
✔ share purchases and sales use the investments generated interface (0.215208ms)
✔ share-sale wizard submits intent without duplicating authoritative FIFO policy (0.078041ms)
✔ committed retries reach the coordinator before mutable legacy state can reject them (0.368625ms)
✔ unknown coordinator outcomes preserve only the scoped retry operation (0.6705ms)
ℹ tests 60
ℹ suites 0
ℹ pass 60
ℹ fail 0
ℹ cancelled 0
ℹ skipped 0
ℹ todo 0
ℹ duration_ms 557.301625
