
> talli-repository@0.1.0 test:boundary-web
> node --experimental-strip-types --test apps/web/tests/system-boundary-presentation.test.mjs apps/web/tests/banking-presentation.test.mjs apps/web/tests/banking-connection-presentation.test.mjs apps/web/tests/company-access-presentation.test.mjs apps/web/tests/company-access-administration.test.mjs apps/web/tests/company-access-cancellation.test.mjs apps/web/tests/company-access-onboarding.test.mjs apps/web/tests/company-access-stage-exit.test.mjs apps/web/tests/company-access-action-recovery.test.mjs apps/web/tests/company-eligibility.test.mjs apps/web/tests/company-year-eligibility-gate.test.mjs apps/web/tests/corporate-governance-draft-lifecycle.test.mjs apps/web/tests/corporate-governance-presentation.test.mjs apps/web/tests/corporate-governance-transport.test.mjs apps/web/tests/documents-presentation.test.mjs apps/web/tests/investments-presentation.test.mjs apps/web/tests/invitation-side-effects.test.mjs apps/web/tests/internal-redirect.test.mjs apps/web/tests/ledger-audit-side-effects.test.mjs apps/web/tests/ledger-presentation.test.mjs apps/web/tests/ledger-writer-transport.test.mjs apps/web/tests/marketing-measurement.test.mjs apps/web/tests/owner-mfa-transition.test.mjs apps/web/tests/reauthentication.test.mjs apps/web/tests/public-acquisition.test.mjs tests/customer_agreement_actions.test.mjs tests/customer_agreement_reacceptance_ui.test.mjs apps/web/tests/operator-read-recovery.test.mjs apps/web/tests/authority-connections-transport.test.mjs tests/authority_connections_retirement.test.mjs apps/web/tests/shareholder-register-filing-transport.test.mjs && node --test tests/rf1086_workspace_fixture_safety.test.mjs tests/shareholder_register_browser_fixture_safety.test.mjs

✔ company connection reads batch more than 100 memberships without dropping or trusting unrelated records (65.68775ms)
✔ authorityConnectionsStartSystemUserRequest carries only intent identity through authenticated no-store generated transport (0.530458ms)
✔ authorityConnectionsRetrySystemUserRequest carries only intent identity through authenticated no-store generated transport (0.250834ms)
✔ authorityConnectionsReconcileSystemUserRequest carries only intent identity through authenticated no-store generated transport (0.234542ms)
✔ callback generated transport forwards proof separately from its sole request identity (0.248458ms)
✔ generated authority result rejects unknown statuses and malformed response contracts (0.654125ms)
✔ generated operator mutation preserves exact audit identity and redacted response (0.766ms)
✔ technical signoff command has no recording actor or trusted timestamp (0.320292ms)
✔ connection presentation exposes only masked account, coverage and freshness (0.638959ms)
✔ recovery states give one calm next action and make missing coverage visible (0.118292ms)
✔ banking transport follows opaque pages through the generated client (39.883ms)
✔ bank file transport persists a backend preview before explicit acceptance (2.937916ms)
✔ banking presentation preserves the frozen consumer shape without recreating policy (1.257625ms)
✔ banking error presentation preserves retry identity only for unknown outcomes (0.255084ms)
✔ create_invitation:outbox remains reachable and recovery finishes without another command (16.939875ms)
✔ create_invitation:audit remains reachable and recovery finishes without another command (0.298792ms)
✔ accept_invitation:audit remains reachable and recovery finishes without another command (0.162084ms)
✔ revoke_invitation:audit remains reachable and recovery finishes without another command (0.228125ms)
✔ resend_invitation:outbox remains reachable and recovery finishes without another command (0.152ms)
✔ resend_invitation:audit remains reachable and recovery finishes without another command (0.815792ms)
✔ recovery actor comes from the server context and cannot claim another actor's continuation (0.154ms)
✔ delivery persistence is owned by atomic completion, never by a browser outbox insert (0.111709ms)
✔ company-access administration transport uses only generated client operations (64.187166ms)
✔ generated decoders fail closed on every unknown or token-shaped invitation field (0.992875ms)
✔ cancellation lifecycle transport uses generated operations with bearer and deadline (45.643833ms)
✔ generated cancellation decoders reject malformed optional fields, UUIDs, and timestamps (8.312333ms)
✔ generated review decoder enforces evidence-reference length bounds (0.402417ms)
✔ truncated successful command JSON becomes a typed 502 and preserves the operation (1.140084ms)
✔ every concurrent archive source failure trips the completion barrier (0.303583ms)
✔ actions preserve exact cancellation inputs for network and decoder failures (0.086709ms)
✔ web cancellation lifecycle has no direct Supabase persistence or caller-owned proof (10.985542ms)
✔ an unknown organization keeps the specific Enhetsregisteret guidance (0.581292ms)
✔ agreement reacceptance uses an authenticated generated-client request (27.772875ms)
✔ actions and agreement gates have no direct business-persistence facade (9.898542ms)
✔ company-access and system-boundary transports share typed fail-closed backend configuration (1.466417ms)
✔ both transports reject remote HTTP in every Node environment (0.35ms)
✔ company-access and system-boundary accept the same HTTPS and loopback origins (46.491083ms)
✔ company-access transport sends the established session only through the generated client (0.576208ms)
✔ the company-access app boundary owns its presentation model instead of a Supabase row DTO (11.908166ms)
✔ owner context preserves the admitted company-year and current safety gate (0.638292ms)
✔ company record presentation maps the generated camel-case contract to existing web registry facts (0.094625ms)
✔ company-access transport fails closed on a partial context response (1.794084ms)
✔ generated company-context decoder rejects lower assurance, lower scope, and non-owner roles (1.274958ms)
✔ company records and case-bound operator access use authenticated generated-client operations (6.534417ms)
✔ a verified user without an owner company reaches onboarding but other context failures stay closed (0.340333ms)
✔ system-user callback delegates relationship authorization to the verified backend boundary (1.35ms)
✔ every Stage 1 web consumer authorizes through company-access contracts (201.140166ms)
✔ stale admission evidence gets a truthful restart route (0.682ms)
✔ precheck and definitive eligibility use public generated-client calls (66.021542ms)
✔ company-year admission is authenticated and carries the exact immutable boundary (0.557084ms)
✔ company-year recheck is authenticated, trigger-bound, and fail-closed decoded (0.520625ms)
✔ the functional public journey owns no policy, direct fetch, or business persistence (14.687416ms)
✔ the recheck helper carries future serialized triggers through the API (0.977458ms)
✔ a blocked recheck stops the consequential operation and preserves its next step (0.288375ms)
✔ missing admission and provider failure both fail closed (0.160666ms)
✔ registration failure removes every newly persisted governance document (4.806417ms)
✔ registration failure preserves cleanup failures for reconciliation (0.205208ms)
✔ governance errors expose stable Norwegian owner guidance (0.54725ms)
✔ shareholder-loan form presentation explains treatment without exposing posting policy (0.471709ms)
✔ shareholder-loan errors never fall through to dividend guidance (0.100334ms)
✔ only transport and server failures preserve an unknown-outcome retry (0.076708ms)
✔ decision-facts transport sends only identity and accepts the generated response (50.22625ms)
✔ owner-dividend lifecycle transport preserves path and idempotency evidence (0.5705ms)
✔ owner-dividend transport rejects malformed lifecycle responses (0.498291ms)
✔ shareholder-loan transport preserves identity and rejects malformed responses (0.342375ms)
✔ document presentation is a transport-only shape conversion (0.881833ms)
✔ signed upload uses exactly the backend-issued object and finalizes once (21.031041ms)
✔ an ambiguous signed-transfer error is not blindly finalized (0.620958ms)
✔ invitation login continuation accepts only same-origin absolute paths (0.583833ms)
✔ investments transport uses generated routes, auth, idempotency, and opaque paging (135.488667ms)
✔ investment unit reads reject lossy wire values (1.042584ms)
✔ investment position reads preserve contract-declared lifecycle movement facts (63.451084ms)
✔ investment unit presentation stays decimal-string exact (0.263959ms)
✔ investments presentation maps canonical wire facts without owning policy (1.073125ms)
✔ investments errors preserve retry identity only for unknown outcomes (0.132667ms)
✔ investment actions require explicit owner and dividend attestations (5.632917ms)
✔ investment wizard controls can shrink inside the mobile grid (1.110208ms)
✔ side-effect identity is deterministic, actor-scoped, and purpose-scoped (0.944459ms)
✔ two actors can reuse one operation id without losing audit evidence (1.524333ms)
✔ same-actor retry reconciles exact rows and recovers an audit failure (0.447209ms)
✔ foreign rows are not an oracle because actor-derived ids never trigger their lookup (0.120708ms)
✔ ledger audit identity is deterministic and actor scoped (1.12475ms)
✔ ledger audit replay reconciles the exact immutable row (0.190333ms)
✔ ledger audit failure cannot be reported as success (0.292667ms)
✔ an in-progress idempotent command preserves its operation id for retry (0.872791ms)
✔ ledger errors keep the frozen plain-Norwegian guidance (0.505834ms)
✔ year-scoped opening transport sends one exact company/year read and preserves zero or one row (67.235584ms)
✔ year-scoped opening transport rejects another year without a broader or repeated read (1.9665ms)
✔ year-scoped opening transport rejects another company without a broader or repeated read (0.425666ms)
✔ year-scoped opening transport rejects multiple snapshots without a broader or repeated read (0.352833ms)
✔ year-scoped opening transport rejects a continuation page without a broader or repeated read (0.251166ms)
✔ year-scoped opening transport rejects a hidden continuation cursor without a broader or repeated read (0.232625ms)
✔ year-scoped opening transport rejects an incomplete page without a broader or repeated read (0.270541ms)
✔ year-scoped opening transport rejects inconsistent share capital without a broader or repeated read (0.350875ms)
✔ year-scoped opening transport rejects a holder bound to another setup without a broader or repeated read (0.32ms)
✔ year-scoped opening transport rejects inconsistent shareholder totals without a broader or repeated read (0.232625ms)
✔ opening-snapshot transport chunks companies and follows opaque pages (1.217875ms)
✔ opening-snapshot compatibility projection preserves the frozen shape (0.147625ms)
✔ opening-snapshot decoders reject malformed collections and invariants (0.674958ms)
✔ ledger query transport follows opaque pages through the generated client (1.0065ms)
✔ reconstruction readiness comes from the generated backend contract (0.534708ms)
✔ current company-year close comes from the generated read-only backend contract (0.4015ms)
✔ company-year close presentation distinguishes stale and blocked assessments (0.085708ms)
✔ generated reconstruction decoder rejects unknown gap codes (0.159042ms)
✔ generated reconstruction decoder preserves historical null and rejects partial bindings (0.293917ms)
✔ generated company-year close decoder rejects unknown gap codes (0.131959ms)
✔ generated ledger query rejects a partial expanded source pair (0.277542ms)
✔ source-aware ledger query fails closed against a source-unaware backend (0.297167ms)
✔ source-aware ledger queries opt into the expanded response (0.170417ms)
✔ ledger mutation transport injects decimal money and idempotency headers (0.263583ms)
✔ administrative-cost transport requires exact purpose-bound success evidence (0.549375ms)
✔ new-year start uses the generated atomic workflow without exposing ledger lines (0.236791ms)
✔ new-year start rejects malformed or non-opening success evidence (0.226958ms)
✔ opening setup action has no direct business persistence or duplicate posting policy (6.573375ms)
✔ manual journals and period locks reconcile their frozen audit continuation (0.520667ms)
✔ ledger presentation maps generated facts without recreating posting policy (0.311542ms)
✔ opening entries recover their setup identity from canonical ledger source facts (0.239709ms)
✔ archive presentation preserves the complete frozen ledger row projection (0.110625ms)
✔ ledger period-lock transport returns an empty result without a backend call (0.065666ms)
✔ every approved ledger-coordinator form submits one operation ID (21.232125ms)
✔ client action wizards keep one stable operation ID for their mounted form (0.350541ms)
✔ ledger retry IDs are plumbed only to the matching page form (0.428583ms)
✔ all relocated transactional writers use the stable operation ID at the generated boundary (0.655917ms)
✔ share purchases and sales use the investments generated interface (0.24725ms)
✔ share-sale wizard submits intent without duplicating authoritative FIFO policy (0.079792ms)
✔ committed retries reach the coordinator before mutable legacy state can reject them (0.364542ms)
✔ unknown coordinator outcomes preserve only the scoped retry operation (0.600666ms)
✔ apps/web/tests/ledger-writer-transport.test.mjs (249.438375ms)
✔ consented anonymous funnel events accept only the bounded public vocabulary (1.211583ms)
✔ the first-party endpoint records one consented event without caching it (33.787791ms)
✔ the generated backend client receives only an irreversible session hash (0.961875ms)
✔ consent withdrawal deletes the bounded anonymous session through the same origin (0.4625ms)
✔ the beacon-compatible POST endpoint accepts only the bounded withdrawal command (0.368833ms)
✔ the first-party endpoint rejects an oversized chunked body while streaming (1.993792ms)
✔ the browser creates no optional storage before explicit consent and expires it after thirty minutes (0.264708ms)
✔ funnel producers emit only a bounded event from an active consent session (0.142334ms)
✔ the operator view consumes aggregate report fields without exposing raw identifiers (49.846458ms)
✔ consent presentation uses accurate session wording and equal choices (32.1785ms)
✔ support entry authorizes before protected reads and preserves its recovery destination (95.752791ms)
✔ marketing entry authorizes before protected reads and preserves its recovery destination (20.952792ms)
✔ failed case or annual read suppresses ancillary reads, mutation controls and protected evidence (53.159625ms)
✔ malformed or duplicate case/cursor selection never triggers protected page loaders (56.255459ms)
✔ authorized support-role entry retains ordinary support and marketing behavior (15.472667ms)
✔ presentation shell leaves scoped auth recovery to each page without mutating the session (4.036459ms)
✔ page access preserves missing/rejected sessions, provider errors and both authorized operator roles (14.811042ms)
✔ complete operator selection survives login and MFA without losing either cursor (22.317916ms)
✔ malformed, duplicate and orphan operator selection cannot invoke protected loaders (149.148792ms)
✔ late selected-target failure keeps full recovery destination and suppresses ancillary controls (46.1075ms)
✔ owner AAL2 is distinguished from other context failures without weakening the gate (2.373292ms)
✔ owner MFA inspection chooses enrollment, challenge, or verified state and fails closed (0.451542ms)
✔ enrollment and verification expose no provider errors and only resume after confirmed AAL2 (37.887584ms)
✔ explicit fresh MFA intent challenges an existing AAL2 session without a browser age decision (6.650292ms)
✔ owner transition is reachable after company-year admission and exposes an accessible, Norwegian MFA gate (4.02275ms)
✔ the public offer stays in free recruitment mode with one eligibility action (1.026458ms)
✔ the three-step eligibility explanation keeps its visual order for assistive technology (0.089791ms)
✔ the static homepage renders every required offer field in the approved order (0.204708ms)
✔ the recruitment homepage presents the approved annual offer exactly (0.078083ms)
✔ the public offer carries the approved proof links, minimum FAQ, and final eligibility invitation (0.109458ms)
✔ the complete public company-year promise is pinned to the canonical manifest (1.851375ms)
✔ live claims and checkout deny by default and every ad stop rule is binding (0.29975ms)
✔ the indexable public route set carries canonical metadata and no live overclaim (2.082792ms)
✔ explicit reauthentication displays the login form despite a backend-rejected but valid Supabase session (22.780583ms)
✔ ordinary signed-in login and signup redirects and unconfirmed-user gate remain intact (94.390875ms)
✔ signIn preserves explicit reauthentication and next through failures (21.801959ms)
✔ signInWithGoogle preserves explicit reauthentication and next through failures (5.564167ms)
✔ successful password login consumes recovery intent; ordinary unconfirmed credentials keep verification recovery (3.968042ms)
✔ Google startup carries recovery through its callback URL (1.744417ms)
✔ the Google form carries the same explicit recovery intent as password sign-in (3.889ms)
✔ denied, missing, failed and unavailable OAuth callbacks return to an actionable recovery login (48.314875ms)
✔ successful callback returns to the scoped page while ordinary email confirmation failure is unchanged (5.3695ms)
✔ retained history reads keep every requested company and all years with authenticated no-store transport (17.128208ms)
✔ archive source requests exactly one company/year and retains company-wide review facts (1.125083ms)
✔ archive source rejects company without silently broadening or dropping evidence (0.67225ms)
✔ archive source rejects year without silently broadening or dropping evidence (0.42025ms)
✔ archive source rejects preview-company without silently broadening or dropping evidence (0.396167ms)
✔ archive source rejects preview-year without silently broadening or dropping evidence (0.366458ms)
✔ archive source rejects duplicate-preview without silently broadening or dropping evidence (0.320917ms)
✔ archive source rejects comment-company without silently broadening or dropping evidence (0.339375ms)
✔ archive source rejects duplicate-comment without silently broadening or dropping evidence (0.363417ms)
✔ archive source rejects nested-issue without silently broadening or dropping evidence (0.349292ms)
✔ archive source rejects extra-workspace-field without silently broadening or dropping evidence (1.438792ms)
✔ year-bound archive decoding does not relax the unchanged all-history workspace decoder (0.845417ms)
✔ workspace rejects company instead of presenting a successful partial history (0.29425ms)
✔ workspace rejects child-company instead of presenting a successful partial history (0.200958ms)
✔ workspace rejects duplicate instead of presenting a successful partial history (0.201042ms)
✔ workspace rejects year instead of presenting a successful partial history (0.220583ms)
✔ workspace rejects invalid-status instead of presenting a successful partial history (0.726667ms)
✔ preview generation sends only original input identities and rejects a misbound audit scope (1.308292ms)
✔ a preview read cannot substitute another aggregate (0.398667ms)
✔ shipped Send and recovery generated contracts keep exact paths and nullable recovery result (0.36725ms)
✔ presentation preserves nested original payload/manifest bytes and field names (0.223042ms)
✔ canonical invalid approval input and stale MFA retain existing owner guidance codes (0.097625ms)
✔ presents the generated tracer response as a safe Norwegian success (0.904209ms)
✔ presents transport failures without leaking exception details (0.111417ms)
✔ generated client accepts the declared success shape (28.440667ms)
✔ generated client maps the typed correlation option to the declared header (1.088458ms)
✔ generated client fails closed on an undeclared success shape (0.628375ms)
✔ generated client rejects an availability value outside the closed contract (0.386334ms)
✔ missing backend configuration fails closed with a typed error (0.230209ms)
✔ web liveness stays process-only while readiness fails invalid configuration (0.593208ms)
✔ web readiness validates local configuration without depending on backend reachability (0.468958ms)
✔ Authority Connections retirement leaves no web authority signing, token or credential transport (56.604333ms)
✔ the four standalone authority commands execute backend modules and retain their public command names (1.590792ms)
✔ the authority facade is retired while later filing owners retain their frozen records (1.243208ms)
✔ company-year admission validates explicit authority and every immutable document before the generated command (6.915167ms)
✔ the customer sees and explicitly accepts the complete pinned promise (4.845041ms)
✔ legacy AS-only creation controls are absent (4.723666ms)
✔ owner layout replaces children with an accessible reacceptance gate (1.257875ms)
✔ Server Action reaccepts through the authenticated generated-client boundary (0.477666ms)
ℹ tests 209
ℹ suites 0
ℹ pass 209
ℹ fail 0
ℹ cancelled 0
ℹ skipped 0
ℹ todo 0
ℹ duration_ms 1630.585875
✔ workspace RF backend refuses hosted database before opening a listener (130.913958ms)
✔ workspace RF backend refuses hosted Supabase before opening a listener (132.8925ms)
✔ workspace RF backend refuses global RF activation before opening a listener (125.901583ms)
✔ workspace RF backend refuses global operator activation before opening a listener (126.270875ms)
✔ workspace RF backend refuses ambient credential before opening a listener (130.687917ms)
✔ workspace API requests use the actual current Supabase session and exact denial statuses (6.448833ms)
✔ feedback fixture refuses hosted databases and undeclared operations before actor or SQL effects (1.262459ms)
✔ feedback fixture verifies the token owner before reading membership or connecting an actor database session (0.393667ms)
✔ workspace RF assertions use canonical commands and preserve sibling tax and audit rehearsals (0.781708ms)
✔ fixture access refuses external databases and undeclared relations before SQL (0.395084ms)
✔ fixture restores exact USER trigger modes on success without disabling foreign keys (0.57825ms)
✔ fixture restores exact USER trigger modes on rollback without disabling foreign keys (0.180417ms)
✔ fresh RF fixture permits only its five exact method templates and loopback egress (191.437125ms)
✔ fresh local RF mock preserves request identity and emits relationship-bound feedback (42.633125ms)
✔ fresh browser starts without a preview or approval and verifies the complete durable result (0.894209ms)
✔ ambiguous fresh mock response records the original mutation before disconnecting (4.870375ms)
✔ fresh RF browser uses finite fixture authority while preserving foreign keys and signoff storage (0.508166ms)
✔ fresh RF cleanup removes scoped public mirrors before openings (success) (1.436375ms)
✔ fresh RF cleanup removes scoped public mirrors before openings (failure preserved) (0.76475ms)
✔ fresh signoff fixture restores exact prior rows and USER triggers (success) (9.460792ms)
✔ fresh signoff fixture restores exact prior rows and USER triggers (seed) (0.875333ms)
✔ fresh signoff fixture restores exact prior rows and USER triggers (restore) (1.083417ms)
ℹ tests 22
ℹ suites 0
ℹ pass 22
ℹ fail 0
ℹ cancelled 0
ℹ skipped 0
ℹ todo 0
ℹ duration_ms 797.896458
