
> talli-repository@0.1.0 test:archive
> node --experimental-strip-types --test tests/archive_export.test.mjs && node --experimental-strip-types --test apps/web/tests/archive-rf1086-source.test.mjs

✔ builds company-year archive from persisted workspace rows (3.019417ms)
✔ archive download fetches only sanitized authority runs linked by submission id (0.953084ms)
✔ archive ledger facts come through the generated capability query with a frozen projection (0.778ms)
ℹ tests 3
ℹ suites 0
ℹ pass 3
ℹ fail 0
ℹ cancelled 0
ℹ skipped 0
ℹ todo 0
ℹ duration_ms 96.875709
✔ archive preserves every frozen mixed persistence chain exactly once and removes only both opening reads (19.446792ms)
✔ archive preserves original selected opening and shareholder fields through the joined owner projection (60.492833ms)
✔ a failing 2024 opening does not prevent a valid 2025 archive but still blocks the 2024 export (30.151666ms)
✔ RF-only archive preserves original nested payload identities, requested year and company-wide history (12.527ms)
✔ actual generated RF archive transport isolates a malformed 2024 preview from the valid 2025 download (29.270542ms)
✔ RF authority evidence is limited to retained submission references without adding a generic persistence call (9.715292ms)
✔ mixed sibling chains retain their conditional authority read and overlap never duplicates RF rows (10.664292ms)
✔ unavailable rf source cannot complete the authoritative export (9.002084ms)
✔ unavailable opening source cannot complete the authoritative export (10.847458ms)
✔ unavailable filing_previews source cannot complete the authoritative export (8.920417ms)
✔ unavailable authority_permissions source cannot complete the authoritative export (8.709583ms)
✔ unavailable filing_review_comments source cannot complete the authoritative export (9.4985ms)
✔ unavailable audit_events source cannot complete the authoritative export (7.621667ms)
✔ original submission and authority errors retain priority and effect order (13.945917ms)
✔ authentication and step-up precede every source and export effect {"user":false} (9.905875ms)
✔ authentication and step-up precede every source and export effect {"token":false} (6.620209ms)
✔ authentication and step-up precede every source and export effect {"mfa":false} (6.967166ms)
✔ empty retained history still rejects export and failed receipt never yields a downloadable archive (13.619834ms)
ℹ tests 18
ℹ suites 0
ℹ pass 18
ℹ fail 0
ℹ cancelled 0
ℹ skipped 0
ℹ todo 0
ℹ duration_ms 555.758041
