
> talli-repository@0.1.0 test:boundary-web
> node --experimental-strip-types --test apps/web/tests/system-boundary-presentation.test.mjs apps/web/tests/banking-presentation.test.mjs apps/web/tests/banking-connection-presentation.test.mjs apps/web/tests/company-access-presentation.test.mjs apps/web/tests/company-access-administration.test.mjs apps/web/tests/company-access-cancellation.test.mjs apps/web/tests/company-access-onboarding.test.mjs apps/web/tests/company-access-stage-exit.test.mjs apps/web/tests/company-access-action-recovery.test.mjs apps/web/tests/company-eligibility.test.mjs apps/web/tests/company-year-eligibility-gate.test.mjs apps/web/tests/corporate-governance-draft-lifecycle.test.mjs apps/web/tests/corporate-governance-presentation.test.mjs apps/web/tests/corporate-governance-transport.test.mjs apps/web/tests/documents-presentation.test.mjs apps/web/tests/investments-presentation.test.mjs apps/web/tests/invitation-side-effects.test.mjs apps/web/tests/internal-redirect.test.mjs apps/web/tests/ledger-audit-side-effects.test.mjs apps/web/tests/ledger-presentation.test.mjs apps/web/tests/ledger-writer-transport.test.mjs apps/web/tests/marketing-measurement.test.mjs apps/web/tests/owner-mfa-transition.test.mjs apps/web/tests/reauthentication.test.mjs apps/web/tests/public-acquisition.test.mjs tests/customer_agreement_actions.test.mjs tests/customer_agreement_reacceptance_ui.test.mjs apps/web/tests/operator-read-recovery.test.mjs apps/web/tests/authority-connections-transport.test.mjs tests/authority_connections_retirement.test.mjs apps/web/tests/shareholder-register-filing-transport.test.mjs && node --test tests/rf1086_workspace_fixture_safety.test.mjs tests/shareholder_register_browser_fixture_safety.test.mjs

✔ company connection reads batch more than 100 memberships without dropping or trusting unrelated records (64.069625ms)
✔ authorityConnectionsStartSystemUserRequest carries only intent identity through authenticated no-store generated transport (0.461375ms)
✔ authorityConnectionsRetrySystemUserRequest carries only intent identity through authenticated no-store generated transport (0.261958ms)
✔ authorityConnectionsReconcileSystemUserRequest carries only intent identity through authenticated no-store generated transport (0.229209ms)
✔ callback generated transport forwards proof separately from its sole request identity (0.263083ms)
✔ generated authority result rejects unknown statuses and malformed response contracts (0.677917ms)
✔ generated operator mutation preserves exact audit identity and redacted response (0.788ms)
✔ technical signoff command has no recording actor or trusted timestamp (0.341ms)
✔ connection presentation exposes only masked account, coverage and freshness (0.669291ms)
✔ recovery states give one calm next action and make missing coverage visible (0.1225ms)
✔ banking transport follows opaque pages through the generated client (32.651083ms)
✔ bank file transport persists a backend preview before explicit acceptance (4.862417ms)
✔ banking presentation preserves the frozen consumer shape without recreating policy (0.689958ms)
✔ banking error presentation preserves retry identity only for unknown outcomes (0.153666ms)
✔ create_invitation:outbox remains reachable and recovery finishes without another command (1.946041ms)
✔ create_invitation:audit remains reachable and recovery finishes without another command (0.18275ms)
✔ accept_invitation:audit remains reachable and recovery finishes without another command (0.144334ms)
✔ revoke_invitation:audit remains reachable and recovery finishes without another command (4.576ms)
✔ resend_invitation:outbox remains reachable and recovery finishes without another command (0.224ms)
✔ resend_invitation:audit remains reachable and recovery finishes without another command (11.012958ms)
✔ recovery actor comes from the server context and cannot claim another actor's continuation (2.657833ms)
✔ delivery persistence is owned by atomic completion, never by a browser outbox insert (1.058416ms)
✔ company-access administration transport uses only generated client operations (27.618ms)
✔ generated decoders fail closed on every unknown or token-shaped invitation field (14.011667ms)
✔ cancellation lifecycle transport uses generated operations with bearer and deadline (59.244042ms)
✔ generated cancellation decoders reject malformed optional fields, UUIDs, and timestamps (20.862375ms)
✔ generated review decoder enforces evidence-reference length bounds (9.046ms)
✔ truncated successful command JSON becomes a typed 502 and preserves the operation (1.433583ms)
✔ every concurrent archive source failure trips the completion barrier (0.617ms)
✔ actions preserve exact cancellation inputs for network and decoder failures (0.217875ms)
✔ web cancellation lifecycle has no direct Supabase persistence or caller-owned proof (4.092ms)
✔ an unknown organization keeps the specific Enhetsregisteret guidance (0.4805ms)
✔ agreement reacceptance uses an authenticated generated-client request (52.503417ms)
✔ actions and agreement gates have no direct business-persistence facade (10.601583ms)
✔ company-access and system-boundary transports share typed fail-closed backend configuration (1.678625ms)
✔ both transports reject remote HTTP in every Node environment (0.567083ms)
✔ company-access and system-boundary accept the same HTTPS and loopback origins (28.205333ms)
✔ company-access transport sends the established session only through the generated client (0.67275ms)
✔ the company-access app boundary owns its presentation model instead of a Supabase row DTO (3.874667ms)
✔ owner context preserves the admitted company-year and current safety gate (1.701917ms)
✔ company record presentation maps the generated camel-case contract to existing web registry facts (0.119167ms)
✔ company-access transport fails closed on a partial context response (0.304125ms)
✔ generated company-context decoder rejects lower assurance, lower scope, and non-owner roles (0.470458ms)
✔ company records and case-bound operator access use authenticated generated-client operations (4.706792ms)
✔ a verified user without an owner company reaches onboarding but other context failures stay closed (0.332208ms)
✔ system-user callback delegates relationship authorization to the verified backend boundary (1.291916ms)
✔ every Stage 1 web consumer authorizes through company-access contracts (115.810792ms)
✔ stale admission evidence gets a truthful restart route (1.549959ms)
✔ precheck and definitive eligibility use public generated-client calls (33.764209ms)
✔ company-year admission is authenticated and carries the exact immutable boundary (0.599667ms)
✔ company-year recheck is authenticated, trigger-bound, and fail-closed decoded (0.505667ms)
✔ the functional public journey owns no policy, direct fetch, or business persistence (74.725292ms)
✔ the recheck helper carries future serialized triggers through the API (0.994416ms)
✔ a blocked recheck stops the consequential operation and preserves its next step (0.294375ms)
✔ missing admission and provider failure both fail closed (0.170084ms)
✔ registration failure removes every newly persisted governance document (1.394708ms)
✔ registration failure preserves cleanup failures for reconciliation (0.205125ms)
✔ governance errors expose stable Norwegian owner guidance (0.570334ms)
✔ shareholder-loan form presentation explains treatment without exposing posting policy (0.478458ms)
✔ shareholder-loan errors never fall through to dividend guidance (0.102208ms)
✔ only transport and server failures preserve an unknown-outcome retry (0.076833ms)
✔ decision-facts transport sends only identity and accepts the generated response (53.365916ms)
✔ owner-dividend lifecycle transport preserves path and idempotency evidence (0.500042ms)
✔ owner-dividend transport rejects malformed lifecycle responses (0.4735ms)
✔ shareholder-loan transport preserves identity and rejects malformed responses (0.328083ms)
✔ document presentation is a transport-only shape conversion (0.8955ms)
✔ signed upload uses exactly the backend-issued object and finalizes once (53.334458ms)
✔ an ambiguous signed-transfer error is not blindly finalized (0.646125ms)
✔ invitation login continuation accepts only same-origin absolute paths (1.593834ms)
✔ investments transport uses generated routes, auth, idempotency, and opaque paging (44.654458ms)
✔ investment unit reads reject lossy wire values (1.287083ms)
✔ investment position reads preserve contract-declared lifecycle movement facts (0.266291ms)
✔ investment unit presentation stays decimal-string exact (0.178417ms)
✔ investments presentation maps canonical wire facts without owning policy (64.544ms)
✔ investments errors preserve retry identity only for unknown outcomes (0.161333ms)
✔ investment actions require explicit owner and dividend attestations (15.048666ms)
✔ investment wizard controls can shrink inside the mobile grid (1.128208ms)
✔ side-effect identity is deterministic, actor-scoped, and purpose-scoped (2.278625ms)
✔ two actors can reuse one operation id without losing audit evidence (0.803792ms)
✔ same-actor retry reconciles exact rows and recovers an audit failure (4.575834ms)
✔ foreign rows are not an oracle because actor-derived ids never trigger their lookup (0.155417ms)
✔ ledger audit identity is deterministic and actor scoped (1.642167ms)
✔ ledger audit replay reconciles the exact immutable row (0.305542ms)
✔ ledger audit failure cannot be reported as success (1.35325ms)
✔ an in-progress idempotent command preserves its operation id for retry (0.777041ms)
✔ ledger errors keep the frozen plain-Norwegian guidance (0.152875ms)
✔ year-scoped opening transport sends one exact company/year read and preserves zero or one row (47.412708ms)
✔ year-scoped opening transport rejects another year without a broader or repeated read (4.107708ms)
✔ year-scoped opening transport rejects another company without a broader or repeated read (0.3955ms)
✔ year-scoped opening transport rejects multiple snapshots without a broader or repeated read (0.3295ms)
✔ year-scoped opening transport rejects a continuation page without a broader or repeated read (0.26525ms)
✔ year-scoped opening transport rejects a hidden continuation cursor without a broader or repeated read (0.243291ms)
✔ year-scoped opening transport rejects an incomplete page without a broader or repeated read (0.258584ms)
✔ year-scoped opening transport rejects inconsistent share capital without a broader or repeated read (0.920667ms)
✔ year-scoped opening transport rejects a holder bound to another setup without a broader or repeated read (0.366667ms)
✔ year-scoped opening transport rejects inconsistent shareholder totals without a broader or repeated read (0.285834ms)
✔ opening-snapshot transport chunks companies and follows opaque pages (1.576958ms)
✔ opening-snapshot compatibility projection preserves the frozen shape (0.166833ms)
✔ opening-snapshot decoders reject malformed collections and invariants (1.772625ms)
✔ ledger query transport follows opaque pages through the generated client (0.914083ms)
✔ reconstruction readiness comes from the generated backend contract (1.397667ms)
✔ current company-year close comes from the generated read-only backend contract (0.513875ms)
✔ company-year close presentation distinguishes stale and blocked assessments (0.106459ms)
✔ generated reconstruction decoder rejects unknown gap codes (0.196208ms)
✔ generated reconstruction decoder preserves historical null and rejects partial bindings (0.505709ms)
✔ generated company-year close decoder rejects unknown gap codes (0.169375ms)
✔ generated ledger query rejects a partial expanded source pair (0.266208ms)
✔ source-aware ledger query fails closed against a source-unaware backend (0.226875ms)
✔ source-aware ledger queries opt into the expanded response (0.164958ms)
✔ ledger mutation transport injects decimal money and idempotency headers (0.267292ms)
✔ administrative-cost transport requires exact purpose-bound success evidence (0.445833ms)
✔ new-year start uses the generated atomic workflow without exposing ledger lines (0.208583ms)
✔ new-year start rejects malformed or non-opening success evidence (0.215333ms)
✔ opening setup action has no direct business persistence or duplicate posting policy (1.006458ms)
✔ manual journals and period locks reconcile their frozen audit continuation (0.53575ms)
✔ ledger presentation maps generated facts without recreating posting policy (0.320209ms)
✔ opening entries recover their setup identity from canonical ledger source facts (0.229084ms)
✔ archive presentation preserves the complete frozen ledger row projection (0.166916ms)
✔ ledger period-lock transport returns an empty result without a backend call (0.101833ms)
✔ every approved ledger-coordinator form submits one operation ID (1.015959ms)
✔ client action wizards keep one stable operation ID for their mounted form (0.125125ms)
✔ ledger retry IDs are plumbed only to the matching page form (0.498625ms)
✔ all relocated transactional writers use the stable operation ID at the generated boundary (0.688875ms)
✔ share purchases and sales use the investments generated interface (0.2105ms)
✔ share-sale wizard submits intent without duplicating authoritative FIFO policy (0.079ms)
✔ committed retries reach the coordinator before mutable legacy state can reject them (0.375959ms)
✔ unknown coordinator outcomes preserve only the scoped retry operation (0.620916ms)
✔ apps/web/tests/ledger-writer-transport.test.mjs (181.670875ms)
✔ consented anonymous funnel events accept only the bounded public vocabulary (1.222959ms)
✔ the first-party endpoint records one consented event without caching it (64.36725ms)
✔ the generated backend client receives only an irreversible session hash (1.484208ms)
✔ consent withdrawal deletes the bounded anonymous session through the same origin (0.638625ms)
✔ the beacon-compatible POST endpoint accepts only the bounded withdrawal command (0.939208ms)
✔ the first-party endpoint rejects an oversized chunked body while streaming (1.52225ms)
✔ the browser creates no optional storage before explicit consent and expires it after thirty minutes (0.290417ms)
✔ funnel producers emit only a bounded event from an active consent session (0.146666ms)
✔ the operator view consumes aggregate report fields without exposing raw identifiers (5.669875ms)
✔ consent presentation uses accurate session wording and equal choices (1.89125ms)
✔ support entry authorizes before protected reads and preserves its recovery destination (86.709625ms)
✔ marketing entry authorizes before protected reads and preserves its recovery destination (20.575167ms)
✔ failed case or annual read suppresses ancillary reads, mutation controls and protected evidence (51.402875ms)
✔ malformed or duplicate case/cursor selection never triggers protected page loaders (52.911708ms)
✔ authorized support-role entry retains ordinary support and marketing behavior (14.738166ms)
✔ presentation shell leaves scoped auth recovery to each page without mutating the session (3.087542ms)
✔ page access preserves missing/rejected sessions, provider errors and both authorized operator roles (14.448958ms)
✔ complete operator selection survives login and MFA without losing either cursor (20.162584ms)
✔ malformed, duplicate and orphan operator selection cannot invoke protected loaders (146.324583ms)
✔ late selected-target failure keeps full recovery destination and suppresses ancillary controls (42.675125ms)
✔ owner AAL2 is distinguished from other context failures without weakening the gate (1.004292ms)
✔ owner MFA inspection chooses enrollment, challenge, or verified state and fails closed (0.228459ms)
✔ enrollment and verification expose no provider errors and only resume after confirmed AAL2 (0.347625ms)
✔ explicit fresh MFA intent challenges an existing AAL2 session without a browser age decision (0.152709ms)
✔ owner transition is reachable after company-year admission and exposes an accessible, Norwegian MFA gate (43.609708ms)
✔ the public offer stays in free recruitment mode with one eligibility action (1.039875ms)
✔ the three-step eligibility explanation keeps its visual order for assistive technology (0.086208ms)
✔ the static homepage renders every required offer field in the approved order (0.21275ms)
✔ the recruitment homepage presents the approved annual offer exactly (0.07925ms)
✔ the public offer carries the approved proof links, minimum FAQ, and final eligibility invitation (0.119917ms)
✔ the complete public company-year promise is pinned to the canonical manifest (9.788ms)
✔ live claims and checkout deny by default and every ad stop rule is binding (6.761458ms)
✔ the indexable public route set carries canonical metadata and no live overclaim (0.766042ms)
✔ explicit reauthentication displays the login form despite a backend-rejected but valid Supabase session (23.073708ms)
✔ ordinary signed-in login and signup redirects and unconfirmed-user gate remain intact (83.165792ms)
✔ signIn preserves explicit reauthentication and next through failures (19.727584ms)
✔ signInWithGoogle preserves explicit reauthentication and next through failures (10.784ms)
✔ successful password login consumes recovery intent; ordinary unconfirmed credentials keep verification recovery (3.877334ms)
✔ Google startup carries recovery through its callback URL (1.847833ms)
✔ the Google form carries the same explicit recovery intent as password sign-in (3.966792ms)
✔ denied, missing, failed and unavailable OAuth callbacks return to an actionable recovery login (45.138042ms)
✔ successful callback returns to the scoped page while ordinary email confirmation failure is unchanged (5.376875ms)
✔ retained history reads keep every requested company and all years with authenticated no-store transport (62.87075ms)
✔ archive source requests exactly one company/year and retains company-wide review facts (5.157625ms)
✔ archive source rejects company without silently broadening or dropping evidence (0.950792ms)
✔ archive source rejects year without silently broadening or dropping evidence (0.51ms)
✔ archive source rejects preview-company without silently broadening or dropping evidence (0.460708ms)
✔ archive source rejects preview-year without silently broadening or dropping evidence (0.439208ms)
✔ archive source rejects duplicate-preview without silently broadening or dropping evidence (0.384875ms)
✔ archive source rejects comment-company without silently broadening or dropping evidence (0.394334ms)
✔ archive source rejects duplicate-comment without silently broadening or dropping evidence (0.373333ms)
✔ archive source rejects nested-issue without silently broadening or dropping evidence (0.366042ms)
✔ archive source rejects extra-workspace-field without silently broadening or dropping evidence (2.039625ms)
✔ year-bound archive decoding does not relax the unchanged all-history workspace decoder (0.676667ms)
✔ workspace rejects company instead of presenting a successful partial history (0.200209ms)
✔ workspace rejects child-company instead of presenting a successful partial history (0.154459ms)
✔ workspace rejects duplicate instead of presenting a successful partial history (0.16125ms)
✔ workspace rejects year instead of presenting a successful partial history (0.956291ms)
✔ workspace rejects invalid-status instead of presenting a successful partial history (0.662334ms)
✔ preview generation sends only original input identities and rejects a misbound audit scope (1.252ms)
✔ a preview read cannot substitute another aggregate (0.258375ms)
✔ shipped Send and recovery generated contracts keep exact paths and nullable recovery result (0.328833ms)
✔ presentation preserves nested original payload/manifest bytes and field names (0.206916ms)
✔ canonical invalid approval input and stale MFA retain existing owner guidance codes (0.116417ms)
✔ presents the generated tracer response as a safe Norwegian success (1.5335ms)
✔ presents transport failures without leaking exception details (0.131833ms)
✔ generated client accepts the declared success shape (23.909125ms)
✔ generated client maps the typed correlation option to the declared header (0.68025ms)
✔ generated client fails closed on an undeclared success shape (0.459542ms)
✔ generated client rejects an availability value outside the closed contract (0.266209ms)
✔ missing backend configuration fails closed with a typed error (0.181334ms)
✔ web liveness stays process-only while readiness fails invalid configuration (0.523833ms)
✔ web readiness validates local configuration without depending on backend reachability (1.234584ms)
✔ Authority Connections retirement leaves no web authority signing, token or credential transport (55.371125ms)
✔ the four standalone authority commands execute backend modules and retain their public command names (0.869375ms)
✔ the authority facade is retired while later filing owners retain their frozen records (1.079667ms)
✔ company-year admission validates explicit authority and every immutable document before the generated command (5.685417ms)
✔ the customer sees and explicitly accepts the complete pinned promise (1.527833ms)
✔ legacy AS-only creation controls are absent (3.398833ms)
✔ owner layout replaces children with an accessible reacceptance gate (0.947084ms)
✔ Server Action reaccepts through the authenticated generated-client boundary (0.4005ms)
ℹ tests 209
ℹ suites 0
ℹ pass 209
ℹ fail 0
ℹ cancelled 0
ℹ skipped 0
ℹ todo 0
ℹ duration_ms 1668.154
✔ workspace RF backend refuses hosted database before opening a listener (166.525167ms)
✔ workspace RF backend refuses hosted Supabase before opening a listener (132.532541ms)
✔ workspace RF backend refuses global RF activation before opening a listener (126.129625ms)
✔ workspace RF backend refuses global operator activation before opening a listener (126.781375ms)
✔ workspace RF backend refuses ambient credential before opening a listener (131.716666ms)
✔ workspace API requests use the actual current Supabase session and exact denial statuses (6.792167ms)
✔ feedback fixture refuses hosted databases and undeclared operations before actor or SQL effects (1.323375ms)
✔ feedback fixture verifies the token owner before reading membership or connecting an actor database session (0.412208ms)
✔ workspace RF assertions use canonical commands and preserve sibling tax and audit rehearsals (1.613ms)
✔ fixture access refuses external databases and undeclared relations before SQL (0.505666ms)
✔ fixture restores exact USER trigger modes on success without disabling foreign keys (0.761959ms)
✔ fixture restores exact USER trigger modes on rollback without disabling foreign keys (0.201417ms)
✔ fresh RF fixture permits only its five exact method templates and loopback egress (234.120459ms)
✔ fresh local RF mock preserves request identity and emits relationship-bound feedback (43.333208ms)
✔ fresh browser starts without a preview or approval and verifies the complete durable result (1.376167ms)
✔ ambiguous fresh mock response records the original mutation before disconnecting (6.241041ms)
ℹ tests 16
ℹ suites 0
ℹ pass 16
ℹ fail 0
ℹ cancelled 0
ℹ skipped 0
ℹ todo 0
ℹ duration_ms 834.151125
