✔ authority fixture admits only exact local addresses and existing fixed owner provider requests (209.1005ms)
✔ authority fixture socket guard rejects external DNS and connections before network I/O (129.417667ms)
✔ mandatory authority browser uses real generated HTTP, backend-owned callback proof and scoped cleanup (0.7575ms)
✔ historical RF fixture admits two fixed GET templates and rejects business mutations (130.57ms)
✔ workspace RF backend refuses hosted database before opening a listener (138.093125ms)
✔ workspace RF backend refuses hosted Supabase before opening a listener (130.202125ms)
✔ workspace RF backend refuses global RF activation before opening a listener (131.34675ms)
✔ workspace RF backend refuses global operator activation before opening a listener (126.496375ms)
✔ workspace RF backend refuses ambient credential before opening a listener (126.962792ms)
✔ workspace API requests use the actual current Supabase session and exact denial statuses (4.507459ms)
✔ feedback fixture refuses hosted databases and undeclared operations before actor or SQL effects (2.500167ms)
✔ feedback fixture verifies the token owner before reading membership or connecting an actor database session (0.554666ms)
✔ workspace RF assertions use canonical commands and preserve sibling tax and audit rehearsals (0.823042ms)
✔ fixture access refuses external databases and undeclared relations before SQL (0.401792ms)
✔ fixture restores exact USER trigger modes on success without disabling foreign keys (0.601208ms)
✔ fixture restores exact USER trigger modes on rollback without disabling foreign keys (0.201ms)
ℹ tests 16
ℹ suites 0
ℹ pass 16
ℹ fail 0
ℹ cancelled 0
ℹ skipped 0
ℹ todo 0
ℹ duration_ms 789.822917
