✔ release gate covers pull requests and main with least privilege (13.640917ms)
✔ release gate runs every customer-readiness check before promotion (2.157167ms)
✔ manual release gates can retain linked immutable evidence (0.361417ms)
✔ database isolation uses the locked Python renderer environment (0.183625ms)
✔ database isolation runs the complete ledger contract lifecycle (0.32725ms)
✔ local immutable gate rejects tracked, staged, and untracked drift (828.784041ms)
✔ local immutable gate normalizes terminal output before recording it (0.446542ms)
✔ database harness restores generated drift and preserves failure semantics (7942.042333ms)
✔ browser owner rehearsal includes executable owned-process lifecycle coverage (1.339541ms)
✔ Vercel deploys the Next output near the owner-designated database (0.468334ms)
✔ backend boundary partitions every test across the ordinary, Billing and Authority mandatory lanes (11768.095459ms)
✔ mandatory Billing and Authority lifecycles refuse missing DB configuration before any test runner (12.698083ms)
✔ mandatory local lane preserves every predecessor before Billing and final Authority verification (2220.062458ms)
✔ rollback RF=false AU=v restores dependency order (0.373583ms)
✔ rollback RF=true AU=v restores dependency order (0.065ms)
✔ rollback RF=false AU=null restores dependency order (0.073792ms)
✔ rollback RF=true AU=null restores dependency order (0.076625ms)
✔ RF rollback failure prevents all predecessor mutations (0.307875ms)
✔ workspace retains AU and Ledger overlap for Billing and sibling consumers (0.085334ms)
✔ workspace refuses wrong Ledger topology {"ledger_kind":null,"ledger_setup":false} (0.060833ms)
✔ workspace refuses wrong Ledger topology {"ledger_kind":"r"} (0.0325ms)
✔ workspace refuses wrong Ledger topology {"ledger_setup":false} (0.056958ms)
✔ workspace refuses wrong Ledger topology {"opening_kind":null} (0.037958ms)
✔ final RF contract follows explicit final Ledger guard and owner recutover (0.10125ms)
✔ final refuses incomplete Ledger contract {"ledger_kind":"v","ledger_setup":true} (0.061083ms)
✔ final refuses incomplete Ledger contract {"ledger_kind":null,"ledger_setup":true} (0.034541ms)
✔ final refuses incomplete Ledger contract {"ledger_kind":"v","ledger_setup":false} (0.054375ms)
✔ dependency failure stops final sequence at migrations/20260909125113_legacy_rf1086_authority_relocation.sql (0.189667ms)
✔ dependency failure stops final sequence at migrations/20260909190548_shareholder_register_filing_capability.sql (0.1185ms)
✔ dependency failure stops final sequence at migrations/20260909190905_shareholder_register_filing_cutover.sql (0.091416ms)
✔ dependency failure stops final sequence at contract-migrations/20260909190955_shareholder_register_filing_contract.sql (0.084708ms)
✔ success is refused if SQL does not establish target state (0.104375ms)
✔ unexpected earlier owner topology fails before mutation (0.063334ms)
✔ unknown direction fails before even probing the database (0.063208ms)
✔ package partition retains every original file once (0.85275ms)
✔ complete local runner requires the fresh RF browser after historical recovery (0.550541ms)
✔ real shell stops at success and restores owned generated files (813.546083ms)
✔ real shell stops at topology:workspace and restores owned generated files (432.674333ms)
✔ real shell stops at npm:test:supabase-rf-workspace and restores owned generated files (422.413041ms)
✔ real shell stops at npm:test:browser-owner and restores owned generated files (431.560167ms)
✔ real shell stops at topology:rollback:2 and restores owned generated files (498.535ms)
✔ real shell stops at npm:test:ledger-hosted-migration-authority and restores owned generated files (547.119708ms)
✔ real shell stops at npm:test:billing-database-lifecycle and restores owned generated files (536.978458ms)
✔ real shell stops at topology:recutover and restores owned generated files (527.579917ms)
✔ real shell stops at npm:test:supabase-rf-feedback and restores owned generated files (536.910083ms)
✔ real shell stops at npm:test:browser-shareholder-register-filing and restores owned generated files (564.701041ms)
✔ expand migration adds append-only revision-bound deletion reviews (2.330833ms)
✔ request derives archive and source completeness inside one atomic RPC (0.869333ms)
✔ archive route and generation triggers share one complete source inventory (3.666833ms)
✔ expand deterministically supersedes and conceals legacy duplicates (1.264875ms)
✔ review is admin+AAL2 only, append-only, and cannot be self-approved by an owner (0.773ms)
✔ finalize re-derives prerequisites and requires exact approved review (0.461292ms)
✔ legacy export-required cancellations resume through a receipt-bound RPC (0.4005ms)
✔ archive receipt completion is server-only, one-time, expiring, and generation-bound (1.033667ms)
✔ direct lifecycle RPCs mirror strict request validation before receipts (0.682292ms)
✔ archive and reconciliation reject null income years explicitly (0.517084ms)
✔ review JSON is projected to the strict public response shape (0.238375ms)
✔ lifecycle commands use durable receipts and least-privilege RLS (0.949458ms)
✔ lifecycle mutations share operation-company-cancellation lock order (0.450667ms)
✔ unknown command outcomes reconcile behind the exact operation lock (0.558209ms)
✔ contract migration removes direct cancellation access only after generated-client cutover (0.495292ms)
✔ the release Supabase suite includes cancellation schema coverage (0.321208ms)
ℹ tests 62
ℹ suites 0
ℹ pass 62
ℹ fail 0
ℹ cancelled 0
ℹ skipped 0
ℹ todo 0
ℹ duration_ms 28265.67275
