✔ release gate covers pull requests and main with least privilege (34.6835ms)
✔ release gate runs every customer-readiness check before promotion (1.311375ms)
✔ manual release gates can retain linked immutable evidence (0.223375ms)
✔ database isolation uses the locked Python renderer environment (0.169666ms)
✔ database isolation runs the complete ledger contract lifecycle (0.345542ms)
✔ local immutable gate rejects tracked, staged, and untracked drift (649.99525ms)
✔ local immutable gate normalizes terminal output before recording it (0.30775ms)
✔ database harness restores generated drift and preserves failure semantics (5796.828959ms)
✔ browser owner rehearsal includes executable owned-process lifecycle coverage (1.295708ms)
✔ Vercel deploys the Next output near the owner-designated database (0.50475ms)
✔ backend boundary partitions every test across the ordinary, Billing and Authority mandatory lanes (11809.298834ms)
✔ mandatory Billing and Authority lifecycles refuse missing DB configuration before any test runner (11.181459ms)
✔ mandatory local lane preserves every predecessor before Billing and final Authority verification (1602.548875ms)
✔ rollback RF=false AU=v restores dependency order (0.390459ms)
✔ rollback RF=true AU=v restores dependency order (0.064417ms)
✔ rollback RF=false AU=null restores dependency order (0.113291ms)
✔ rollback RF=true AU=null restores dependency order (0.106375ms)
✔ RF rollback failure prevents all predecessor mutations (0.326125ms)
✔ workspace uses real owner overlap but never RF final contract (0.087292ms)
✔ workspace refuses wrong Ledger topology {"ledger_kind":null,"ledger_setup":false} (0.064792ms)
✔ workspace refuses wrong Ledger topology {"ledger_kind":"r"} (0.034542ms)
✔ workspace refuses wrong Ledger topology {"ledger_setup":false} (0.1145ms)
✔ workspace refuses wrong Ledger topology {"opening_kind":null} (0.065416ms)
✔ final RF contract follows explicit final Ledger guard and owner recutover (0.101458ms)
✔ final refuses incomplete Ledger contract {"ledger_kind":"v","ledger_setup":true} (0.112416ms)
✔ final refuses incomplete Ledger contract {"ledger_kind":null,"ledger_setup":true} (0.166167ms)
✔ final refuses incomplete Ledger contract {"ledger_kind":"v","ledger_setup":false} (0.06575ms)
✔ dependency failure stops final sequence at migrations/20260909125113_legacy_rf1086_authority_relocation.sql (0.13925ms)
✔ dependency failure stops final sequence at migrations/20260909190548_shareholder_register_filing_capability.sql (0.079583ms)
✔ dependency failure stops final sequence at migrations/20260909190905_shareholder_register_filing_cutover.sql (0.088333ms)
✔ dependency failure stops final sequence at contract-migrations/20260909190955_shareholder_register_filing_contract.sql (0.063917ms)
✔ success is refused if SQL does not establish target state (0.113625ms)
✔ unexpected earlier owner topology fails before mutation (0.053834ms)
✔ unknown direction fails before even probing the database (0.064791ms)
✔ package partition retains every original file once (0.377084ms)
✔ complete local runner requires the fresh RF browser after historical recovery (0.130667ms)
✔ real shell stops at success and restores owned generated files (575.381667ms)
✔ real shell stops at topology:workspace and restores owned generated files (488.649083ms)
✔ real shell stops at npm:test:supabase-rf-workspace and restores owned generated files (536.831416ms)
✔ real shell stops at npm:test:browser-owner and restores owned generated files (555.035625ms)
✔ real shell stops at topology:rollback:2 and restores owned generated files (490.665ms)
✔ real shell stops at npm:test:ledger-hosted-migration-authority and restores owned generated files (542.278167ms)
✔ real shell stops at npm:test:billing-database-lifecycle and restores owned generated files (541.152042ms)
✔ real shell stops at topology:recutover and restores owned generated files (519.015042ms)
✔ real shell stops at npm:test:supabase-rf-feedback and restores owned generated files (542.094458ms)
✔ real shell stops at npm:test:browser-shareholder-register-filing and restores owned generated files (530.525166ms)
✔ expand migration adds append-only revision-bound deletion reviews (2.529834ms)
✔ request derives archive and source completeness inside one atomic RPC (1.195375ms)
✔ archive route and generation triggers share one complete source inventory (3.762542ms)
✔ expand deterministically supersedes and conceals legacy duplicates (1.096792ms)
✔ review is admin+AAL2 only, append-only, and cannot be self-approved by an owner (0.696291ms)
✔ finalize re-derives prerequisites and requires exact approved review (0.47275ms)
✔ legacy export-required cancellations resume through a receipt-bound RPC (0.361958ms)
✔ archive receipt completion is server-only, one-time, expiring, and generation-bound (0.748ms)
✔ direct lifecycle RPCs mirror strict request validation before receipts (0.554125ms)
✔ archive and reconciliation reject null income years explicitly (0.294375ms)
✔ review JSON is projected to the strict public response shape (0.197375ms)
✔ lifecycle commands use durable receipts and least-privilege RLS (0.931083ms)
✔ lifecycle mutations share operation-company-cancellation lock order (0.438042ms)
✔ unknown command outcomes reconcile behind the exact operation lock (0.51075ms)
✔ contract migration removes direct cancellation access only after generated-client cutover (0.57125ms)
✔ the release Supabase suite includes cancellation schema coverage (0.335458ms)
ℹ tests 62
ℹ suites 0
ℹ pass 62
ℹ fail 0
ℹ cancelled 0
ℹ skipped 0
ℹ todo 0
ℹ duration_ms 25322.806834
