✔ release gate covers pull requests and main with least privilege (32.074125ms)
✔ release gate runs every customer-readiness check before promotion (1.322875ms)
✔ manual release gates can retain linked immutable evidence (0.301875ms)
✔ database isolation uses the locked Python renderer environment (0.176666ms)
✔ database isolation runs the complete ledger contract lifecycle (0.54675ms)
✔ local immutable gate rejects tracked, staged, and untracked drift (643.15875ms)
✔ local immutable gate normalizes terminal output before recording it (0.254209ms)
✔ database harness restores generated drift and preserves failure semantics (6030.023292ms)
✔ browser owner rehearsal includes executable owned-process lifecycle coverage (1.63175ms)
✔ Vercel deploys the Next output near the owner-designated database (0.503458ms)
✔ backend boundary partitions every test across the ordinary, Billing and Authority mandatory lanes (12034.294959ms)
✔ mandatory Billing and Authority lifecycles refuse missing DB configuration before any test runner (13.160458ms)
✔ mandatory local lane preserves every predecessor before Billing and final Authority verification (1677.93275ms)
✔ rollback RF=false AU=v restores dependency order (0.379709ms)
✔ rollback RF=true AU=v restores dependency order (0.077958ms)
✔ rollback RF=false AU=null restores dependency order (0.070541ms)
✔ rollback RF=true AU=null restores dependency order (0.063125ms)
✔ RF rollback failure prevents all predecessor mutations (0.286458ms)
✔ workspace uses real owner overlap but never RF final contract (0.085208ms)
✔ workspace refuses wrong Ledger topology {"ledger_kind":null,"ledger_setup":false} (0.057834ms)
✔ workspace refuses wrong Ledger topology {"ledger_kind":"r"} (0.034709ms)
✔ workspace refuses wrong Ledger topology {"ledger_setup":false} (0.052042ms)
✔ workspace refuses wrong Ledger topology {"opening_kind":null} (0.039958ms)
✔ final RF contract follows explicit final Ledger guard and owner recutover (0.092041ms)
✔ final refuses incomplete Ledger contract {"ledger_kind":"v","ledger_setup":true} (0.055208ms)
✔ final refuses incomplete Ledger contract {"ledger_kind":null,"ledger_setup":true} (0.035958ms)
✔ final refuses incomplete Ledger contract {"ledger_kind":"v","ledger_setup":false} (0.042208ms)
✔ dependency failure stops final sequence at migrations/20260909125113_legacy_rf1086_authority_relocation.sql (0.08075ms)
✔ dependency failure stops final sequence at migrations/20260909190548_shareholder_register_filing_capability.sql (0.072542ms)
✔ dependency failure stops final sequence at migrations/20260909190905_shareholder_register_filing_cutover.sql (0.07475ms)
✔ dependency failure stops final sequence at contract-migrations/20260909190955_shareholder_register_filing_contract.sql (0.072083ms)
✔ success is refused if SQL does not establish target state (0.084209ms)
✔ unexpected earlier owner topology fails before mutation (0.04675ms)
✔ unknown direction fails before even probing the database (0.061ms)
✔ package partition retains every original file once (0.976667ms)
✔ real shell stops at success and restores owned generated files (846.159875ms)
✔ real shell stops at topology:workspace and restores owned generated files (514.229708ms)
✔ real shell stops at npm:test:supabase-rf-workspace and restores owned generated files (527.810291ms)
✔ real shell stops at npm:test:browser-owner and restores owned generated files (533.42925ms)
✔ real shell stops at topology:rollback:2 and restores owned generated files (528.478958ms)
✔ real shell stops at npm:test:ledger-hosted-migration-authority and restores owned generated files (530.330042ms)
✔ real shell stops at npm:test:billing-database-lifecycle and restores owned generated files (534.859334ms)
✔ real shell stops at topology:recutover and restores owned generated files (537.832541ms)
✔ real shell stops at npm:test:supabase-rf-feedback and restores owned generated files (476.328875ms)
✔ expand migration adds append-only revision-bound deletion reviews (2.043666ms)
✔ request derives archive and source completeness inside one atomic RPC (0.809292ms)
✔ archive route and generation triggers share one complete source inventory (3.416291ms)
✔ expand deterministically supersedes and conceals legacy duplicates (1.365291ms)
✔ review is admin+AAL2 only, append-only, and cannot be self-approved by an owner (0.779792ms)
✔ finalize re-derives prerequisites and requires exact approved review (0.594542ms)
✔ legacy export-required cancellations resume through a receipt-bound RPC (0.498333ms)
✔ archive receipt completion is server-only, one-time, expiring, and generation-bound (0.891833ms)
✔ direct lifecycle RPCs mirror strict request validation before receipts (0.609625ms)
✔ archive and reconciliation reject null income years explicitly (0.318875ms)
✔ review JSON is projected to the strict public response shape (0.217917ms)
✔ lifecycle commands use durable receipts and least-privilege RLS (0.9555ms)
✔ lifecycle mutations share operation-company-cancellation lock order (0.346417ms)
✔ unknown command outcomes reconcile behind the exact operation lock (0.421709ms)
✔ contract migration removes direct cancellation access only after generated-client cutover (0.433125ms)
✔ the release Supabase suite includes cancellation schema coverage (0.245209ms)
ℹ tests 60
ℹ suites 0
ℹ pass 60
ℹ fail 0
ℹ cancelled 0
ℹ skipped 0
ℹ todo 0
ℹ duration_ms 25542.597333
