✔ archive preserves every frozen mixed persistence chain exactly once and removes only both opening reads (19.106667ms)
✔ archive preserves original selected opening and shareholder fields through the joined owner projection (57.782833ms)
✔ a failing 2024 opening does not prevent a valid 2025 archive but still blocks the 2024 export (28.712458ms)
✔ RF-only archive preserves original nested payload identities, requested year and company-wide history (12.562542ms)
✔ actual generated RF archive transport isolates a malformed 2024 preview from the valid 2025 download (24.570584ms)
✔ RF authority evidence is limited to retained submission references without adding a generic persistence call (8.723416ms)
✔ mixed sibling chains retain their conditional authority read and overlap never duplicates RF rows (9.437166ms)
✔ unavailable rf source cannot complete the authoritative export (9.707917ms)
✔ unavailable opening source cannot complete the authoritative export (10.367417ms)
✔ unavailable filing_previews source cannot complete the authoritative export (8.15925ms)
✔ unavailable authority_permissions source cannot complete the authoritative export (8.511084ms)
✔ unavailable filing_review_comments source cannot complete the authoritative export (9.627792ms)
✔ unavailable audit_events source cannot complete the authoritative export (6.70225ms)
✔ original submission and authority errors retain priority and effect order (13.470792ms)
✔ authentication and step-up precede every source and export effect {"user":false} (10.241333ms)
✔ authentication and step-up precede every source and export effect {"token":false} (6.645625ms)
✔ authentication and step-up precede every source and export effect {"mfa":false} (6.890875ms)
✔ empty retained history still rejects export and failed receipt never yields a downloadable archive (14.597458ms)
✔ retained history reads keep every requested company and all years with authenticated no-store transport (25.96725ms)
✔ archive source requests exactly one company/year and retains company-wide review facts (1.21475ms)
✔ archive source rejects company without silently broadening or dropping evidence (0.676084ms)
✔ archive source rejects year without silently broadening or dropping evidence (0.572958ms)
✔ archive source rejects preview-company without silently broadening or dropping evidence (0.476167ms)
✔ archive source rejects preview-year without silently broadening or dropping evidence (0.392958ms)
✔ archive source rejects duplicate-preview without silently broadening or dropping evidence (0.331041ms)
✔ archive source rejects comment-company without silently broadening or dropping evidence (0.34275ms)
✔ archive source rejects duplicate-comment without silently broadening or dropping evidence (0.367875ms)
✔ archive source rejects nested-issue without silently broadening or dropping evidence (0.59525ms)
✔ archive source rejects extra-workspace-field without silently broadening or dropping evidence (1.048666ms)
✔ year-bound archive decoding does not relax the unchanged all-history workspace decoder (0.590959ms)
✔ workspace rejects company instead of presenting a successful partial history (0.191ms)
✔ workspace rejects child-company instead of presenting a successful partial history (0.153333ms)
✔ workspace rejects duplicate instead of presenting a successful partial history (0.191083ms)
✔ workspace rejects year instead of presenting a successful partial history (0.2015ms)
✔ workspace rejects invalid-status instead of presenting a successful partial history (0.127584ms)
✔ preview generation sends only original input identities and rejects a misbound audit scope (0.286208ms)
✔ a preview read cannot substitute another aggregate (0.175292ms)
✔ shipped Send and recovery generated contracts keep exact paths and nullable recovery result (0.242333ms)
✔ presentation preserves nested original payload/manifest bytes and field names (0.186ms)
✔ canonical invalid approval input and stale MFA retain existing owner guidance codes (0.085333ms)
✔ builds company-year archive from persisted workspace rows (3.217625ms)
✔ archive download fetches only sanitized authority runs linked by submission id (1.237125ms)
✔ archive ledger facts come through the generated capability query with a frozen projection (0.909458ms)
ℹ tests 43
ℹ suites 0
ℹ pass 43
ℹ fail 0
ℹ cancelled 0
ℹ skipped 0
ℹ todo 0
ℹ duration_ms 537.870292
